Archive member included to satisfy reference by file (symbol)

C:\Users\satya\SimplicityStudio\v4_workspace\Satya-New\protocol\bluetooth\lib\EFR32BG13P\GCC\libbluetooth.a(bglib.c.obj)
                              ./main.o (gecko_stack_init)
C:\Users\satya\SimplicityStudio\v4_workspace\Satya-New\protocol\bluetooth\lib\EFR32BG13P\GCC\libbluetooth.a(gap.c.obj)
                              C:\Users\satya\SimplicityStudio\v4_workspace\Satya-New\protocol\bluetooth\lib\EFR32BG13P\GCC\libbluetooth.a(bglib.c.obj) (gap_reset_state)
C:\Users\satya\SimplicityStudio\v4_workspace\Satya-New\protocol\bluetooth\lib\EFR32BG13P\GCC\libbluetooth.a(gap_adv.c.obj)
                              C:\Users\satya\SimplicityStudio\v4_workspace\Satya-New\protocol\bluetooth\lib\EFR32BG13P\GCC\libbluetooth.a(gap.c.obj) (gap_adv_update)
C:\Users\satya\SimplicityStudio\v4_workspace\Satya-New\protocol\bluetooth\lib\EFR32BG13P\GCC\libbluetooth.a(gap_resolver.c.obj)
                              C:\Users\satya\SimplicityStudio\v4_workspace\Satya-New\protocol\bluetooth\lib\EFR32BG13P\GCC\libbluetooth.a(gap.c.obj) (gap_address_resolver_step)
C:\Users\satya\SimplicityStudio\v4_workspace\Satya-New\protocol\bluetooth\lib\EFR32BG13P\GCC\libbluetooth.a(gap_scan.c.obj)
                              C:\Users\satya\SimplicityStudio\v4_workspace\Satya-New\protocol\bluetooth\lib\EFR32BG13P\GCC\libbluetooth.a(gap.c.obj) (gap_status_set_scan_packet)
C:\Users\satya\SimplicityStudio\v4_workspace\Satya-New\protocol\bluetooth\lib\EFR32BG13P\GCC\libbluetooth.a(gatt.c.obj)
                              C:\Users\satya\SimplicityStudio\v4_workspace\Satya-New\protocol\bluetooth\lib\EFR32BG13P\GCC\libbluetooth.a(gap.c.obj) (gatt_init_connection)
C:\Users\satya\SimplicityStudio\v4_workspace\Satya-New\protocol\bluetooth\lib\EFR32BG13P\GCC\libbluetooth.a(gatt_db_minimal.c.obj)
                              C:\Users\satya\SimplicityStudio\v4_workspace\Satya-New\protocol\bluetooth\lib\EFR32BG13P\GCC\libbluetooth.a(gap_adv.c.obj) (gatt_db_handle_active)
C:\Users\satya\SimplicityStudio\v4_workspace\Satya-New\protocol\bluetooth\lib\EFR32BG13P\GCC\libbluetooth.a(gatt_server.c.obj)
                              C:\Users\satya\SimplicityStudio\v4_workspace\Satya-New\protocol\bluetooth\lib\EFR32BG13P\GCC\libbluetooth.a(gatt_db_minimal.c.obj) (gatt_server_send_attribute_value_event)
C:\Users\satya\SimplicityStudio\v4_workspace\Satya-New\protocol\bluetooth\lib\EFR32BG13P\GCC\libbluetooth.a(gecko_bgapi_dfu.c.obj)
                              ./main.o (gecko_bgapi_class_dfu_init)
C:\Users\satya\SimplicityStudio\v4_workspace\Satya-New\protocol\bluetooth\lib\EFR32BG13P\GCC\libbluetooth.a(gecko_bgapi_endpoint.c.obj)
                              ./main.o (gecko_bgapi_class_endpoint_init)
C:\Users\satya\SimplicityStudio\v4_workspace\Satya-New\protocol\bluetooth\lib\EFR32BG13P\GCC\libbluetooth.a(gecko_bgapi_flash.c.obj)
                              ./main.o (gecko_bgapi_class_flash_init)
C:\Users\satya\SimplicityStudio\v4_workspace\Satya-New\protocol\bluetooth\lib\EFR32BG13P\GCC\libbluetooth.a(gecko_bgapi_gap.c.obj)
                              ./main.o (gecko_bgapi_class_le_gap_init)
C:\Users\satya\SimplicityStudio\v4_workspace\Satya-New\protocol\bluetooth\lib\EFR32BG13P\GCC\libbluetooth.a(gecko_bgapi_gatt.c.obj)
                              ./main.o (gecko_bgapi_class_gatt_init)
C:\Users\satya\SimplicityStudio\v4_workspace\Satya-New\protocol\bluetooth\lib\EFR32BG13P\GCC\libbluetooth.a(gecko_bgapi_gatt_server.c.obj)
                              ./main.o (gecko_bgapi_class_gatt_server_init)
C:\Users\satya\SimplicityStudio\v4_workspace\Satya-New\protocol\bluetooth\lib\EFR32BG13P\GCC\libbluetooth.a(gecko_bgapi_hardware.c.obj)
                              ./main.o (gecko_bgapi_class_hardware_init)
C:\Users\satya\SimplicityStudio\v4_workspace\Satya-New\protocol\bluetooth\lib\EFR32BG13P\GCC\libbluetooth.a(gecko_bgapi_le_connection.c.obj)
                              ./main.o (gecko_bgapi_class_le_connection_init)
C:\Users\satya\SimplicityStudio\v4_workspace\Satya-New\protocol\bluetooth\lib\EFR32BG13P\GCC\libbluetooth.a(gecko_bgapi_sm.c.obj)
                              ./main.o (gecko_bgapi_class_sm_init)
C:\Users\satya\SimplicityStudio\v4_workspace\Satya-New\protocol\bluetooth\lib\EFR32BG13P\GCC\libbluetooth.a(gecko_bgapi_system.c.obj)
                              ./main.o (gecko_bgapi_class_system_init)
C:\Users\satya\SimplicityStudio\v4_workspace\Satya-New\protocol\bluetooth\lib\EFR32BG13P\GCC\libbluetooth.a(gecko_bgapi_test.c.obj)
                              ./main.o (gecko_bgapi_class_test_init)
C:\Users\satya\SimplicityStudio\v4_workspace\Satya-New\protocol\bluetooth\lib\EFR32BG13P\GCC\libbluetooth.a(gecko_endpoints.c.obj)
                              C:\Users\satya\SimplicityStudio\v4_workspace\Satya-New\protocol\bluetooth\lib\EFR32BG13P\GCC\libbluetooth.a(bglib.c.obj) (gecko_release_evt)
[...]
Memory Configuration

Name             Origin             Length             Attributes
FLASH_BOOTLOADER 0x0fe10000         0x00004000         xr
FLASH            0x00000000         0x0007f000         xr
RAM              0x20000000         0x00010000         xrw
*default*        0x00000000         0xffffffff

Linker script and memory map

LOAD c:/siliconlabs/simplicitystudio/v4/developer/toolchains/gnu_arm/7.2_2017q4/bin/../lib/gcc/arm-none-eabi/7.2.1/thumb/v7e-m/fpv4-sp/softfp/crti.o
LOAD c:/siliconlabs/simplicitystudio/v4/developer/toolchains/gnu_arm/7.2_2017q4/bin/../lib/gcc/arm-none-eabi/7.2.1/thumb/v7e-m/fpv4-sp/softfp/crtbegin.o
LOAD c:/siliconlabs/simplicitystudio/v4/developer/toolchains/gnu_arm/7.2_2017q4/bin/../lib/gcc/arm-none-eabi/7.2.1/../../../../arm-none-eabi/lib/thumb/v7e-m/fpv4-sp/softfp/crt0.o
START GROUP
LOAD ./application_properties.o
LOAD ./gatt_db.o
LOAD ./init_app.o
LOAD ./init_board.o
LOAD ./init_mcu.o
LOAD ./main.o
LOAD ./pti.o
LOAD ./hardware/kit/common/bsp/bsp_stk.o
LOAD ./hardware/kit/common/drivers/i2cspm.o
LOAD ./hardware/kit/common/drivers/mx25flash_spi.o
LOAD ./hardware/kit/common/drivers/si7013.o
LOAD ./hardware/kit/common/drivers/tempsens.o
LOAD ./hardware/kit/common/drivers/udelay.o
LOAD ./platform/Device/SiliconLabs/EFR32BG13P/Source/GCC/startup_efr32bg13p.o
LOAD ./platform/Device/SiliconLabs/EFR32BG13P/Source/system_efr32bg13p.o
LOAD ./platform/emdrv/sleep/src/sleep.o
LOAD ./platform/emlib/src/em_acmp.o
LOAD ./platform/emlib/src/em_adc.o
LOAD ./platform/emlib/src/em_aes.o
LOAD ./platform/emlib/src/em_assert.o
LOAD ./platform/emlib/src/em_burtc.o
LOAD ./platform/emlib/src/em_can.o
LOAD ./platform/emlib/src/em_cmu.o
LOAD ./platform/emlib/src/em_core.o
LOAD ./platform/emlib/src/em_cryotimer.o
LOAD ./platform/emlib/src/em_crypto.o
LOAD ./platform/emlib/src/em_csen.o
LOAD ./platform/emlib/src/em_dac.o
LOAD ./platform/emlib/src/em_dbg.o
LOAD ./platform/emlib/src/em_dma.o
LOAD ./platform/emlib/src/em_ebi.o
LOAD ./platform/emlib/src/em_emu.o
LOAD ./platform/emlib/src/em_gpcrc.o
LOAD ./platform/emlib/src/em_gpio.o
LOAD ./platform/emlib/src/em_i2c.o
LOAD ./platform/emlib/src/em_idac.o
LOAD ./platform/emlib/src/em_int.o
LOAD ./platform/emlib/src/em_lcd.o
LOAD ./platform/emlib/src/em_ldma.o
LOAD ./platform/emlib/src/em_lesense.o
LOAD ./platform/emlib/src/em_letimer.o
LOAD ./platform/emlib/src/em_leuart.o
LOAD ./platform/emlib/src/em_mpu.o
LOAD ./platform/emlib/src/em_msc.o
LOAD ./platform/emlib/src/em_opamp.o
LOAD ./platform/emlib/src/em_pcnt.o
LOAD ./platform/emlib/src/em_prs.o
LOAD ./platform/emlib/src/em_qspi.o
LOAD ./platform/emlib/src/em_rmu.o
LOAD ./platform/emlib/src/em_rtc.o
LOAD ./platform/emlib/src/em_rtcc.o
LOAD ./platform/emlib/src/em_system.o
LOAD ./platform/emlib/src/em_timer.o
LOAD ./platform/emlib/src/em_usart.o
LOAD ./platform/emlib/src/em_vcmp.o
LOAD ./platform/emlib/src/em_vdac.o
LOAD ./platform/emlib/src/em_wdog.o
LOAD ./src/cmu.o
LOAD ./src/gpio.o
LOAD ./src/letimer.o
LOAD ./src/sleep.o
LOAD C:\Users\satya\SimplicityStudio\v4_workspace\Satya-New\protocol\bluetooth\lib\EFR32BG13P\GCC\libmbedtls.a
LOAD C:\Users\satya\SimplicityStudio\v4_workspace\Satya-New\protocol\bluetooth\lib\EFR32BG13P\GCC\libpsstore.a
LOAD C:\Users\satya\SimplicityStudio\v4_workspace\Satya-New\protocol\bluetooth\lib\EFR32BG13P\GCC\binapploader.o
LOAD C:\Users\satya\SimplicityStudio\v4_workspace\Satya-New\protocol\bluetooth\lib\EFR32BG13P\GCC\libbluetooth.a
LOAD C:\Users\satya\SimplicityStudio\v4_workspace\Satya-New\platform\radio\rail_lib\autogen\librail_release\librail_efr32xg13_gcc_release.a
LOAD c:/siliconlabs/simplicitystudio/v4/developer/toolchains/gnu_arm/7.2_2017q4/bin/../lib/gcc/arm-none-eabi/7.2.1/../../../../arm-none-eabi/lib/thumb/v7e-m/fpv4-sp/softfp\libm.a
END GROUP
START GROUP
LOAD c:/siliconlabs/simplicitystudio/v4/developer/toolchains/gnu_arm/7.2_2017q4/bin/../lib/gcc/arm-none-eabi/7.2.1/thumb/v7e-m/fpv4-sp/softfp\libgcc.a
LOAD c:/siliconlabs/simplicitystudio/v4/developer/toolchains/gnu_arm/7.2_2017q4/bin/../lib/gcc/arm-none-eabi/7.2.1/../../../../arm-none-eabi/lib/thumb/v7e-m/fpv4-sp/softfp\libc_nano.a
LOAD c:/siliconlabs/simplicitystudio/v4/developer/toolchains/gnu_arm/7.2_2017q4/bin/../lib/gcc/arm-none-eabi/7.2.1/../../../../arm-none-eabi/lib/thumb/v7e-m/fpv4-sp/softfp\libnosys.a
END GROUP
START GROUP
LOAD c:/siliconlabs/simplicitystudio/v4/developer/toolchains/gnu_arm/7.2_2017q4/bin/../lib/gcc/arm-none-eabi/7.2.1/thumb/v7e-m/fpv4-sp/softfp\libgcc.a
LOAD c:/siliconlabs/simplicitystudio/v4/developer/toolchains/gnu_arm/7.2_2017q4/bin/../lib/gcc/arm-none-eabi/7.2.1/../../../../arm-none-eabi/lib/thumb/v7e-m/fpv4-sp/softfp\libg_nano.a
LOAD c:/siliconlabs/simplicitystudio/v4/developer/toolchains/gnu_arm/7.2_2017q4/bin/../lib/gcc/arm-none-eabi/7.2.1/../../../../arm-none-eabi/lib/thumb/v7e-m/fpv4-sp/softfp\libc_nano.a
END GROUP
START GROUP
LOAD c:/siliconlabs/simplicitystudio/v4/developer/toolchains/gnu_arm/7.2_2017q4/bin/../lib/gcc/arm-none-eabi/7.2.1/thumb/v7e-m/fpv4-sp/softfp\libgcc.a
LOAD c:/siliconlabs/simplicitystudio/v4/developer/toolchains/gnu_arm/7.2_2017q4/bin/../lib/gcc/arm-none-eabi/7.2.1/../../../../arm-none-eabi/lib/thumb/v7e-m/fpv4-sp/softfp\libc_nano.a
END GROUP
LOAD c:/siliconlabs/simplicitystudio/v4/developer/toolchains/gnu_arm/7.2_2017q4/bin/../lib/gcc/arm-none-eabi/7.2.1/thumb/v7e-m/fpv4-sp/softfp/crtend.o
LOAD c:/siliconlabs/simplicitystudio/v4/developer/toolchains/gnu_arm/7.2_2017q4/bin/../lib/gcc/arm-none-eabi/7.2.1/thumb/v7e-m/fpv4-sp/softfp/crtn.o

.text_bootloader
                0x0fe10000        0x0
 *(.binbootloader*)
                0x0fe10000                . = ALIGN (0x4000)

.text_apploader
                0x00000000     0x8fc0
 *(.binapploader*)
 .binapploader  0x00000000     0x8fc0 C:\Users\satya\SimplicityStudio\v4_workspace\Satya-New\protocol\bluetooth\lib\EFR32BG13P\GCC\binapploader.o

.text_signature
                0x00008fc0       0x40
                0x00009000                . = ALIGN (0x800)
 *fill*         0x00008fc0       0x40 
                0x00009000                __text_start__ = .

.text_application
                0x00009000    0x21664
 *(.vectors)
 .vectors       0x00009000       0xfc ./platform/Device/SiliconLabs/EFR32BG13P/Source/GCC/startup_efr32bg13p.o
                0x00009000                __Vectors
                0x000090fc                __Vectors_End = .
                0x000000fc                __Vectors_Size = (__Vectors_End - __Vectors)
                0x000090fc                __end__ = .
 *(.application_properties)
 .application_properties
                0x000090fc       0x38 ./application_properties.o
                0x000090fc                applicationProperties
 *(.gecko_configuration)
 *(.xo_configuration)
 *(.gatt_header)
 .gatt_header   0x00009134       0x34 ./gatt_db.o
                0x00009134                bg_gattdb_data
 *(.gatt_data)
 .gatt_data     0x00009168      0x1c6 ./gatt_db.o
                0x00009168                bg_gattdb_data_adv_uuid128_map
                0x0000916c                bg_gattdb_data_adv_uuid16_map
                0x00009170                bg_gattdb_data_attributes_dynamic_mapping_map
                0x00009178                bg_gattdb_data_attributes_map
                0x0000925c                bg_gattdb_data_attribute_field_0
                0x00009260                bg_gattdb_data_attribute_field_1
                0x00009268                bg_gattdb_data_attribute_field_2
                0x00009270                bg_gattdb_data_attribute_field_4
                0x00009274                bg_gattdb_data_attribute_field_5
                0x0000927c                bg_gattdb_data_attribute_field_6
                0x00009284                bg_gattdb_data_attribute_field_7
                0x0000928c                bg_gattdb_data_attribute_field_8
                0x00009290                bg_gattdb_data_attribute_field_9
                0x00009294                bg_gattdb_data_attribute_field_10
                0x0000929c                bg_gattdb_data_attribute_field_11
                0x000092ac                bg_gattdb_data_attribute_field_12
                0x000092b0                bg_gattdb_data_attribute_field_13
                0x000092b8                bg_gattdb_data_attribute_field_14
                0x000092c0                bg_gattdb_data_attribute_field_16
                0x000092d4                bg_gattdb_data_attribute_field_17
                0x000092ec                bg_gattdb_data_attribute_field_18
                0x000092f4                bg_gattdb_data_uuidtable_128_map
                0x00009314                bg_gattdb_data_uuidtable_16_map
 *(.text*)
 *fill*         0x0000932e        0x2 
 .text          0x00009330       0x40 c:/siliconlabs/simplicitystudio/v4/developer/toolchains/gnu_arm/7.2_2017q4/bin/../lib/gcc/arm-none-eabi/7.2.1/thumb/v7e-m/fpv4-sp/softfp/crtbegin.o
 .text          0x00009370       0x74 c:/siliconlabs/simplicitystudio/v4/developer/toolchains/gnu_arm/7.2_2017q4/bin/../lib/gcc/arm-none-eabi/7.2.1/../../../../arm-none-eabi/lib/thumb/v7e-m/fpv4-sp/softfp/crt0.o
                0x00009370                _start
                0x00009370                _mainCRTStartup
 .text.initBoard
                0x000093e4       0x48 ./init_board.o
                0x000093e4                initBoard
 .text.initMcu  0x0000942c      0x104 ./init_mcu.o
                0x0000942c                initMcu
 .text.startup.main
                0x00009530       0x9c ./main.o
                0x00009530                main
 .text.MX25_init
                0x000095cc       0xa4 ./hardware/kit/common/drivers/mx25flash_spi.o
                0x000095cc                MX25_init
 .text.MX25_DP  0x00009670       0x60 ./hardware/kit/common/drivers/mx25flash_spi.o
                0x00009670                MX25_DP
 .text.Default_Handler
                0x000096d0        0x4 ./platform/Device/SiliconLabs/EFR32BG13P/Source/GCC/startup_efr32bg13p.o
                0x000096d0                DebugMon_Handler
                0x000096d0                USART0_TX_IRQHandler
                0x000096d0                I2C0_IRQHandler
                0x000096d0                HardFault_Handler
                0x000096d0                SysTick_Handler
                0x000096d0                USART1_RX_IRQHandler
                0x000096d0                PendSV_Handler
                0x000096d0                NMI_Handler
                0x000096d0                I2C1_IRQHandler
                0x000096d0                WTIMER0_IRQHandler
                0x000096d0                CRYPTO0_IRQHandler
                0x000096d0                WDOG0_IRQHandler
                0x000096d0                USART1_TX_IRQHandler
                0x000096d0                SMU_IRQHandler
                0x000096d0                MSC_IRQHandler
                0x000096d0                ADC0_IRQHandler
                0x000096d0                UsageFault_Handler
                0x000096d0                WDOG1_IRQHandler
                0x000096d0                LEUART0_IRQHandler
                0x000096d0                FPUEH_IRQHandler
                0x000096d0                GPIO_EVEN_IRQHandler
                0x000096d0                VDAC0_IRQHandler
                0x000096d0                LDMA_IRQHandler
                0x000096d0                CSEN_IRQHandler
                0x000096d0                CRYPTO1_IRQHandler
                0x000096d0                TIMER0_IRQHandler
                0x000096d0                TIMER1_IRQHandler
                0x000096d0                TRNG0_IRQHandler
                0x000096d0                USART2_RX_IRQHandler
                0x000096d0                Default_Handler
                0x000096d0                EMU_IRQHandler
                0x000096d0                CRYOTIMER_IRQHandler
                0x000096d0                PCNT0_IRQHandler
                0x000096d0                ACMP0_IRQHandler
                0x000096d0                USART0_RX_IRQHandler
                0x000096d0                MemManage_Handler
                0x000096d0                SVC_Handler
                0x000096d0                RTCC_IRQHandler
                0x000096d0                CMU_IRQHandler
                0x000096d0                GPIO_ODD_IRQHandler
                0x000096d0                LESENSE_IRQHandler
                0x000096d0                BusFault_Handler
                0x000096d0                USART2_TX_IRQHandler
                0x000096d0                IDAC0_IRQHandler
 .text.Reset_Handler
                0x000096d4       0x2c ./platform/Device/SiliconLabs/EFR32BG13P/Source/GCC/startup_efr32bg13p.o
                0x000096d4                Reset_Handler
 .text.SystemMaxCoreClockGet
                0x00009700        0x8 ./platform/Device/SiliconLabs/EFR32BG13P/Source/system_efr32bg13p.o
                0x00009700                SystemMaxCoreClockGet
 .text.SystemHFClockGet
                0x00009708       0x50 ./platform/Device/SiliconLabs/EFR32BG13P/Source/system_efr32bg13p.o
                0x00009708                SystemHFClockGet
 .text.SystemCoreClockGet
                0x00009758       0x24 ./platform/Device/SiliconLabs/EFR32BG13P/Source/system_efr32bg13p.o
                0x00009758                SystemCoreClockGet
 .text.SystemHFXOClockGet
                0x0000977c        0xc ./platform/Device/SiliconLabs/EFR32BG13P/Source/system_efr32bg13p.o
                0x0000977c                SystemHFXOClockGet
 .text.SystemHFXOClockSet
                0x00009788       0x3c ./platform/Device/SiliconLabs/EFR32BG13P/Source/system_efr32bg13p.o
                0x00009788                SystemHFXOClockSet
 .text.SystemInit
                0x000097c4       0x14 ./platform/Device/SiliconLabs/EFR32BG13P/Source/system_efr32bg13p.o
                0x000097c4                SystemInit
 .text.SystemLFRCOClockGet
                0x000097d8        0x8 ./platform/Device/SiliconLabs/EFR32BG13P/Source/system_efr32bg13p.o
                0x000097d8                SystemLFRCOClockGet
 .text.SystemULFRCOClockGet
                0x000097e0        0x8 ./platform/Device/SiliconLabs/EFR32BG13P/Source/system_efr32bg13p.o
                0x000097e0                SystemULFRCOClockGet
 .text.SystemLFXOClockGet
                0x000097e8        0xc ./platform/Device/SiliconLabs/EFR32BG13P/Source/system_efr32bg13p.o
                0x000097e8                SystemLFXOClockGet
 .text.SystemLFXOClockSet
                0x000097f4       0x3c ./platform/Device/SiliconLabs/EFR32BG13P/Source/system_efr32bg13p.o
                0x000097f4                SystemLFXOClockSet
 .text.sleepCallbackWrapper
                0x00009830       0x14 ./platform/emdrv/sleep/src/sleep.o
 .text.SLEEP_Init
                0x00009844       0x40 ./platform/emdrv/sleep/src/sleep.o
                0x00009844                SLEEP_Init
 .text.SLEEP_SleepBlockBegin
                0x00009884       0x28 ./platform/emdrv/sleep/src/sleep.o
                0x00009884                SLEEP_SleepBlockBegin
 .text.flashWaitStateControl
                0x000098ac       0x5c ./platform/emlib/src/em_cmu.o
 .text.flashWaitStateMax
                0x00009908       0x24 ./platform/emlib/src/em_cmu.o
 .text.CMU_OscillatorTuningSet.part.2
                0x0000992c       0x3c ./platform/emlib/src/em_cmu.o
 .text.CMU_UpdateWaitStates
                0x00009968       0x1c ./platform/emlib/src/em_cmu.o
                0x00009968                CMU_UpdateWaitStates
 .text.CMU_ClockEnable
                0x00009984       0x94 ./platform/emlib/src/em_cmu.o
                0x00009984                CMU_ClockEnable
 .text.CMU_ClockSelectGet
                0x00009a18       0xc4 ./platform/emlib/src/em_cmu.o
                0x00009a18                CMU_ClockSelectGet
 .text.lfClkGet
                0x00009adc       0x94 ./platform/emlib/src/em_cmu.o
 .text.CMU_ClockFreqGet
                0x00009b70      0x1a8 ./platform/emlib/src/em_cmu.o
                0x00009b70                CMU_ClockFreqGet
 .text.CMU_ClockPrescSet
                0x00009d18      0x288 ./platform/emlib/src/em_cmu.o
                0x00009d18                CMU_ClockPrescSet
 .text.CMU_ClockDivSet
                0x00009fa0        0x8 ./platform/emlib/src/em_cmu.o
                0x00009fa0                CMU_ClockDivSet
 .text.CMU_HFXOAutostartEnable
                0x00009fa8       0xc4 ./platform/emlib/src/em_cmu.o
                0x00009fa8                CMU_HFXOAutostartEnable
 .text.CMU_HFXOInit
                0x0000a06c       0x84 ./platform/emlib/src/em_cmu.o
                0x0000a06c                CMU_HFXOInit
 .text.CMU_LFXOInit
                0x0000a0f0       0x50 ./platform/emlib/src/em_cmu.o
                0x0000a0f0                CMU_LFXOInit
 .text.CMU_OscillatorTuningWait
                0x0000a140       0x48 ./platform/emlib/src/em_cmu.o
                0x0000a140                CMU_OscillatorTuningWait
 .text.CMU_OscillatorEnable
                0x0000a188      0x110 ./platform/emlib/src/em_cmu.o
                0x0000a188                CMU_OscillatorEnable
 .text.CMU_ClockSelectSet
                0x0000a298      0x278 ./platform/emlib/src/em_cmu.o
                0x0000a298                CMU_ClockSelectSet
 .text.CORE_EnterCritical
                0x0000a510        0x8 ./platform/emlib/src/em_core.o
                0x0000a510                CORE_EnterCritical
 .text.CORE_ExitCritical
                0x0000a518        0x8 ./platform/emlib/src/em_core.o
                0x0000a518                CORE_ExitCritical
 .text.CORE_AtomicDisableIrq
                0x0000a520        0x4 ./platform/emlib/src/em_core.o
                0x0000a520                CORE_AtomicDisableIrq
 .text.CORE_AtomicEnableIrq
                0x0000a524        0x4 ./platform/emlib/src/em_core.o
                0x0000a524                CORE_AtomicEnableIrq
 .text.CORE_EnterAtomic
                0x0000a528        0x8 ./platform/emlib/src/em_core.o
                0x0000a528                CORE_EnterAtomic
 .text.CORE_ExitAtomic
                0x0000a530        0x4 ./platform/emlib/src/em_core.o
                0x0000a530                CORE_ExitAtomic
 .text.CORE_SetNvicRamTableHandler
                0x0000a534       0x10 ./platform/emlib/src/em_core.o
                0x0000a534                CORE_SetNvicRamTableHandler
 .text.CORE_InitNvicVectorTable
                0x0000a544       0x44 ./platform/emlib/src/em_core.o
                0x0000a544                CORE_InitNvicVectorTable
 .text.CRYPTO_ModulusSet
                0x0000a588       0x38 ./platform/emlib/src/em_crypto.o
                0x0000a588                CRYPTO_ModulusSet
 .text.CRYPTO_KeyRead
                0x0000a5c0       0x2c ./platform/emlib/src/em_crypto.o
                0x0000a5c0                CRYPTO_KeyRead
 .text.lpGetDevinfoVrefLowHigh
                0x0000a5ec       0xdc ./platform/emlib/src/em_emu.o
 .text.vScaleDownEM23Setup
                0x0000a6c8       0x30 ./platform/emlib/src/em_emu.o
 .text.vScaleAfterWakeup.part.1
                0x0000a6f8       0x20 ./platform/emlib/src/em_emu.o
 .text.lpCmpHystCalibrationLoad.isra.2
                0x0000a718       0x60 ./platform/emlib/src/em_emu.o
 .text.emState.part.3
                0x0000a778       0xc0 ./platform/emlib/src/em_emu.o
 .text.emState.constprop.5
                0x0000a838       0x50 ./platform/emlib/src/em_emu.o
 .text.EMU_EnterEM2
                0x0000a888       0x4c ./platform/emlib/src/em_emu.o
                0x0000a888                EMU_EnterEM2
 .text.EMU_EnterEM3
                0x0000a8d4       0x70 ./platform/emlib/src/em_emu.o
                0x0000a8d4                EMU_EnterEM3
 .text.EMU_VScaleEM01
                0x0000a944       0x78 ./platform/emlib/src/em_emu.o
                0x0000a944                EMU_VScaleEM01
 .text.EMU_VScaleEM01ByClock
                0x0000a9bc       0x50 ./platform/emlib/src/em_emu.o
                0x0000a9bc                EMU_VScaleEM01ByClock
 .text.EMU_EM01Init
                0x0000aa0c       0x14 ./platform/emlib/src/em_emu.o
                0x0000aa0c                EMU_EM01Init
 .text.EMU_EM23Init
                0x0000aa20       0x18 ./platform/emlib/src/em_emu.o
                0x0000aa20                EMU_EM23Init
 .text.EMU_DCDCModeSet
                0x0000aa38       0x84 ./platform/emlib/src/em_emu.o
                0x0000aa38                EMU_DCDCModeSet
 .text.EMU_DCDCOutputVoltageSet
                0x0000aabc      0x16c ./platform/emlib/src/em_emu.o
                0x0000aabc                EMU_DCDCOutputVoltageSet
 .text.EMU_DCDCOptimizeSlice
                0x0000ac28       0xf8 ./platform/emlib/src/em_emu.o
                0x0000ac28                EMU_DCDCOptimizeSlice
 .text.EMU_DCDCInit
                0x0000ad20      0x10c ./platform/emlib/src/em_emu.o
                0x0000ad20                EMU_DCDCInit
 .text.EMU_DCDCLnRcoBandSet
                0x0000ae2c       0x24 ./platform/emlib/src/em_emu.o
                0x0000ae2c                EMU_DCDCLnRcoBandSet
 .text.GPIO_DriveStrengthSet
                0x0000ae50       0x20 ./platform/emlib/src/em_gpio.o
                0x0000ae50                GPIO_DriveStrengthSet
 .text.GPIO_PinModeSet
                0x0000ae70       0x94 ./platform/emlib/src/em_gpio.o
                0x0000ae70                GPIO_PinModeSet
 .text.LETIMER_CompareSet
                0x0000af04       0x14 ./platform/emlib/src/em_letimer.o
                0x0000af04                LETIMER_CompareSet
 .text.LETIMER_Enable
                0x0000af18       0x10 ./platform/emlib/src/em_letimer.o
                0x0000af18                LETIMER_Enable
 .text.LETIMER_Init
                0x0000af28       0x60 ./platform/emlib/src/em_letimer.o
                0x0000af28                LETIMER_Init
 .text.MSC_Init
                0x0000af88       0x20 ./platform/emlib/src/em_msc.o
                0x0000af88                MSC_Init
 .text.MSC_Deinit
                0x0000afa8       0x14 ./platform/emlib/src/em_msc.o
                0x0000afa8                MSC_Deinit
 .text.RMU_ResetCauseClear
                0x0000afbc        0xc ./platform/emlib/src/em_rmu.o
                0x0000afbc                RMU_ResetCauseClear
 .text.RMU_ResetCauseGet
                0x0000afc8       0x60 ./platform/emlib/src/em_rmu.o
                0x0000afc8                RMU_ResetCauseGet
 .text.RTCC_Init
                0x0000b028       0x64 ./platform/emlib/src/em_rtcc.o
                0x0000b028                RTCC_Init
 .text.SYSTEM_ChipRevisionGet
                0x0000b08c       0x34 ./platform/emlib/src/em_system.o
                0x0000b08c                SYSTEM_ChipRevisionGet
 .text.USART_InitSync
                0x0000b0c0       0xdc ./platform/emlib/src/em_usart.o
                0x0000b0c0                USART_InitSync
 .text.USART_Reset
                0x0000b19c       0x58 ./platform/emlib/src/em_usart.o
                0x0000b19c                USART_Reset
 .text.USART_SpiTransfer
                0x0000b1f4       0x14 ./platform/emlib/src/em_usart.o
                0x0000b1f4                USART_SpiTransfer
 .text.cmu_init
                0x0000b208       0x7c ./src/cmu.o
                0x0000b208                cmu_init
 .text.gpio_init
                0x0000b284       0x34 ./src/gpio.o
                0x0000b284                gpio_init
 .text.LetimerSetup
                0x0000b2b8       0xfc ./src/letimer.o
                0x0000b2b8                LetimerSetup
 .text.LETIMER0_IRQHandler
                0x0000b3b4       0x44 ./src/letimer.o
                0x0000b3b4                LETIMER0_IRQHandler
 .text.blockSleepMode
                0x0000b3f8       0x20 ./src/sleep.o
                0x0000b3f8                blockSleepMode
 .text.sleep    0x0000b418       0x40 ./src/sleep.o
                0x0000b418                sleep
 .text.gecko_init_alloc
                0x0000b458       0x38 C:\Users\satya\SimplicityStudio\v4_workspace\Satya-New\protocol\bluetooth\lib\EFR32BG13P\GCC\libbluetooth.a(bglib.c.obj)
                0x0000b458                gecko_init_alloc
 .text.user_signal_message_handler
                0x0000b490       0x2c C:\Users\satya\SimplicityStudio\v4_workspace\Satya-New\protocol\bluetooth\lib\EFR32BG13P\GCC\libbluetooth.a(bglib.c.obj)
 .text.set_ctune
                0x0000b4bc       0x64 C:\Users\satya\SimplicityStudio\v4_workspace\Satya-New\protocol\bluetooth\lib\EFR32BG13P\GCC\libbluetooth.a(bglib.c.obj)
                0x0000b4bc                set_ctune
 .text.check_ctune_override
                0x0000b520       0x2c C:\Users\satya\SimplicityStudio\v4_workspace\Satya-New\protocol\bluetooth\lib\EFR32BG13P\GCC\libbluetooth.a(bglib.c.obj)
                0x0000b520                check_ctune_override
 .text.gecko_stack_init
                0x0000b54c      0x25c C:\Users\satya\SimplicityStudio\v4_workspace\Satya-New\protocol\bluetooth\lib\EFR32BG13P\GCC\libbluetooth.a(bglib.c.obj)
                0x0000b54c                gecko_stack_init
 .text.gecko_stack_update_callback
                0x0000b7a8       0x10 C:\Users\satya\SimplicityStudio\v4_workspace\Satya-New\protocol\bluetooth\lib\EFR32BG13P\GCC\libbluetooth.a(bglib.c.obj)
                0x0000b7a8                gecko_stack_update_callback
 .text.gap_is_scanning_or_advertising.part.0
                0x0000b7b8       0x2c C:\Users\satya\SimplicityStudio\v4_workspace\Satya-New\protocol\bluetooth\lib\EFR32BG13P\GCC\libbluetooth.a(gap.c.obj)
 .text.gap_is_resolvable
                0x0000b7e4       0x18 C:\Users\satya\SimplicityStudio\v4_workspace\Satya-New\protocol\bluetooth\lib\EFR32BG13P\GCC\libbluetooth.a(gap.c.obj)
                0x0000b7e4                gap_is_resolvable
 .text.gap_init
                0x0000b7fc       0x14 C:\Users\satya\SimplicityStudio\v4_workspace\Satya-New\protocol\bluetooth\lib\EFR32BG13P\GCC\libbluetooth.a(gap.c.obj)
                0x0000b7fc                gap_init
 .text.gap_reset_state
                0x0000b810       0xb8 C:\Users\satya\SimplicityStudio\v4_workspace\Satya-New\protocol\bluetooth\lib\EFR32BG13P\GCC\libbluetooth.a(gap.c.obj)
                0x0000b810                gap_reset_state
 .text.gap_notify_connection_parameters
                0x0000b8c8       0x60 C:\Users\satya\SimplicityStudio\v4_workspace\Satya-New\protocol\bluetooth\lib\EFR32BG13P\GCC\libbluetooth.a(gap.c.obj)
                0x0000b8c8                gap_notify_connection_parameters
 .text.gap_connection_complete.part.4
                0x0000b928       0xc8 C:\Users\satya\SimplicityStudio\v4_workspace\Satya-New\protocol\bluetooth\lib\EFR32BG13P\GCC\libbluetooth.a(gap.c.obj)
 .text.gap_notify_phy_status
                0x0000b9f0       0x3c C:\Users\satya\SimplicityStudio\v4_workspace\Satya-New\protocol\bluetooth\lib\EFR32BG13P\GCC\libbluetooth.a(gap.c.obj)
                0x0000b9f0                gap_notify_phy_status
 .text.gap_resolver_completed
                0x0000ba2c       0x90 C:\Users\satya\SimplicityStudio\v4_workspace\Satya-New\protocol\bluetooth\lib\EFR32BG13P\GCC\libbluetooth.a(gap.c.obj)
                0x0000ba2c                gap_resolver_completed
 .text.check_private_address_and_timer
                0x0000babc       0x64 C:\Users\satya\SimplicityStudio\v4_workspace\Satya-New\protocol\bluetooth\lib\EFR32BG13P\GCC\libbluetooth.a(gap.c.obj)
                0x0000babc                check_private_address_and_timer
 .text.gap_scan_update
                0x0000bb20       0xb8 C:\Users\satya\SimplicityStudio\v4_workspace\Satya-New\protocol\bluetooth\lib\EFR32BG13P\GCC\libbluetooth.a(gap.c.obj)
                0x0000bb20                gap_scan_update
 .text.gap_listener
                0x0000bbd8       0xa4 C:\Users\satya\SimplicityStudio\v4_workspace\Satya-New\protocol\bluetooth\lib\EFR32BG13P\GCC\libbluetooth.a(gap.c.obj)
                0x0000bbd8                gap_listener
 .text.gap_disconnect_acl
                0x0000bc7c       0x12 C:\Users\satya\SimplicityStudio\v4_workspace\Satya-New\protocol\bluetooth\lib\EFR32BG13P\GCC\libbluetooth.a(gap.c.obj)
                0x0000bc7c                gap_disconnect_acl
 *fill*         0x0000bc8e        0x2 
 .text.gap_connection_disconnected
                0x0000bc90       0x34 C:\Users\satya\SimplicityStudio\v4_workspace\Satya-New\protocol\bluetooth\lib\EFR32BG13P\GCC\libbluetooth.a(gap.c.obj)
                0x0000bc90                gap_connection_disconnected
 .text.gap_connection_complete
                0x0000bcc4       0x5c C:\Users\satya\SimplicityStudio\v4_workspace\Satya-New\protocol\bluetooth\lib\EFR32BG13P\GCC\libbluetooth.a(gap.c.obj)
                0x0000bcc4                gap_connection_complete
 .text.gap_encryption_changed
                0x0000bd20       0x50 C:\Users\satya\SimplicityStudio\v4_workspace\Satya-New\protocol\bluetooth\lib\EFR32BG13P\GCC\libbluetooth.a(gap.c.obj)
                0x0000bd20                gap_encryption_changed
 .text.ubt_gap_set_static_address_identity
                0x0000bd70       0x50 C:\Users\satya\SimplicityStudio\v4_workspace\Satya-New\protocol\bluetooth\lib\EFR32BG13P\GCC\libbluetooth.a(gap.c.obj)
                0x0000bd70                ubt_gap_set_static_address_identity
 .text.ubt_gap_get_identity_address
                0x0000bdc0       0x1c C:\Users\satya\SimplicityStudio\v4_workspace\Satya-New\protocol\bluetooth\lib\EFR32BG13P\GCC\libbluetooth.a(gap.c.obj)
                0x0000bdc0                ubt_gap_get_identity_address
 .text.gap_acl_new
                0x0000bddc       0x30 C:\Users\satya\SimplicityStudio\v4_workspace\Satya-New\protocol\bluetooth\lib\EFR32BG13P\GCC\libbluetooth.a(gap.c.obj)
                0x0000bddc                gap_acl_new
 .text.ubt_gap_get_identity_address_type
                0x0000be0c       0x10 C:\Users\satya\SimplicityStudio\v4_workspace\Satya-New\protocol\bluetooth\lib\EFR32BG13P\GCC\libbluetooth.a(gap.c.obj)
                0x0000be0c                ubt_gap_get_identity_address_type
 .text.use_legacy_advertising
                0x0000be1c       0x36 C:\Users\satya\SimplicityStudio\v4_workspace\Satya-New\protocol\bluetooth\lib\EFR32BG13P\GCC\libbluetooth.a(gap_adv.c.obj)
 *fill*         0x0000be52        0x2 
 .text.gap_alloc_mem
                0x0000be54       0x28 C:\Users\satya\SimplicityStudio\v4_workspace\Satya-New\protocol\bluetooth\lib\EFR32BG13P\GCC\libbluetooth.a(gap_adv.c.obj)
                0x0000be54                gap_alloc_mem
 .text.gap_adv_terminated_callback
                0x0000be7c       0x64 C:\Users\satya\SimplicityStudio\v4_workspace\Satya-New\protocol\bluetooth\lib\EFR32BG13P\GCC\libbluetooth.a(gap_adv.c.obj)
                0x0000be7c                gap_adv_terminated_callback
 .text.gap_get_advertising_scan_report_enable
                0x0000bee0       0x24 C:\Users\satya\SimplicityStudio\v4_workspace\Satya-New\protocol\bluetooth\lib\EFR32BG13P\GCC\libbluetooth.a(gap_adv.c.obj)
                0x0000bee0                gap_get_advertising_scan_report_enable
 .text.gap_adv_update
                0x0000bf04      0x204 C:\Users\satya\SimplicityStudio\v4_workspace\Satya-New\protocol\bluetooth\lib\EFR32BG13P\GCC\libbluetooth.a(gap_adv.c.obj)
                0x0000bf04                gap_adv_update
 .text.gap_address_resolver_step
                0x0000c108       0x98 C:\Users\satya\SimplicityStudio\v4_workspace\Satya-New\protocol\bluetooth\lib\EFR32BG13P\GCC\libbluetooth.a(gap_resolver.c.obj)
                0x0000c108                gap_address_resolver_step
 .text.gap_resolver_start
                0x0000c1a0       0x40 C:\Users\satya\SimplicityStudio\v4_workspace\Satya-New\protocol\bluetooth\lib\EFR32BG13P\GCC\libbluetooth.a(gap_resolver.c.obj)
                0x0000c1a0                gap_resolver_start
 .text.gap_status_set_scan_packet
                0x0000c1e0       0x20 C:\Users\satya\SimplicityStudio\v4_workspace\Satya-New\protocol\bluetooth\lib\EFR32BG13P\GCC\libbluetooth.a(gap_scan.c.obj)
                0x0000c1e0                gap_status_set_scan_packet
 .text.gat_status_get_scan_packet
                0x0000c200        0xc C:\Users\satya\SimplicityStudio\v4_workspace\Satya-New\protocol\bluetooth\lib\EFR32BG13P\GCC\libbluetooth.a(gap_scan.c.obj)
                0x0000c200                gat_status_get_scan_packet
 .text.gap_status_set_scan_response
                0x0000c20c       0x20 C:\Users\satya\SimplicityStudio\v4_workspace\Satya-New\protocol\bluetooth\lib\EFR32BG13P\GCC\libbluetooth.a(gap_scan.c.obj)
                0x0000c20c                gap_status_set_scan_response
 .text.gat_status_get_scan_response
                0x0000c22c        0xc C:\Users\satya\SimplicityStudio\v4_workspace\Satya-New\protocol\bluetooth\lib\EFR32BG13P\GCC\libbluetooth.a(gap_scan.c.obj)
                0x0000c22c                gat_status_get_scan_response
 .text.handle_scan_response_callback
                0x0000c238      0x164 C:\Users\satya\SimplicityStudio\v4_workspace\Satya-New\protocol\bluetooth\lib\EFR32BG13P\GCC\libbluetooth.a(gap_scan.c.obj)
                0x0000c238                handle_scan_response_callback
 .text.gatt_init
                0x0000c39c        0xc C:\Users\satya\SimplicityStudio\v4_workspace\Satya-New\protocol\bluetooth\lib\EFR32BG13P\GCC\libbluetooth.a(gatt.c.obj)
                0x0000c39c                gatt_init
 .text.gatt_init_connection
                0x0000c3a8       0x50 C:\Users\satya\SimplicityStudio\v4_workspace\Satya-New\protocol\bluetooth\lib\EFR32BG13P\GCC\libbluetooth.a(gatt.c.obj)
                0x0000c3a8                gatt_init_connection
 .text.gatt_free_connection
                0x0000c3f8       0x50 C:\Users\satya\SimplicityStudio\v4_workspace\Satya-New\protocol\bluetooth\lib\EFR32BG13P\GCC\libbluetooth.a(gatt.c.obj)
                0x0000c3f8                gatt_free_connection
 .text.send_gatt_mtu_exchanged_event
                0x0000c448       0x2a C:\Users\satya\SimplicityStudio\v4_workspace\Satya-New\protocol\bluetooth\lib\EFR32BG13P\GCC\libbluetooth.a(gatt.c.obj)
                0x0000c448                send_gatt_mtu_exchanged_event
 .text.gatt_start_procedure_timeout_timer
                0x0000c472       0x16 C:\Users\satya\SimplicityStudio\v4_workspace\Satya-New\protocol\bluetooth\lib\EFR32BG13P\GCC\libbluetooth.a(gatt.c.obj)
                0x0000c472                gatt_start_procedure_timeout_timer
 .text.gatt_stop_procedure_timeout_timer
                0x0000c488        0x6 C:\Users\satya\SimplicityStudio\v4_workspace\Satya-New\protocol\bluetooth\lib\EFR32BG13P\GCC\libbluetooth.a(gatt.c.obj)
                0x0000c488                gatt_stop_procedure_timeout_timer
 .text.gatt_procedure_timeout
                0x0000c48e       0x2e C:\Users\satya\SimplicityStudio\v4_workspace\Satya-New\protocol\bluetooth\lib\EFR32BG13P\GCC\libbluetooth.a(gatt.c.obj)
                0x0000c48e                gatt_procedure_timeout
 .text.gatt_listener
                0x0000c4bc       0x60 C:\Users\satya\SimplicityStudio\v4_workspace\Satya-New\protocol\bluetooth\lib\EFR32BG13P\GCC\libbluetooth.a(gatt.c.obj)
 .text.gatt_get_next_connection
                0x0000c51c       0x1a C:\Users\satya\SimplicityStudio\v4_workspace\Satya-New\protocol\bluetooth\lib\EFR32BG13P\GCC\libbluetooth.a(gatt.c.obj)
                0x0000c51c                gatt_get_next_connection
 *fill*         0x0000c536        0x2 
 .text.get_att_uuid16
                0x0000c538       0x24 C:\Users\satya\SimplicityStudio\v4_workspace\Satya-New\protocol\bluetooth\lib\EFR32BG13P\GCC\libbluetooth.a(gatt_db_minimal.c.obj)
 .text.get_client_conf
                0x0000c55c       0x24 C:\Users\satya\SimplicityStudio\v4_workspace\Satya-New\protocol\bluetooth\lib\EFR32BG13P\GCC\libbluetooth.a(gatt_db_minimal.c.obj)
 .text.gatt_db_set_db
                0x0000c580       0x14 C:\Users\satya\SimplicityStudio\v4_workspace\Satya-New\protocol\bluetooth\lib\EFR32BG13P\GCC\libbluetooth.a(gatt_db_minimal.c.obj)
                0x0000c580                gatt_db_set_db
 .text.gatt_db_invalidate_hash
                0x0000c594       0x10 C:\Users\satya\SimplicityStudio\v4_workspace\Satya-New\protocol\bluetooth\lib\EFR32BG13P\GCC\libbluetooth.a(gatt_db_minimal.c.obj)
                0x0000c594                gatt_db_invalidate_hash
 .text.gatt_db_set_client_features
                0x0000c5a4       0x1c C:\Users\satya\SimplicityStudio\v4_workspace\Satya-New\protocol\bluetooth\lib\EFR32BG13P\GCC\libbluetooth.a(gatt_db_minimal.c.obj)
                0x0000c5a4                gatt_db_set_client_features
 .text.gatt_db_handle_inrange
                0x0000c5c0       0x18 C:\Users\satya\SimplicityStudio\v4_workspace\Satya-New\protocol\bluetooth\lib\EFR32BG13P\GCC\libbluetooth.a(gatt_db_minimal.c.obj)
                0x0000c5c0                gatt_db_handle_inrange
 .text.gatt_db_handle_active
                0x0000c5d8       0x30 C:\Users\satya\SimplicityStudio\v4_workspace\Satya-New\protocol\bluetooth\lib\EFR32BG13P\GCC\libbluetooth.a(gatt_db_minimal.c.obj)
                0x0000c5d8                gatt_db_handle_active
 .text.get_client_conf_index
                0x0000c608       0x44 C:\Users\satya\SimplicityStudio\v4_workspace\Satya-New\protocol\bluetooth\lib\EFR32BG13P\GCC\libbluetooth.a(gatt_db_minimal.c.obj)
 .text.gatt_db_get_char_properties
                0x0000c64c       0x44 C:\Users\satya\SimplicityStudio\v4_workspace\Satya-New\protocol\bluetooth\lib\EFR32BG13P\GCC\libbluetooth.a(gatt_db_minimal.c.obj)
                0x0000c64c                gatt_db_get_char_properties
 .text.gatt_db_user_value
                0x0000c690       0x1c C:\Users\satya\SimplicityStudio\v4_workspace\Satya-New\protocol\bluetooth\lib\EFR32BG13P\GCC\libbluetooth.a(gatt_db_minimal.c.obj)
                0x0000c690                gatt_db_user_value
 .text.gatt_db_load_client_conf
                0x0000c6ac       0x32 C:\Users\satya\SimplicityStudio\v4_workspace\Satya-New\protocol\bluetooth\lib\EFR32BG13P\GCC\libbluetooth.a(gatt_db_minimal.c.obj)
                0x0000c6ac                gatt_db_load_client_conf
 *fill*         0x0000c6de        0x2 
 .text.gatt_db_get_client_conf
                0x0000c6e0       0x68 C:\Users\satya\SimplicityStudio\v4_workspace\Satya-New\protocol\bluetooth\lib\EFR32BG13P\GCC\libbluetooth.a(gatt_db_minimal.c.obj)
                0x0000c6e0                gatt_db_get_client_conf
 .text.gatt_db_get_att_len
                0x0000c748       0x3c C:\Users\satya\SimplicityStudio\v4_workspace\Satya-New\protocol\bluetooth\lib\EFR32BG13P\GCC\libbluetooth.a(gatt_db_minimal.c.obj)
                0x0000c748                gatt_db_get_att_len
 .text.gatt_db_check_permissions
                0x0000c784      0x124 C:\Users\satya\SimplicityStudio\v4_workspace\Satya-New\protocol\bluetooth\lib\EFR32BG13P\GCC\libbluetooth.a(gatt_db_minimal.c.obj)
                0x0000c784                gatt_db_check_permissions
 .text.gatt_db_get_data
                0x0000c8a8       0xa0 C:\Users\satya\SimplicityStudio\v4_workspace\Satya-New\protocol\bluetooth\lib\EFR32BG13P\GCC\libbluetooth.a(gatt_db_minimal.c.obj)
                0x0000c8a8                gatt_db_get_data
 .text.gatt_db_set_hash
                0x0000c948       0xfc C:\Users\satya\SimplicityStudio\v4_workspace\Satya-New\protocol\bluetooth\lib\EFR32BG13P\GCC\libbluetooth.a(gatt_db_minimal.c.obj)
                0x0000c948                gatt_db_set_hash
 .text.gatt_db_find_attribute_by_type
                0x0000ca44       0x38 C:\Users\satya\SimplicityStudio\v4_workspace\Satya-New\protocol\bluetooth\lib\EFR32BG13P\GCC\libbluetooth.a(gatt_db_minimal.c.obj)
                0x0000ca44                gatt_db_find_attribute_by_type
 .text.gatt_db_find_group_end
                0x0000ca7c       0x48 C:\Users\satya\SimplicityStudio\v4_workspace\Satya-New\protocol\bluetooth\lib\EFR32BG13P\GCC\libbluetooth.a(gatt_db_minimal.c.obj)
                0x0000ca7c                gatt_db_find_group_end
 .text.gatt_db_find_by_type_value
                0x0000cac4       0x90 C:\Users\satya\SimplicityStudio\v4_workspace\Satya-New\protocol\bluetooth\lib\EFR32BG13P\GCC\libbluetooth.a(gatt_db_minimal.c.obj)
                0x0000cac4                gatt_db_find_by_type_value
 .text.gatt_db_get_attribute_type
                0x0000cb54       0x34 C:\Users\satya\SimplicityStudio\v4_workspace\Satya-New\protocol\bluetooth\lib\EFR32BG13P\GCC\libbluetooth.a(gatt_db_minimal.c.obj)
                0x0000cb54                gatt_db_get_attribute_type
 .text.gatt_db_get_16bit_char_handle
                0x0000cb88       0x26 C:\Users\satya\SimplicityStudio\v4_workspace\Satya-New\protocol\bluetooth\lib\EFR32BG13P\GCC\libbluetooth.a(gatt_db_minimal.c.obj)
                0x0000cb88                gatt_db_get_16bit_char_handle
 .text.set_client_conf.part.2
                0x0000cbae       0x7e C:\Users\satya\SimplicityStudio\v4_workspace\Satya-New\protocol\bluetooth\lib\EFR32BG13P\GCC\libbluetooth.a(gatt_db_minimal.c.obj)
 .text.gatt_db_set_data
                0x0000cc2c      0x160 C:\Users\satya\SimplicityStudio\v4_workspace\Satya-New\protocol\bluetooth\lib\EFR32BG13P\GCC\libbluetooth.a(gatt_db_minimal.c.obj)
                0x0000cc2c                gatt_db_set_data
 .text.gatt_db_reset_client_conf
                0x0000cd8c       0x50 C:\Users\satya\SimplicityStudio\v4_workspace\Satya-New\protocol\bluetooth\lib\EFR32BG13P\GCC\libbluetooth.a(gatt_db_minimal.c.obj)
                0x0000cd8c                gatt_db_reset_client_conf
 .text.send_user_read_request_event
                0x0000cddc       0x32 C:\Users\satya\SimplicityStudio\v4_workspace\Satya-New\protocol\bluetooth\lib\EFR32BG13P\GCC\libbluetooth.a(gatt_server.c.obj)
 .text.send_user_write_request_event
                0x0000ce0e       0x3a C:\Users\satya\SimplicityStudio\v4_workspace\Satya-New\protocol\bluetooth\lib\EFR32BG13P\GCC\libbluetooth.a(gatt_server.c.obj)
 .text.send_execute_write_completed_event
                0x0000ce48       0x2a C:\Users\satya\SimplicityStudio\v4_workspace\Satya-New\protocol\bluetooth\lib\EFR32BG13P\GCC\libbluetooth.a(gatt_server.c.obj)
 .text.finish_read_req
                0x0000ce72       0x96 C:\Users\satya\SimplicityStudio\v4_workspace\Satya-New\protocol\bluetooth\lib\EFR32BG13P\GCC\libbluetooth.a(gatt_server.c.obj)
 .text.handle_read_req
                0x0000cf08       0xa4 C:\Users\satya\SimplicityStudio\v4_workspace\Satya-New\protocol\bluetooth\lib\EFR32BG13P\GCC\libbluetooth.a(gatt_server.c.obj)
 .text.finish_execute_write_req
                0x0000cfac       0xa8 C:\Users\satya\SimplicityStudio\v4_workspace\Satya-New\protocol\bluetooth\lib\EFR32BG13P\GCC\libbluetooth.a(gatt_server.c.obj)
 .text.send_notification
                0x0000d054       0x6c C:\Users\satya\SimplicityStudio\v4_workspace\Satya-New\protocol\bluetooth\lib\EFR32BG13P\GCC\libbluetooth.a(gatt_server.c.obj)
 .text.gatt_server_send_attribute_value_event
                0x0000d0c0       0x3a C:\Users\satya\SimplicityStudio\v4_workspace\Satya-New\protocol\bluetooth\lib\EFR32BG13P\GCC\libbluetooth.a(gatt_server.c.obj)
                0x0000d0c0                gatt_server_send_attribute_value_event
 .text.gatt_server_send_characteristic_status_event
                0x0000d0fa       0x32 C:\Users\satya\SimplicityStudio\v4_workspace\Satya-New\protocol\bluetooth\lib\EFR32BG13P\GCC\libbluetooth.a(gatt_server.c.obj)
                0x0000d0fa                gatt_server_send_characteristic_status_event
 .text.gatt_server_handle_exchange_mtu_req
                0x0000d12c       0x3c C:\Users\satya\SimplicityStudio\v4_workspace\Satya-New\protocol\bluetooth\lib\EFR32BG13P\GCC\libbluetooth.a(gatt_server.c.obj)
                0x0000d12c                gatt_server_handle_exchange_mtu_req
 .text.gatt_server_handle_read_by_group_type
                0x0000d168      0x120 C:\Users\satya\SimplicityStudio\v4_workspace\Satya-New\protocol\bluetooth\lib\EFR32BG13P\GCC\libbluetooth.a(gatt_server.c.obj)
                0x0000d168                gatt_server_handle_read_by_group_type
 .text.gatt_server_handle_read_by_type
                0x0000d288      0x184 C:\Users\satya\SimplicityStudio\v4_workspace\Satya-New\protocol\bluetooth\lib\EFR32BG13P\GCC\libbluetooth.a(gatt_server.c.obj)
                0x0000d288                gatt_server_handle_read_by_type
 .text.gatt_server_handle_find_information
                0x0000d40c       0xe2 C:\Users\satya\SimplicityStudio\v4_workspace\Satya-New\protocol\bluetooth\lib\EFR32BG13P\GCC\libbluetooth.a(gatt_server.c.obj)
                0x0000d40c                gatt_server_handle_find_information
 .text.gatt_server_handle_find_by_type_value_req
                0x0000d4ee       0xc8 C:\Users\satya\SimplicityStudio\v4_workspace\Satya-New\protocol\bluetooth\lib\EFR32BG13P\GCC\libbluetooth.a(gatt_server.c.obj)
                0x0000d4ee                gatt_server_handle_find_by_type_value_req
 .text.gatt_server_handle_read_req
                0x0000d5b6        0xc C:\Users\satya\SimplicityStudio\v4_workspace\Satya-New\protocol\bluetooth\lib\EFR32BG13P\GCC\libbluetooth.a(gatt_server.c.obj)
                0x0000d5b6                gatt_server_handle_read_req
 .text.gatt_server_handle_read_blob_req
                0x0000d5c2        0xa C:\Users\satya\SimplicityStudio\v4_workspace\Satya-New\protocol\bluetooth\lib\EFR32BG13P\GCC\libbluetooth.a(gatt_server.c.obj)
                0x0000d5c2                gatt_server_handle_read_blob_req
 .text.gatt_server_handle_read_multiple_req
                0x0000d5cc       0xee C:\Users\satya\SimplicityStudio\v4_workspace\Satya-New\protocol\bluetooth\lib\EFR32BG13P\GCC\libbluetooth.a(gatt_server.c.obj)
                0x0000d5cc                gatt_server_handle_read_multiple_req
 .text.gatt_server_handle_write_req
                0x0000d6ba       0x96 C:\Users\satya\SimplicityStudio\v4_workspace\Satya-New\protocol\bluetooth\lib\EFR32BG13P\GCC\libbluetooth.a(gatt_server.c.obj)
                0x0000d6ba                gatt_server_handle_write_req
 .text.gatt_server_handle_write_cmd
                0x0000d750       0x84 C:\Users\satya\SimplicityStudio\v4_workspace\Satya-New\protocol\bluetooth\lib\EFR32BG13P\GCC\libbluetooth.a(gatt_server.c.obj)
                0x0000d750                gatt_server_handle_write_cmd
 .text.gatt_server_handle_prepare_write_req
                0x0000d7d4       0xa4 C:\Users\satya\SimplicityStudio\v4_workspace\Satya-New\protocol\bluetooth\lib\EFR32BG13P\GCC\libbluetooth.a(gatt_server.c.obj)
                0x0000d7d4                gatt_server_handle_prepare_write_req
 .text.gatt_server_handle_execute_write_req
                0x0000d878       0x28 C:\Users\satya\SimplicityStudio\v4_workspace\Satya-New\protocol\bluetooth\lib\EFR32BG13P\GCC\libbluetooth.a(gatt_server.c.obj)
                0x0000d878                gatt_server_handle_execute_write_req
 .text.gatt_server_handle_value_cfm
                0x0000d8a0       0x48 C:\Users\satya\SimplicityStudio\v4_workspace\Satya-New\protocol\bluetooth\lib\EFR32BG13P\GCC\libbluetooth.a(gatt_server.c.obj)
                0x0000d8a0                gatt_server_handle_value_cfm
 .text.gatt_server_report_gattdb_change
                0x0000d8e8       0x5c C:\Users\satya\SimplicityStudio\v4_workspace\Satya-New\protocol\bluetooth\lib\EFR32BG13P\GCC\libbluetooth.a(gatt_server.c.obj)
                0x0000d8e8                gatt_server_report_gattdb_change
 .text.gatt_server_report_client_config
                0x0000d944       0xa8 C:\Users\satya\SimplicityStudio\v4_workspace\Satya-New\protocol\bluetooth\lib\EFR32BG13P\GCC\libbluetooth.a(gatt_server.c.obj)
                0x0000d944                gatt_server_report_client_config
 .text.handle_database_changed.part.4
                0x0000d9ec       0x70 C:\Users\satya\SimplicityStudio\v4_workspace\Satya-New\protocol\bluetooth\lib\EFR32BG13P\GCC\libbluetooth.a(gatt_server.c.obj)
 .text.gatt_server_handle_att
                0x0000da5c      0x262 C:\Users\satya\SimplicityStudio\v4_workspace\Satya-New\protocol\bluetooth\lib\EFR32BG13P\GCC\libbluetooth.a(gatt_server.c.obj)
                0x0000da5c                gatt_server_handle_att
 .text.gatt_set_gattdb
                0x0000dcbe       0x34 C:\Users\satya\SimplicityStudio\v4_workspace\Satya-New\protocol\bluetooth\lib\EFR32BG13P\GCC\libbluetooth.a(gatt_server.c.obj)
                0x0000dcbe                gatt_set_gattdb
 .text.gecko_bgapi_class_dfu_init
                0x0000dcf2       0x12 C:\Users\satya\SimplicityStudio\v4_workspace\Satya-New\protocol\bluetooth\lib\EFR32BG13P\GCC\libbluetooth.a(gecko_bgapi_dfu.c.obj)
                0x0000dcf2                gecko_bgapi_class_dfu_init
 .text.gecko_bgapi_class_endpoint_init
                0x0000dd04       0x12 C:\Users\satya\SimplicityStudio\v4_workspace\Satya-New\protocol\bluetooth\lib\EFR32BG13P\GCC\libbluetooth.a(gecko_bgapi_endpoint.c.obj)
                0x0000dd04                gecko_bgapi_class_endpoint_init
 .text.gecko_bgapi_class_flash_init
                0x0000dd16       0x12 C:\Users\satya\SimplicityStudio\v4_workspace\Satya-New\protocol\bluetooth\lib\EFR32BG13P\GCC\libbluetooth.a(gecko_bgapi_flash.c.obj)
                0x0000dd16                gecko_bgapi_class_flash_init
 .text.gecko_bgapi_class_le_gap_init
                0x0000dd28       0x12 C:\Users\satya\SimplicityStudio\v4_workspace\Satya-New\protocol\bluetooth\lib\EFR32BG13P\GCC\libbluetooth.a(gecko_bgapi_gap.c.obj)
                0x0000dd28                gecko_bgapi_class_le_gap_init
 .text.gecko_bgapi_class_gatt_init
                0x0000dd3a       0x12 C:\Users\satya\SimplicityStudio\v4_workspace\Satya-New\protocol\bluetooth\lib\EFR32BG13P\GCC\libbluetooth.a(gecko_bgapi_gatt.c.obj)
                0x0000dd3a                gecko_bgapi_class_gatt_init
 .text.gecko_bgapi_class_gatt_server_init
                0x0000dd4c       0x12 C:\Users\satya\SimplicityStudio\v4_workspace\Satya-New\protocol\bluetooth\lib\EFR32BG13P\GCC\libbluetooth.a(gecko_bgapi_gatt_server.c.obj)
                0x0000dd4c                gecko_bgapi_class_gatt_server_init
 .text.gecko_bgapi_class_hardware_init
                0x0000dd5e       0x12 C:\Users\satya\SimplicityStudio\v4_workspace\Satya-New\protocol\bluetooth\lib\EFR32BG13P\GCC\libbluetooth.a(gecko_bgapi_hardware.c.obj)
                0x0000dd5e                gecko_bgapi_class_hardware_init
 .text.gecko_bgapi_class_le_connection_init
                0x0000dd70       0x12 C:\Users\satya\SimplicityStudio\v4_workspace\Satya-New\protocol\bluetooth\lib\EFR32BG13P\GCC\libbluetooth.a(gecko_bgapi_le_connection.c.obj)
                0x0000dd70                gecko_bgapi_class_le_connection_init
 .text.gecko_bgapi_class_sm_init
                0x0000dd82       0x12 C:\Users\satya\SimplicityStudio\v4_workspace\Satya-New\protocol\bluetooth\lib\EFR32BG13P\GCC\libbluetooth.a(gecko_bgapi_sm.c.obj)
                0x0000dd82                gecko_bgapi_class_sm_init
 .text.gecko_bgapi_class_system_init
                0x0000dd94       0x12 C:\Users\satya\SimplicityStudio\v4_workspace\Satya-New\protocol\bluetooth\lib\EFR32BG13P\GCC\libbluetooth.a(gecko_bgapi_system.c.obj)
                0x0000dd94                gecko_bgapi_class_system_init
 .text.gecko_bgapi_class_test_init
                0x0000dda6       0x12 C:\Users\satya\SimplicityStudio\v4_workspace\Satya-New\protocol\bluetooth\lib\EFR32BG13P\GCC\libbluetooth.a(gecko_bgapi_test.c.obj)
                0x0000dda6                gecko_bgapi_class_test_init
 .text.handle_bgapi_output
                0x0000ddb8       0x74 C:\Users\satya\SimplicityStudio\v4_workspace\Satya-New\protocol\bluetooth\lib\EFR32BG13P\GCC\libbluetooth.a(gecko_endpoints.c.obj)
 .text.gecko_register_bgapi_library
                0x0000de2c       0x38 C:\Users\satya\SimplicityStudio\v4_workspace\Satya-New\protocol\bluetooth\lib\EFR32BG13P\GCC\libbluetooth.a(gecko_endpoints.c.obj)
                0x0000de2c                gecko_register_bgapi_library
 .text.gecko_handle_library_packet
                0x0000de64       0x10 C:\Users\satya\SimplicityStudio\v4_workspace\Satya-New\protocol\bluetooth\lib\EFR32BG13P\GCC\libbluetooth.a(gecko_endpoints.c.obj)
                0x0000de64                gecko_handle_library_packet
 .text.hci_increase_token
                0x0000de74       0x12 C:\Users\satya\SimplicityStudio\v4_workspace\Satya-New\protocol\bluetooth\lib\EFR32BG13P\GCC\libbluetooth.a(hci.c.obj)
 *fill*         0x0000de86        0x2 
 .text.hci_init
                0x0000de88       0x1c C:\Users\satya\SimplicityStudio\v4_workspace\Satya-New\protocol\bluetooth\lib\EFR32BG13P\GCC\libbluetooth.a(hci.c.obj)
                0x0000de88                hci_init
 .text.hci_command_status_handle
                0x0000dea4       0x40 C:\Users\satya\SimplicityStudio\v4_workspace\Satya-New\protocol\bluetooth\lib\EFR32BG13P\GCC\libbluetooth.a(hci.c.obj)
                0x0000dea4                hci_command_status_handle
 .text.hci_command_complete_handle
                0x0000dee4      0x148 C:\Users\satya\SimplicityStudio\v4_workspace\Satya-New\protocol\bluetooth\lib\EFR32BG13P\GCC\libbluetooth.a(hci.c.obj)
                0x0000dee4                hci_command_complete_handle
 .text.handle_extended_advertising_report
                0x0000e02c       0xe4 C:\Users\satya\SimplicityStudio\v4_workspace\Satya-New\protocol\bluetooth\lib\EFR32BG13P\GCC\libbluetooth.a(hci.c.obj)
                0x0000e02c                handle_extended_advertising_report
 .text.hci_inject_acl
                0x0000e110        0xc C:\Users\satya\SimplicityStudio\v4_workspace\Satya-New\protocol\bluetooth\lib\EFR32BG13P\GCC\libbluetooth.a(hci.c.obj)
                0x0000e110                hci_inject_acl
 .text.hci_packets_waiting
                0x0000e11c       0x18 C:\Users\satya\SimplicityStudio\v4_workspace\Satya-New\protocol\bluetooth\lib\EFR32BG13P\GCC\libbluetooth.a(hci.c.obj)
                0x0000e11c                hci_packets_waiting
 .text.hci_get_acl_packet
                0x0000e134       0x14 C:\Users\satya\SimplicityStudio\v4_workspace\Satya-New\protocol\bluetooth\lib\EFR32BG13P\GCC\libbluetooth.a(hci.c.obj)
                0x0000e134                hci_get_acl_packet
 .text.hci_send_command
                0x0000e148       0x12 C:\Users\satya\SimplicityStudio\v4_workspace\Satya-New\protocol\bluetooth\lib\EFR32BG13P\GCC\libbluetooth.a(hci.c.obj)
                0x0000e148                hci_send_command
 .text.hci_read_bdaddr
                0x0000e15a       0x1c C:\Users\satya\SimplicityStudio\v4_workspace\Satya-New\protocol\bluetooth\lib\EFR32BG13P\GCC\libbluetooth.a(hci.c.obj)
                0x0000e15a                hci_read_bdaddr
 *fill*         0x0000e176        0x2 
 .text.hci_state_listener
                0x0000e178       0x14 C:\Users\satya\SimplicityStudio\v4_workspace\Satya-New\protocol\bluetooth\lib\EFR32BG13P\GCC\libbluetooth.a(hci.c.obj)
                0x0000e178                hci_state_listener
 .text.hci_set_state
                0x0000e18c       0x1c C:\Users\satya\SimplicityStudio\v4_workspace\Satya-New\protocol\bluetooth\lib\EFR32BG13P\GCC\libbluetooth.a(hci.c.obj)
                0x0000e18c                hci_set_state
 .text.hci_state_listener_init
                0x0000e1a8       0x10 C:\Users\satya\SimplicityStudio\v4_workspace\Satya-New\protocol\bluetooth\lib\EFR32BG13P\GCC\libbluetooth.a(hci.c.obj)
                0x0000e1a8                hci_state_listener_init
 .text.hci_state_listener_init_default_data_length
                0x0000e1b8       0x6c C:\Users\satya\SimplicityStudio\v4_workspace\Satya-New\protocol\bluetooth\lib\EFR32BG13P\GCC\libbluetooth.a(hci.c.obj)
                0x0000e1b8                hci_state_listener_init_default_data_length
 .text.hci_run  0x0000e224        0x6 C:\Users\satya\SimplicityStudio\v4_workspace\Satya-New\protocol\bluetooth\lib\EFR32BG13P\GCC\libbluetooth.a(hci.c.obj)
                0x0000e224                hci_run
 .text.hci_start
                0x0000e22a        0x6 C:\Users\satya\SimplicityStudio\v4_workspace\Satya-New\protocol\bluetooth\lib\EFR32BG13P\GCC\libbluetooth.a(hci.c.obj)
                0x0000e22a                hci_start
 .text.hci_cleanup_acl
                0x0000e230       0x28 C:\Users\satya\SimplicityStudio\v4_workspace\Satya-New\protocol\bluetooth\lib\EFR32BG13P\GCC\libbluetooth.a(hci.c.obj)
                0x0000e230                hci_cleanup_acl
 .text.hci_send_acl
                0x0000e258       0xac C:\Users\satya\SimplicityStudio\v4_workspace\Satya-New\protocol\bluetooth\lib\EFR32BG13P\GCC\libbluetooth.a(hci.c.obj)
                0x0000e258                hci_send_acl
 .text.hci_le_set_random_address
                0x0000e304       0x30 C:\Users\satya\SimplicityStudio\v4_workspace\Satya-New\protocol\bluetooth\lib\EFR32BG13P\GCC\libbluetooth.a(hci.c.obj)
                0x0000e304                hci_le_set_random_address
 .text.hci_le_set_extended_advertising_parameters
                0x0000e334       0xbc C:\Users\satya\SimplicityStudio\v4_workspace\Satya-New\protocol\bluetooth\lib\EFR32BG13P\GCC\libbluetooth.a(hci.c.obj)
                0x0000e334                hci_le_set_extended_advertising_parameters
 .text.hci_le_set_advertising_set_random_address
                0x0000e3f0       0x30 C:\Users\satya\SimplicityStudio\v4_workspace\Satya-New\protocol\bluetooth\lib\EFR32BG13P\GCC\libbluetooth.a(hci.c.obj)
                0x0000e3f0                hci_le_set_advertising_set_random_address
 .text.hci_le_set_extended_advertising_data
                0x0000e420       0x48 C:\Users\satya\SimplicityStudio\v4_workspace\Satya-New\protocol\bluetooth\lib\EFR32BG13P\GCC\libbluetooth.a(hci.c.obj)
                0x0000e420                hci_le_set_extended_advertising_data
 .text.hci_le_set_extended_scan_response_data
                0x0000e468       0x48 C:\Users\satya\SimplicityStudio\v4_workspace\Satya-New\protocol\bluetooth\lib\EFR32BG13P\GCC\libbluetooth.a(hci.c.obj)
                0x0000e468                hci_le_set_extended_scan_response_data
 .text.hci_le_set_extended_advertising_enable
                0x0000e4b0       0x3c C:\Users\satya\SimplicityStudio\v4_workspace\Satya-New\protocol\bluetooth\lib\EFR32BG13P\GCC\libbluetooth.a(hci.c.obj)
                0x0000e4b0                hci_le_set_extended_advertising_enable
 .text.hci_le_set_extended_scan_parameters
                0x0000e4ec       0x4c C:\Users\satya\SimplicityStudio\v4_workspace\Satya-New\protocol\bluetooth\lib\EFR32BG13P\GCC\libbluetooth.a(hci.c.obj)
                0x0000e4ec                hci_le_set_extended_scan_parameters
 .text.hci_le_set_ext_scan_enable
                0x0000e538       0x34 C:\Users\satya\SimplicityStudio\v4_workspace\Satya-New\protocol\bluetooth\lib\EFR32BG13P\GCC\libbluetooth.a(hci.c.obj)
                0x0000e538                hci_le_set_ext_scan_enable
 .text.hci_le_create_connection_cancel
                0x0000e56c       0x14 C:\Users\satya\SimplicityStudio\v4_workspace\Satya-New\protocol\bluetooth\lib\EFR32BG13P\GCC\libbluetooth.a(hci.c.obj)
                0x0000e56c                hci_le_create_connection_cancel
 .text.hci_close_acl
                0x0000e580       0x42 C:\Users\satya\SimplicityStudio\v4_workspace\Satya-New\protocol\bluetooth\lib\EFR32BG13P\GCC\libbluetooth.a(hci.c.obj)
                0x0000e580                hci_close_acl
 *fill*         0x0000e5c2        0x2 
 .text.hci_le_connection_update
                0x0000e5c4       0x58 C:\Users\satya\SimplicityStudio\v4_workspace\Satya-New\protocol\bluetooth\lib\EFR32BG13P\GCC\libbluetooth.a(hci.c.obj)
                0x0000e5c4                hci_le_connection_update
 .text.hci_le_start_encryption
                0x0000e61c       0x50 C:\Users\satya\SimplicityStudio\v4_workspace\Satya-New\protocol\bluetooth\lib\EFR32BG13P\GCC\libbluetooth.a(hci.c.obj)
                0x0000e61c                hci_le_start_encryption
 .text.hci_le_ltk_reply
                0x0000e66c       0x4c C:\Users\satya\SimplicityStudio\v4_workspace\Satya-New\protocol\bluetooth\lib\EFR32BG13P\GCC\libbluetooth.a(hci.c.obj)
                0x0000e66c                hci_le_ltk_reply
 .text.hci_le_remote_connection_parameter_request_reply
                0x0000e6b8       0x58 C:\Users\satya\SimplicityStudio\v4_workspace\Satya-New\protocol\bluetooth\lib\EFR32BG13P\GCC\libbluetooth.a(hci.c.obj)
                0x0000e6b8                hci_le_remote_connection_parameter_request_reply
 .text.hci_event_handle
                0x0000e710      0x2a4 C:\Users\satya\SimplicityStudio\v4_workspace\Satya-New\protocol\bluetooth\lib\EFR32BG13P\GCC\libbluetooth.a(hci.c.obj)
                0x0000e710                hci_event_handle
 .text.hci_get_and_handle
                0x0000e9b4       0x20 C:\Users\satya\SimplicityStudio\v4_workspace\Satya-New\protocol\bluetooth\lib\EFR32BG13P\GCC\libbluetooth.a(hci.c.obj)
                0x0000e9b4                hci_get_and_handle
 .text.hci_state_listener_idle
                0x0000e9d4       0x1c C:\Users\satya\SimplicityStudio\v4_workspace\Satya-New\protocol\bluetooth\lib\EFR32BG13P\GCC\libbluetooth.a(hci.c.obj)
                0x0000e9d4                hci_state_listener_idle
 .text.hci_read_conn_phy
                0x0000e9f0       0x24 C:\Users\satya\SimplicityStudio\v4_workspace\Satya-New\protocol\bluetooth\lib\EFR32BG13P\GCC\libbluetooth.a(hci.c.obj)
                0x0000e9f0                hci_read_conn_phy
 .text.cmd2bgbuf
                0x0000ea14        0x4 C:\Users\satya\SimplicityStudio\v4_workspace\Satya-New\protocol\bluetooth\lib\EFR32BG13P\GCC\libbluetooth.a(hci_pck.c.obj)
                0x0000ea14                cmd2bgbuf
 .text.hci_command_alloc
                0x0000ea18       0x2e C:\Users\satya\SimplicityStudio\v4_workspace\Satya-New\protocol\bluetooth\lib\EFR32BG13P\GCC\libbluetooth.a(hci_pck.c.obj)
                0x0000ea18                hci_command_alloc
 .text.hci_command_alloc_bgbuf
                0x0000ea46       0x58 C:\Users\satya\SimplicityStudio\v4_workspace\Satya-New\protocol\bluetooth\lib\EFR32BG13P\GCC\libbluetooth.a(hci_pck.c.obj)
                0x0000ea46                hci_command_alloc_bgbuf
 *fill*         0x0000ea9e        0x2 
 .text.hci_get_output_acl
                0x0000eaa0        0xc C:\Users\satya\SimplicityStudio\v4_workspace\Satya-New\protocol\bluetooth\lib\EFR32BG13P\GCC\libbluetooth.a(hci_pck.c.obj)
                0x0000eaa0                hci_get_output_acl
 .text.hci_get_event
                0x0000eaac        0xc C:\Users\satya\SimplicityStudio\v4_workspace\Satya-New\protocol\bluetooth\lib\EFR32BG13P\GCC\libbluetooth.a(hci_pck.c.obj)
                0x0000eaac                hci_get_event
 .text.hci_inject_event
                0x0000eab8        0xc C:\Users\satya\SimplicityStudio\v4_workspace\Satya-New\protocol\bluetooth\lib\EFR32BG13P\GCC\libbluetooth.a(hci_pck.c.obj)
                0x0000eab8                hci_inject_event
 .text.bg_pre_sleep
                0x0000eac4        0x2 C:\Users\satya\SimplicityStudio\v4_workspace\Satya-New\protocol\bluetooth\lib\EFR32BG13P\GCC\libbluetooth.a(init.c.obj)
                0x0000eac4                bg_pre_sleep
 .text.bg_post_wakeup
                0x0000eac6        0x2 C:\Users\satya\SimplicityStudio\v4_workspace\Satya-New\protocol\bluetooth\lib\EFR32BG13P\GCC\libbluetooth.a(init.c.obj)
                0x0000eac6                bg_post_wakeup
 .text.bg_get_le_phys
                0x0000eac8        0x4 C:\Users\satya\SimplicityStudio\v4_workspace\Satya-New\protocol\bluetooth\lib\EFR32BG13P\GCC\libbluetooth.a(init.c.obj)
                0x0000eac8                bg_get_le_phys
 .text.bg_low_init
                0x0000eacc       0x30 C:\Users\satya\SimplicityStudio\v4_workspace\Satya-New\protocol\bluetooth\lib\EFR32BG13P\GCC\libbluetooth.a(init.c.obj)
                0x0000eacc                bg_low_init
 .text.bg_radio_pa_set_tx_power
                0x0000eafc       0x5c C:\Users\satya\SimplicityStudio\v4_workspace\Satya-New\protocol\bluetooth\lib\EFR32BG13P\GCC\libbluetooth.a(init.c.obj)
                0x0000eafc                bg_radio_pa_set_tx_power
 .text.bg_radio_init
                0x0000eb58       0xd4 C:\Users\satya\SimplicityStudio\v4_workspace\Satya-New\protocol\bluetooth\lib\EFR32BG13P\GCC\libbluetooth.a(init.c.obj)
                0x0000eb58                bg_radio_init
 .text.irq_init
                0x0000ec2c       0x80 C:\Users\satya\SimplicityStudio\v4_workspace\Satya-New\protocol\bluetooth\lib\EFR32BG13P\GCC\libbluetooth.a(irq.c.obj)
                0x0000ec2c                irq_init
 .text.l2cap_send_update_parameters_response
                0x0000ecac       0x48 C:\Users\satya\SimplicityStudio\v4_workspace\Satya-New\protocol\bluetooth\lib\EFR32BG13P\GCC\libbluetooth.a(l2cap.c.obj)
 .text.l2cap_message_handler
                0x0000ecf4       0x34 C:\Users\satya\SimplicityStudio\v4_workspace\Satya-New\protocol\bluetooth\lib\EFR32BG13P\GCC\libbluetooth.a(l2cap.c.obj)
                0x0000ecf4                l2cap_message_handler
 .text.l2cap_send_command_reject.constprop.1
                0x0000ed28       0x48 C:\Users\satya\SimplicityStudio\v4_workspace\Satya-New\protocol\bluetooth\lib\EFR32BG13P\GCC\libbluetooth.a(l2cap.c.obj)
 .text.l2cap_init
                0x0000ed70       0x20 C:\Users\satya\SimplicityStudio\v4_workspace\Satya-New\protocol\bluetooth\lib\EFR32BG13P\GCC\libbluetooth.a(l2cap.c.obj)
                0x0000ed70                l2cap_init
 .text.l2cap_send_fixed_channel
                0x0000ed90       0x40 C:\Users\satya\SimplicityStudio\v4_workspace\Satya-New\protocol\bluetooth\lib\EFR32BG13P\GCC\libbluetooth.a(l2cap.c.obj)
                0x0000ed90                l2cap_send_fixed_channel
 .text.acl_packet_handle
                0x0000edd0      0x150 C:\Users\satya\SimplicityStudio\v4_workspace\Satya-New\protocol\bluetooth\lib\EFR32BG13P\GCC\libbluetooth.a(l2cap.c.obj)
                0x0000edd0                acl_packet_handle
 .text.ll_hciSetCommandCompleteHeader
                0x0000ef20       0x1a C:\Users\satya\SimplicityStudio\v4_workspace\Satya-New\protocol\bluetooth\lib\EFR32BG13P\GCC\libbluetooth.a(ll_hci.c.obj)
                0x0000ef20                ll_hciSetCommandCompleteHeader
 .text.ll_hciSetMetaEventHeader
                0x0000ef3a       0x12 C:\Users\satya\SimplicityStudio\v4_workspace\Satya-New\protocol\bluetooth\lib\EFR32BG13P\GCC\libbluetooth.a(ll_hci.c.obj)
                0x0000ef3a                ll_hciSetMetaEventHeader
 .text.ll_hciSetCommandStatusHeader
                0x0000ef4c       0x18 C:\Users\satya\SimplicityStudio\v4_workspace\Satya-New\protocol\bluetooth\lib\EFR32BG13P\GCC\libbluetooth.a(ll_hci.c.obj)
                0x0000ef4c                ll_hciSetCommandStatusHeader
 .text.ll_hciSendHCIEvent
                0x0000ef64        0xc C:\Users\satya\SimplicityStudio\v4_workspace\Satya-New\protocol\bluetooth\lib\EFR32BG13P\GCC\libbluetooth.a(ll_hci.c.obj)
                0x0000ef64                ll_hciSendHCIEvent
 .text.ll_hciSendGenericCommandComplete
                0x0000ef70       0x10 C:\Users\satya\SimplicityStudio\v4_workspace\Satya-New\protocol\bluetooth\lib\EFR32BG13P\GCC\libbluetooth.a(ll_hci.c.obj)
                0x0000ef70                ll_hciSendGenericCommandComplete
 .text.ll_hciInit
                0x0000ef80        0xc C:\Users\satya\SimplicityStudio\v4_workspace\Satya-New\protocol\bluetooth\lib\EFR32BG13P\GCC\libbluetooth.a(ll_hci.c.obj)
                0x0000ef80                ll_hciInit
 .text.BTLE_HCIToLLCmdSAP
                0x0000ef8c       0x30 C:\Users\satya\SimplicityStudio\v4_workspace\Satya-New\protocol\bluetooth\lib\EFR32BG13P\GCC\libbluetooth.a(ll_hci.c.obj)
                0x0000ef8c                BTLE_HCIToLLCmdSAP
 .text.BTLE_HCIToLLDataSAP
                0x0000efbc       0x44 C:\Users\satya\SimplicityStudio\v4_workspace\Satya-New\protocol\bluetooth\lib\EFR32BG13P\GCC\libbluetooth.a(ll_hci.c.obj)
                0x0000efbc                BTLE_HCIToLLDataSAP
 .text.ll_hciHandleCommandDebug
                0x0000f000        0x4 C:\Users\satya\SimplicityStudio\v4_workspace\Satya-New\protocol\bluetooth\lib\EFR32BG13P\GCC\libbluetooth.a(ll_hci.c.obj)
                0x0000f000                ll_hciHandleCommandDebug
 .text.ll_hciHandleDisconnect
                0x0000f004       0x46 C:\Users\satya\SimplicityStudio\v4_workspace\Satya-New\protocol\bluetooth\lib\EFR32BG13P\GCC\libbluetooth.a(ll_hci.c.obj)
                0x0000f004                ll_hciHandleDisconnect
 .text.ll_hciHandleUnknown
                0x0000f04a        0xc C:\Users\satya\SimplicityStudio\v4_workspace\Satya-New\protocol\bluetooth\lib\EFR32BG13P\GCC\libbluetooth.a(ll_hci.c.obj)
                0x0000f04a                ll_hciHandleUnknown
 .text.ll_hciHandleReset
                0x0000f056       0x18 C:\Users\satya\SimplicityStudio\v4_workspace\Satya-New\protocol\bluetooth\lib\EFR32BG13P\GCC\libbluetooth.a(ll_hci.c.obj)
                0x0000f056                ll_hciHandleReset
 *fill*         0x0000f06e        0x2 
 .text.ll_hciHandleReadBDADDR
                0x0000f070       0x2c C:\Users\satya\SimplicityStudio\v4_workspace\Satya-New\protocol\bluetooth\lib\EFR32BG13P\GCC\libbluetooth.a(ll_hci.c.obj)
                0x0000f070                ll_hciHandleReadBDADDR
 .text.ll_hciHandleSetHostChannelClassification
                0x0000f09c       0x3e C:\Users\satya\SimplicityStudio\v4_workspace\Satya-New\protocol\bluetooth\lib\EFR32BG13P\GCC\libbluetooth.a(ll_hci.c.obj)
                0x0000f09c                ll_hciHandleSetHostChannelClassification
 .text.ll_hciHandleLeWriteRfPathCompensation
                0x0000f0da       0x26 C:\Users\satya\SimplicityStudio\v4_workspace\Satya-New\protocol\bluetooth\lib\EFR32BG13P\GCC\libbluetooth.a(ll_hci.c.obj)
                0x0000f0da                ll_hciHandleLeWriteRfPathCompensation
 .text.ll_hciHandleLeSetExtendedScanResponseData
                0x0000f100       0x5a C:\Users\satya\SimplicityStudio\v4_workspace\Satya-New\protocol\bluetooth\lib\EFR32BG13P\GCC\libbluetooth.a(ll_hci.c.obj)
                0x0000f100                ll_hciHandleLeSetExtendedScanResponseData
 .text.ll_hciHandleLeStartEncryption
                0x0000f15a       0x50 C:\Users\satya\SimplicityStudio\v4_workspace\Satya-New\protocol\bluetooth\lib\EFR32BG13P\GCC\libbluetooth.a(ll_hci.c.obj)
                0x0000f15a                ll_hciHandleLeStartEncryption
 .text.ll_hciHandleLeLtkNegReply
                0x0000f1aa       0x3a C:\Users\satya\SimplicityStudio\v4_workspace\Satya-New\protocol\bluetooth\lib\EFR32BG13P\GCC\libbluetooth.a(ll_hci.c.obj)
                0x0000f1aa                ll_hciHandleLeLtkNegReply
 .text.ll_hciHandleLeLtkReply
                0x0000f1e4       0x44 C:\Users\satya\SimplicityStudio\v4_workspace\Satya-New\protocol\bluetooth\lib\EFR32BG13P\GCC\libbluetooth.a(ll_hci.c.obj)
                0x0000f1e4                ll_hciHandleLeLtkReply
 .text.ll_hciHandleLeSetExtendedAdvertisingData
                0x0000f228       0x60 C:\Users\satya\SimplicityStudio\v4_workspace\Satya-New\protocol\bluetooth\lib\EFR32BG13P\GCC\libbluetooth.a(ll_hci.c.obj)
                0x0000f228                ll_hciHandleLeSetExtendedAdvertisingData
 .text.ll_hciHandleSiliconLabsSetConnectionConfigBits
                0x0000f288       0x30 C:\Users\satya\SimplicityStudio\v4_workspace\Satya-New\protocol\bluetooth\lib\EFR32BG13P\GCC\libbluetooth.a(ll_hci.c.obj)
                0x0000f288                ll_hciHandleSiliconLabsSetConnectionConfigBits
 .text.ll_hciHandleSiliconLabsClearConnectionConfigBits
                0x0000f2b8       0x30 C:\Users\satya\SimplicityStudio\v4_workspace\Satya-New\protocol\bluetooth\lib\EFR32BG13P\GCC\libbluetooth.a(ll_hci.c.obj)
                0x0000f2b8                ll_hciHandleSiliconLabsClearConnectionConfigBits
 .text.ll_hciHandleSiliconLabsConfigFlags
                0x0000f2e8       0x46 C:\Users\satya\SimplicityStudio\v4_workspace\Satya-New\protocol\bluetooth\lib\EFR32BG13P\GCC\libbluetooth.a(ll_hci.c.obj)
                0x0000f2e8                ll_hciHandleSiliconLabsConfigFlags
 .text.ll_hciHandleSiliconLabsGetCounters
                0x0000f32e       0x56 C:\Users\satya\SimplicityStudio\v4_workspace\Satya-New\protocol\bluetooth\lib\EFR32BG13P\GCC\libbluetooth.a(ll_hci.c.obj)
                0x0000f32e                ll_hciHandleSiliconLabsGetCounters
 .text.ll_hciHandleSiliconLabsGetTiming
                0x0000f384       0x1e C:\Users\satya\SimplicityStudio\v4_workspace\Satya-New\protocol\bluetooth\lib\EFR32BG13P\GCC\libbluetooth.a(ll_hci.c.obj)
                0x0000f384                ll_hciHandleSiliconLabsGetTiming
 *fill*         0x0000f3a2        0x2 
 .text.ll_hciHandleSiliconLabsConfigure
                0x0000f3a4       0x8c C:\Users\satya\SimplicityStudio\v4_workspace\Satya-New\protocol\bluetooth\lib\EFR32BG13P\GCC\libbluetooth.a(ll_hci.c.obj)
                0x0000f3a4                ll_hciHandleSiliconLabsConfigure
 .text.ll_hciHandleLeSetExtendedAdvertisingEnable
                0x0000f430       0x7c C:\Users\satya\SimplicityStudio\v4_workspace\Satya-New\protocol\bluetooth\lib\EFR32BG13P\GCC\libbluetooth.a(ll_hci.c.obj)
                0x0000f430                ll_hciHandleLeSetExtendedAdvertisingEnable
 .text.ll_hciHandleLeSetRandomAddress
                0x0000f4ac       0x1e C:\Users\satya\SimplicityStudio\v4_workspace\Satya-New\protocol\bluetooth\lib\EFR32BG13P\GCC\libbluetooth.a(ll_hci.c.obj)
                0x0000f4ac                ll_hciHandleLeSetRandomAddress
 .text.ll_hciHandleLeSetAdvertisingSetRandomAddress
                0x0000f4ca       0x2e C:\Users\satya\SimplicityStudio\v4_workspace\Satya-New\protocol\bluetooth\lib\EFR32BG13P\GCC\libbluetooth.a(ll_hci.c.obj)
                0x0000f4ca                ll_hciHandleLeSetAdvertisingSetRandomAddress
 .text.ll_hciHandleLeSetExtendedAdvertisingParameters
                0x0000f4f8      0x10a C:\Users\satya\SimplicityStudio\v4_workspace\Satya-New\protocol\bluetooth\lib\EFR32BG13P\GCC\libbluetooth.a(ll_hci.c.obj)
                0x0000f4f8                ll_hciHandleLeSetExtendedAdvertisingParameters
 .text.ll_hciHandleLeSetExtendedScanParameters
                0x0000f602       0x3a C:\Users\satya\SimplicityStudio\v4_workspace\Satya-New\protocol\bluetooth\lib\EFR32BG13P\GCC\libbluetooth.a(ll_hci.c.obj)
                0x0000f602                ll_hciHandleLeSetExtendedScanParameters
 .text.ll_hciHandleLeSetScanParameters
                0x0000f63c       0x3e C:\Users\satya\SimplicityStudio\v4_workspace\Satya-New\protocol\bluetooth\lib\EFR32BG13P\GCC\libbluetooth.a(ll_hci.c.obj)
                0x0000f63c                ll_hciHandleLeSetScanParameters
 .text.ll_hciHandleLeSetExtendedScanEnable
                0x0000f67a       0x2e C:\Users\satya\SimplicityStudio\v4_workspace\Satya-New\protocol\bluetooth\lib\EFR32BG13P\GCC\libbluetooth.a(ll_hci.c.obj)
                0x0000f67a                ll_hciHandleLeSetExtendedScanEnable
 .text.ll_hciHandleLeEnhancedReceiverTest
                0x0000f6a8       0x3c C:\Users\satya\SimplicityStudio\v4_workspace\Satya-New\protocol\bluetooth\lib\EFR32BG13P\GCC\libbluetooth.a(ll_hci.c.obj)
                0x0000f6a8                ll_hciHandleLeEnhancedReceiverTest
 .text.ll_hciHandleLeEnhancedTransmitterTest
                0x0000f6e4       0x40 C:\Users\satya\SimplicityStudio\v4_workspace\Satya-New\protocol\bluetooth\lib\EFR32BG13P\GCC\libbluetooth.a(ll_hci.c.obj)
                0x0000f6e4                ll_hciHandleLeEnhancedTransmitterTest
 .text.ll_hciHandleLeTestEnd
                0x0000f724       0x26 C:\Users\satya\SimplicityStudio\v4_workspace\Satya-New\protocol\bluetooth\lib\EFR32BG13P\GCC\libbluetooth.a(ll_hci.c.obj)
                0x0000f724                ll_hciHandleLeTestEnd
 .text.ll_hciHandleLeConnectionUpdate
                0x0000f74a       0x60 C:\Users\satya\SimplicityStudio\v4_workspace\Satya-New\protocol\bluetooth\lib\EFR32BG13P\GCC\libbluetooth.a(ll_hci.c.obj)
                0x0000f74a                ll_hciHandleLeConnectionUpdate
 .text.ll_hciHandleLeCreateConnectionCancel
                0x0000f7aa       0x30 C:\Users\satya\SimplicityStudio\v4_workspace\Satya-New\protocol\bluetooth\lib\EFR32BG13P\GCC\libbluetooth.a(ll_hci.c.obj)
                0x0000f7aa                ll_hciHandleLeCreateConnectionCancel
 .text.ll_hciHandleLeCreateConnection
                0x0000f7da       0x92 C:\Users\satya\SimplicityStudio\v4_workspace\Satya-New\protocol\bluetooth\lib\EFR32BG13P\GCC\libbluetooth.a(ll_hci.c.obj)
                0x0000f7da                ll_hciHandleLeCreateConnection
 .text.ll_hciHandleLeExtendedCreateConnection
                0x0000f86c       0x96 C:\Users\satya\SimplicityStudio\v4_workspace\Satya-New\protocol\bluetooth\lib\EFR32BG13P\GCC\libbluetooth.a(ll_hci.c.obj)
                0x0000f86c                ll_hciHandleLeExtendedCreateConnection
 .text.ll_hciHandleLeWriteSuggestedDefaultDataLength
                0x0000f902       0x28 C:\Users\satya\SimplicityStudio\v4_workspace\Satya-New\protocol\bluetooth\lib\EFR32BG13P\GCC\libbluetooth.a(ll_hci.c.obj)
                0x0000f902                ll_hciHandleLeWriteSuggestedDefaultDataLength
 .text.ll_hciHandleLeSetDataLength
                0x0000f92a       0x5a C:\Users\satya\SimplicityStudio\v4_workspace\Satya-New\protocol\bluetooth\lib\EFR32BG13P\GCC\libbluetooth.a(ll_hci.c.obj)
                0x0000f92a                ll_hciHandleLeSetDataLength
 .text.ll_hciReadRemoteUsedFeatures
                0x0000f984       0x40 C:\Users\satya\SimplicityStudio\v4_workspace\Satya-New\protocol\bluetooth\lib\EFR32BG13P\GCC\libbluetooth.a(ll_hci.c.obj)
                0x0000f984                ll_hciReadRemoteUsedFeatures
 .text.ll_hciReadRemoteVersionInformation
                0x0000f9c4       0x40 C:\Users\satya\SimplicityStudio\v4_workspace\Satya-New\protocol\bluetooth\lib\EFR32BG13P\GCC\libbluetooth.a(ll_hci.c.obj)
                0x0000f9c4                ll_hciReadRemoteVersionInformation
 .text.ll_hciHandleReadRssi
                0x0000fa04       0x40 C:\Users\satya\SimplicityStudio\v4_workspace\Satya-New\protocol\bluetooth\lib\EFR32BG13P\GCC\libbluetooth.a(ll_hci.c.obj)
                0x0000fa04                ll_hciHandleReadRssi
 .text.ll_hciSendLeConnectionUpdate
                0x0000fa44       0x3a C:\Users\satya\SimplicityStudio\v4_workspace\Satya-New\protocol\bluetooth\lib\EFR32BG13P\GCC\libbluetooth.a(ll_hci.c.obj)
                0x0000fa44                ll_hciSendLeConnectionUpdate
 .text.ll_hciSendLeConnectionComplete
                0x0000fa7e       0x66 C:\Users\satya\SimplicityStudio\v4_workspace\Satya-New\protocol\bluetooth\lib\EFR32BG13P\GCC\libbluetooth.a(ll_hci.c.obj)
                0x0000fa7e                ll_hciSendLeConnectionComplete
 .text.ll_hciSendVersionComplete
                0x0000fae4       0x40 C:\Users\satya\SimplicityStudio\v4_workspace\Satya-New\protocol\bluetooth\lib\EFR32BG13P\GCC\libbluetooth.a(ll_hci.c.obj)
                0x0000fae4                ll_hciSendVersionComplete
 .text.ll_hciSendUsedFeaturesComplete
                0x0000fb24       0x34 C:\Users\satya\SimplicityStudio\v4_workspace\Satya-New\protocol\bluetooth\lib\EFR32BG13P\GCC\libbluetooth.a(ll_hci.c.obj)
                0x0000fb24                ll_hciSendUsedFeaturesComplete
 .text.ll_hciSendEncryptionKeyRefreshComplete
                0x0000fb58       0x28 C:\Users\satya\SimplicityStudio\v4_workspace\Satya-New\protocol\bluetooth\lib\EFR32BG13P\GCC\libbluetooth.a(ll_hci.c.obj)
                0x0000fb58                ll_hciSendEncryptionKeyRefreshComplete
 .text.ll_hciSendEncryptionChange
                0x0000fb80       0x30 C:\Users\satya\SimplicityStudio\v4_workspace\Satya-New\protocol\bluetooth\lib\EFR32BG13P\GCC\libbluetooth.a(ll_hci.c.obj)
                0x0000fb80                ll_hciSendEncryptionChange
 .text.ll_hciSendLeDataLengthChanged
                0x0000fbb0       0x44 C:\Users\satya\SimplicityStudio\v4_workspace\Satya-New\protocol\bluetooth\lib\EFR32BG13P\GCC\libbluetooth.a(ll_hci.c.obj)
                0x0000fbb0                ll_hciSendLeDataLengthChanged
 .text.ll_hciSendLeLtkRequest
                0x0000fbf4       0x3a C:\Users\satya\SimplicityStudio\v4_workspace\Satya-New\protocol\bluetooth\lib\EFR32BG13P\GCC\libbluetooth.a(ll_hci.c.obj)
                0x0000fbf4                ll_hciSendLeLtkRequest
 .text.ll_hciSendAdvSetTerminated
                0x0000fc2e       0x40 C:\Users\satya\SimplicityStudio\v4_workspace\Satya-New\protocol\bluetooth\lib\EFR32BG13P\GCC\libbluetooth.a(ll_hci.c.obj)
                0x0000fc2e                ll_hciSendAdvSetTerminated
 .text.ll_hciSendScanRequestReceived
                0x0000fc6e       0x32 C:\Users\satya\SimplicityStudio\v4_workspace\Satya-New\protocol\bluetooth\lib\EFR32BG13P\GCC\libbluetooth.a(ll_hci.c.obj)
                0x0000fc6e                ll_hciSendScanRequestReceived
 .text.ll_hciSendLeChannelSelectionAlgorithm
                0x0000fca0       0x2e C:\Users\satya\SimplicityStudio\v4_workspace\Satya-New\protocol\bluetooth\lib\EFR32BG13P\GCC\libbluetooth.a(ll_hci.c.obj)
                0x0000fca0                ll_hciSendLeChannelSelectionAlgorithm
 .text.ll_hciSendNumberOfCompletedPackets
                0x0000fcce       0x2e C:\Users\satya\SimplicityStudio\v4_workspace\Satya-New\protocol\bluetooth\lib\EFR32BG13P\GCC\libbluetooth.a(ll_hci.c.obj)
                0x0000fcce                ll_hciSendNumberOfCompletedPackets
 .text.ll_hciHandleCommand
                0x0000fcfc      0x2cc C:\Users\satya\SimplicityStudio\v4_workspace\Satya-New\protocol\bluetooth\lib\EFR32BG13P\GCC\libbluetooth.a(ll_hci.c.obj)
                0x0000fcfc                ll_hciHandleCommand
 .text.ll_hciSendDisconnection
                0x0000ffc8       0x2c C:\Users\satya\SimplicityStudio\v4_workspace\Satya-New\protocol\bluetooth\lib\EFR32BG13P\GCC\libbluetooth.a(ll_hci.c.obj)
                0x0000ffc8                ll_hciSendDisconnection
 .text.ll_hciSendLeAdvertisingReport
                0x0000fff4       0x2e C:\Users\satya\SimplicityStudio\v4_workspace\Satya-New\protocol\bluetooth\lib\EFR32BG13P\GCC\libbluetooth.a(ll_hci.c.obj)
                0x0000fff4                ll_hciSendLeAdvertisingReport
 .text.ll_hciHandleACL
                0x00010022       0x40 C:\Users\satya\SimplicityStudio\v4_workspace\Satya-New\protocol\bluetooth\lib\EFR32BG13P\GCC\libbluetooth.a(ll_hci.c.obj)
                0x00010022                ll_hciHandleACL
 *fill*         0x00010062        0x2 
 .text.ll_hciHandleMessage
                0x00010064       0x3c C:\Users\satya\SimplicityStudio\v4_workspace\Satya-New\protocol\bluetooth\lib\EFR32BG13P\GCC\libbluetooth.a(ll_hci.c.obj)
                0x00010064                ll_hciHandleMessage
 .text.ll_hciAclPacketReceived
                0x000100a0        0x4 C:\Users\satya\SimplicityStudio\v4_workspace\Satya-New\protocol\bluetooth\lib\EFR32BG13P\GCC\libbluetooth.a(ll_hci.c.obj)
                0x000100a0                ll_hciAclPacketReceived
 .text.ll_initPhy
                0x000100a4        0x2 C:\Users\satya\SimplicityStudio\v4_workspace\Satya-New\protocol\bluetooth\lib\EFR32BG13P\GCC\libbluetooth.a(ll_hci_phy.c.obj)
                0x000100a4                ll_initPhy
 *fill*         0x000100a6        0x2 
 .text.ll_hciSendLePhyUpdateComplete
                0x000100a8       0x4c C:\Users\satya\SimplicityStudio\v4_workspace\Satya-New\protocol\bluetooth\lib\EFR32BG13P\GCC\libbluetooth.a(ll_hci_phy.c.obj)
                0x000100a8                ll_hciSendLePhyUpdateComplete
 .text.ll_hciHandleCommandPhy
                0x000100f4      0x108 C:\Users\satya\SimplicityStudio\v4_workspace\Satya-New\protocol\bluetooth\lib\EFR32BG13P\GCC\libbluetooth.a(ll_hci_phy.c.obj)
                0x000100f4                ll_hciHandleCommandPhy
 .text.ll_bgbuf_callback
                0x000101fc       0x10 C:\Users\satya\SimplicityStudio\v4_workspace\Satya-New\protocol\bluetooth\lib\EFR32BG13P\GCC\libbluetooth.a(ll_init.c.obj)
 .text.BTLE_LL_Process
                0x0001020c       0xc8 C:\Users\satya\SimplicityStudio\v4_workspace\Satya-New\protocol\bluetooth\lib\EFR32BG13P\GCC\libbluetooth.a(ll_init.c.obj)
                0x0001020c                BTLE_LL_Process
 .text.ll_initAllocMem
                0x000102d4       0x18 C:\Users\satya\SimplicityStudio\v4_workspace\Satya-New\protocol\bluetooth\lib\EFR32BG13P\GCC\libbluetooth.a(ll_init.c.obj)
                0x000102d4                ll_initAllocMem
 .text.BTLE_LL_Init
                0x000102ec       0x74 C:\Users\satya\SimplicityStudio\v4_workspace\Satya-New\protocol\bluetooth\lib\EFR32BG13P\GCC\libbluetooth.a(ll_init.c.obj)
                0x000102ec                BTLE_LL_Init
 .text.BTLE_LL_SetFlags
                0x00010360       0x18 C:\Users\satya\SimplicityStudio\v4_workspace\Satya-New\protocol\bluetooth\lib\EFR32BG13P\GCC\libbluetooth.a(ll_init.c.obj)
                0x00010360                BTLE_LL_SetFlags
 .text.BTLE_LL_ClearFlags
                0x00010378       0x18 C:\Users\satya\SimplicityStudio\v4_workspace\Satya-New\protocol\bluetooth\lib\EFR32BG13P\GCC\libbluetooth.a(ll_init.c.obj)
                0x00010378                BTLE_LL_ClearFlags
 .text.BTLE_LL_GetFlags
                0x00010390        0xc C:\Users\satya\SimplicityStudio\v4_workspace\Satya-New\protocol\bluetooth\lib\EFR32BG13P\GCC\libbluetooth.a(ll_init.c.obj)
                0x00010390                BTLE_LL_GetFlags
 .text.BTLE_LL_SetMaxPower
                0x0001039c       0x14 C:\Users\satya\SimplicityStudio\v4_workspace\Satya-New\protocol\bluetooth\lib\EFR32BG13P\GCC\libbluetooth.a(ll_init.c.obj)
                0x0001039c                BTLE_LL_SetMaxPower
 .text.ll_llcpCallbackLinkLost
                0x000103b0        0x4 C:\Users\satya\SimplicityStudio\v4_workspace\Satya-New\protocol\bluetooth\lib\EFR32BG13P\GCC\libbluetooth.a(ll_llcp.c.obj)
 .text.ll_connIsSlave
                0x000103b4        0xc C:\Users\satya\SimplicityStudio\v4_workspace\Satya-New\protocol\bluetooth\lib\EFR32BG13P\GCC\libbluetooth.a(ll_llcp.c.obj)
 .text.ll_llcpCallbackRemoteTerminate
                0x000103c0        0xc C:\Users\satya\SimplicityStudio\v4_workspace\Satya-New\protocol\bluetooth\lib\EFR32BG13P\GCC\libbluetooth.a(ll_llcp.c.obj)
 .text.ll_llcpCallbackLocalTerminate
                0x000103cc       0x18 C:\Users\satya\SimplicityStudio\v4_workspace\Satya-New\protocol\bluetooth\lib\EFR32BG13P\GCC\libbluetooth.a(ll_llcp.c.obj)
 .text.ll_llcpHandleEvent
                0x000103e4       0x42 C:\Users\satya\SimplicityStudio\v4_workspace\Satya-New\protocol\bluetooth\lib\EFR32BG13P\GCC\libbluetooth.a(ll_llcp.c.obj)
                0x000103e4                ll_llcpHandleEvent
 .text.ll_llcpSend
                0x00010426       0x1a C:\Users\satya\SimplicityStudio\v4_workspace\Satya-New\protocol\bluetooth\lib\EFR32BG13P\GCC\libbluetooth.a(ll_llcp.c.obj)
                0x00010426                ll_llcpSend
 .text.ll_llcpSendVersionInd
                0x00010440       0x3e C:\Users\satya\SimplicityStudio\v4_workspace\Satya-New\protocol\bluetooth\lib\EFR32BG13P\GCC\libbluetooth.a(ll_llcp.c.obj)
 .text.ll_llcpHandleFeatureReq
                0x0001047e       0x44 C:\Users\satya\SimplicityStudio\v4_workspace\Satya-New\protocol\bluetooth\lib\EFR32BG13P\GCC\libbluetooth.a(ll_llcp.c.obj)
 .text.ll_llcpSendReject
                0x000104c2       0x54 C:\Users\satya\SimplicityStudio\v4_workspace\Satya-New\protocol\bluetooth\lib\EFR32BG13P\GCC\libbluetooth.a(ll_llcp.c.obj)
                0x000104c2                ll_llcpSendReject
 .text.ll_llcpInitPacket
                0x00010516       0x14 C:\Users\satya\SimplicityStudio\v4_workspace\Satya-New\protocol\bluetooth\lib\EFR32BG13P\GCC\libbluetooth.a(ll_llcp.c.obj)
                0x00010516                ll_llcpInitPacket
 .text.ll_llcpEventKeyRequest
                0x0001052a       0x24 C:\Users\satya\SimplicityStudio\v4_workspace\Satya-New\protocol\bluetooth\lib\EFR32BG13P\GCC\libbluetooth.a(ll_llcp.c.obj)
                0x0001052a                ll_llcpEventKeyRequest
 .text.ll_connSetLlcpCallback
                0x0001054e       0x88 C:\Users\satya\SimplicityStudio\v4_workspace\Satya-New\protocol\bluetooth\lib\EFR32BG13P\GCC\libbluetooth.a(ll_llcp.c.obj)
                0x0001054e                ll_connSetLlcpCallback
 *fill*         0x000105d6        0x2 
 .text.ll_llcpConnectionUpdate_sender
                0x000105d8       0xb8 C:\Users\satya\SimplicityStudio\v4_workspace\Satya-New\protocol\bluetooth\lib\EFR32BG13P\GCC\libbluetooth.a(ll_llcp.c.obj)
 .text.ll_llcpUpdateChannelMap_sender
                0x00010690       0x70 C:\Users\satya\SimplicityStudio\v4_workspace\Satya-New\protocol\bluetooth\lib\EFR32BG13P\GCC\libbluetooth.a(ll_llcp.c.obj)
 .text.ll_llcpFeatureExchange_sender
                0x00010700       0x78 C:\Users\satya\SimplicityStudio\v4_workspace\Satya-New\protocol\bluetooth\lib\EFR32BG13P\GCC\libbluetooth.a(ll_llcp.c.obj)
 .text.ll_llcpReadVersionInformation_sender
                0x00010778       0x2c C:\Users\satya\SimplicityStudio\v4_workspace\Satya-New\protocol\bluetooth\lib\EFR32BG13P\GCC\libbluetooth.a(ll_llcp.c.obj)
 .text.ll_llcpSendLengthReq_sender
                0x000107a4       0x70 C:\Users\satya\SimplicityStudio\v4_workspace\Satya-New\protocol\bluetooth\lib\EFR32BG13P\GCC\libbluetooth.a(ll_llcp.c.obj)
 .text.ll_llcpStartEncryption_sender
                0x00010814       0xfc C:\Users\satya\SimplicityStudio\v4_workspace\Satya-New\protocol\bluetooth\lib\EFR32BG13P\GCC\libbluetooth.a(ll_llcp.c.obj)
 .text.ll_connClearLlcpCallback
                0x00010910       0x3e C:\Users\satya\SimplicityStudio\v4_workspace\Satya-New\protocol\bluetooth\lib\EFR32BG13P\GCC\libbluetooth.a(ll_llcp.c.obj)
                0x00010910                ll_connClearLlcpCallback
 .text.ll_llcpCallbackConnectionUpdateParams
                0x0001094e       0x68 C:\Users\satya\SimplicityStudio\v4_workspace\Satya-New\protocol\bluetooth\lib\EFR32BG13P\GCC\libbluetooth.a(ll_llcp.c.obj)
 *fill*         0x000109b6        0x2 
 .text.ll_llcpCallbackConnectionUpdatePreListen
                0x000109b8       0x4c C:\Users\satya\SimplicityStudio\v4_workspace\Satya-New\protocol\bluetooth\lib\EFR32BG13P\GCC\libbluetooth.a(ll_llcp.c.obj)
 .text.ll_llcpCallbackChannelMapUpdate
                0x00010a04       0x48 C:\Users\satya\SimplicityStudio\v4_workspace\Satya-New\protocol\bluetooth\lib\EFR32BG13P\GCC\libbluetooth.a(ll_llcp.c.obj)
 .text.ll_llcpCallbackChannelMapUpdateMaster
                0x00010a4c       0x28 C:\Users\satya\SimplicityStudio\v4_workspace\Satya-New\protocol\bluetooth\lib\EFR32BG13P\GCC\libbluetooth.a(ll_llcp.c.obj)
 .text.ll_connAbortLlcp
                0x00010a74       0x24 C:\Users\satya\SimplicityStudio\v4_workspace\Satya-New\protocol\bluetooth\lib\EFR32BG13P\GCC\libbluetooth.a(ll_llcp.c.obj)
                0x00010a74                ll_connAbortLlcp
 .text.ll_llcpCommonTimeout.isra.1
                0x00010a98       0x32 C:\Users\satya\SimplicityStudio\v4_workspace\Satya-New\protocol\bluetooth\lib\EFR32BG13P\GCC\libbluetooth.a(ll_llcp.c.obj)
 .text.ll_llcpCallbackLengthReqSent
                0x00010aca        0x4 C:\Users\satya\SimplicityStudio\v4_workspace\Satya-New\protocol\bluetooth\lib\EFR32BG13P\GCC\libbluetooth.a(ll_llcp.c.obj)
 .text.ll_llcpCallbackFeatureReqSent
                0x00010ace       0x24 C:\Users\satya\SimplicityStudio\v4_workspace\Satya-New\protocol\bluetooth\lib\EFR32BG13P\GCC\libbluetooth.a(ll_llcp.c.obj)
 .text.ll_llcpVersionExchange
                0x00010af2        0x4 C:\Users\satya\SimplicityStudio\v4_workspace\Satya-New\protocol\bluetooth\lib\EFR32BG13P\GCC\libbluetooth.a(ll_llcp.c.obj)
 .text.ll_llcpCallbackEncryption
                0x00010af6       0x72 C:\Users\satya\SimplicityStudio\v4_workspace\Satya-New\protocol\bluetooth\lib\EFR32BG13P\GCC\libbluetooth.a(ll_llcp.c.obj)
 .text.ll_llcpLtkReply
                0x00010b68       0x72 C:\Users\satya\SimplicityStudio\v4_workspace\Satya-New\protocol\bluetooth\lib\EFR32BG13P\GCC\libbluetooth.a(ll_llcp.c.obj)
                0x00010b68                ll_llcpLtkReply
 *fill*         0x00010bda        0x2 
 .text.ll_llcpDisconnect
                0x00010bdc       0x80 C:\Users\satya\SimplicityStudio\v4_workspace\Satya-New\protocol\bluetooth\lib\EFR32BG13P\GCC\libbluetooth.a(ll_llcp.c.obj)
                0x00010bdc                ll_llcpDisconnect
 .text.ll_llcpLinkLost
                0x00010c5c       0x3c C:\Users\satya\SimplicityStudio\v4_workspace\Satya-New\protocol\bluetooth\lib\EFR32BG13P\GCC\libbluetooth.a(ll_llcp.c.obj)
                0x00010c5c                ll_llcpLinkLost
 .text.ll_llcpCheckInstant
                0x00010c98       0x22 C:\Users\satya\SimplicityStudio\v4_workspace\Satya-New\protocol\bluetooth\lib\EFR32BG13P\GCC\libbluetooth.a(ll_llcp.c.obj)
                0x00010c98                ll_llcpCheckInstant
 *fill*         0x00010cba        0x2 
 .text.ll_llcpHandlePacketCommon
                0x00010cbc      0x284 C:\Users\satya\SimplicityStudio\v4_workspace\Satya-New\protocol\bluetooth\lib\EFR32BG13P\GCC\libbluetooth.a(ll_llcp.c.obj)
                0x00010cbc                ll_llcpHandlePacketCommon
 .text.ll_llcpHandlePacketMaster
                0x00010f40      0x104 C:\Users\satya\SimplicityStudio\v4_workspace\Satya-New\protocol\bluetooth\lib\EFR32BG13P\GCC\libbluetooth.a(ll_llcp.c.obj)
                0x00010f40                ll_llcpHandlePacketMaster
 .text.ll_llcpHandlePacketSlave
                0x00011044      0x210 C:\Users\satya\SimplicityStudio\v4_workspace\Satya-New\protocol\bluetooth\lib\EFR32BG13P\GCC\libbluetooth.a(ll_llcp.c.obj)
                0x00011044                ll_llcpHandlePacketSlave
 .text.ll_llcpHandlePacket
                0x00011254       0x38 C:\Users\satya\SimplicityStudio\v4_workspace\Satya-New\protocol\bluetooth\lib\EFR32BG13P\GCC\libbluetooth.a(ll_llcp.c.obj)
                0x00011254                ll_llcpHandlePacket
 .text.ll_llcpGetInstantProcedure
                0x0001128c       0x28 C:\Users\satya\SimplicityStudio\v4_workspace\Satya-New\protocol\bluetooth\lib\EFR32BG13P\GCC\libbluetooth.a(ll_llcp.c.obj)
                0x0001128c                ll_llcpGetInstantProcedure
 .text.ll_llcpGetNextEvent
                0x000112b4       0x58 C:\Users\satya\SimplicityStudio\v4_workspace\Satya-New\protocol\bluetooth\lib\EFR32BG13P\GCC\libbluetooth.a(ll_llcp.c.obj)
                0x000112b4                ll_llcpGetNextEvent
 .text.ll_startOrQueueProcedure