Archive member included to satisfy reference by file (symbol)

C:\Users\satya\SimplicityStudio\v4_workspace\soc-btmesh-empty_2\protocol\bluetooth\lib\EFR32XG13X\GCC\libbluetooth_mesh.a(bgapi.c.obj)
                              ./main.o (symbol from plugin) (gecko_cmd_msg_buf)
C:\Users\satya\SimplicityStudio\v4_workspace\soc-btmesh-empty_2\protocol\bluetooth\lib\EFR32XG13X\GCC\libbluetooth_mesh.a(bgapi_gap.c.obj)
                              ./main.o (symbol from plugin) (sli_bt_cmd_le_gap_set_mode)
C:\Users\satya\SimplicityStudio\v4_workspace\soc-btmesh-empty_2\protocol\bluetooth\lib\EFR32XG13X\GCC\libbluetooth_mesh.a(bgapi_gatt.c.obj)
                              bgapi.c.obj (symbol from plugin) (bgapi_gatt_listener)
C:\Users\satya\SimplicityStudio\v4_workspace\soc-btmesh-empty_2\protocol\bluetooth\lib\EFR32XG13X\GCC\libbluetooth_mesh.a(bgapi_gatt_lib.c.obj)
                              ./main.o (symbol from plugin) (sli_bt_cmd_gatt_server_write_attribute_value)
C:\Users\satya\SimplicityStudio\v4_workspace\soc-btmesh-empty_2\protocol\bluetooth\lib\EFR32XG13X\GCC\libbluetooth_mesh.a(bgapi_hardware.c.obj)
                              ./main.o (symbol from plugin) (sli_bt_cmd_hardware_set_soft_timer)
C:\Users\satya\SimplicityStudio\v4_workspace\soc-btmesh-empty_2\protocol\bluetooth\lib\EFR32XG13X\GCC\libbluetooth_mesh.a(bgapi_le_connection.c.obj)
                              ./main.o (symbol from plugin) (sli_bt_cmd_le_connection_close)
C:\Users\satya\SimplicityStudio\v4_workspace\soc-btmesh-empty_2\protocol\bluetooth\lib\EFR32XG13X\GCC\libbluetooth_mesh.a(bgapi_ps.c.obj)
                              ./main.o (symbol from plugin) (sli_bt_cmd_flash_ps_erase_all)
C:\Users\satya\SimplicityStudio\v4_workspace\soc-btmesh-empty_2\protocol\bluetooth\lib\EFR32XG13X\GCC\libbluetooth_mesh.a(bgapi_system.c.obj)
                              ./main.o (symbol from plugin) (sli_bt_cmd_system_get_bt_address)
C:\Users\satya\SimplicityStudio\v4_workspace\soc-btmesh-empty_2\protocol\bluetooth\lib\EFR32XG13X\GCC\libbluetooth_mesh.a(bgbuf.c.obj)
                              bgapi.c.obj (symbol from plugin) (bgbuf_chain_free)
C:\Users\satya\SimplicityStudio\v4_workspace\soc-btmesh-empty_2\protocol\bluetooth\lib\EFR32XG13X\GCC\libbluetooth_mesh.a(bglib.c.obj)
                              ./main.o (symbol from plugin) (gecko_stack_init)
C:\Users\satya\SimplicityStudio\v4_workspace\soc-btmesh-empty_2\protocol\bluetooth\lib\EFR32XG13X\GCC\libbluetooth_mesh.a(btl_interface.c.obj)
                              bgapi.c.obj (symbol from plugin) (bootloader_getInfo)
C:\Users\satya\SimplicityStudio\v4_workspace\soc-btmesh-empty_2\protocol\bluetooth\lib\EFR32XG13X\GCC\libbluetooth_mesh.a(gap.c.obj)
                              bglib.c.obj (symbol from plugin) (gap_reset_state)
C:\Users\satya\SimplicityStudio\v4_workspace\soc-btmesh-empty_2\protocol\bluetooth\lib\EFR32XG13X\GCC\libbluetooth_mesh.a(gap_adv.c.obj)
                              gap.c.obj (symbol from plugin) (gap_set_advertising_timeout)
C:\Users\satya\SimplicityStudio\v4_workspace\soc-btmesh-empty_2\protocol\bluetooth\lib\EFR32XG13X\GCC\libbluetooth_mesh.a(gap_deprecated.c.obj)
                              bgapi_gap.c.obj (symbol from plugin) (ubt_gap_set_adv_parameters)
C:\Users\satya\SimplicityStudio\v4_workspace\soc-btmesh-empty_2\protocol\bluetooth\lib\EFR32XG13X\GCC\libbluetooth_mesh.a(gap_resolver.c.obj)
                              gap.c.obj (symbol from plugin) (gap_address_resolver_step)
C:\Users\satya\SimplicityStudio\v4_workspace\soc-btmesh-empty_2\protocol\bluetooth\lib\EFR32XG13X\GCC\libbluetooth_mesh.a(gap_scan.c.obj)
                              gap.c.obj (symbol from plugin) (gap_status_set_scan_packet)
C:\Users\satya\SimplicityStudio\v4_workspace\soc-btmesh-empty_2\protocol\bluetooth\lib\EFR32XG13X\GCC\libbluetooth_mesh.a(gatt.c.obj)
                              gap.c.obj (symbol from plugin) (gatt_init_connection)
C:\Users\satya\SimplicityStudio\v4_workspace\soc-btmesh-empty_2\protocol\bluetooth\lib\EFR32XG13X\GCC\libbluetooth_mesh.a(gatt_client.c.obj)
                              bgapi_gatt_lib.c.obj (symbol from plugin) (gatt_client_init)
C:\Users\satya\SimplicityStudio\v4_workspace\soc-btmesh-empty_2\protocol\bluetooth\lib\EFR32XG13X\GCC\libbluetooth_mesh.a(gatt_db_minimal.c.obj)
                              gap_adv.c.obj (symbol from plugin) (gatt_db_handle_active)
C:\Users\satya\SimplicityStudio\v4_workspace\soc-btmesh-empty_2\protocol\bluetooth\lib\EFR32XG13X\GCC\libbluetooth_mesh.a(gatt_server.c.obj)
                              gatt_db_minimal.c.obj (symbol from plugin) (gatt_server_send_attribute_value_event)
C:\Users\satya\SimplicityStudio\v4_workspace\soc-btmesh-empty_2\protocol\bluetooth\lib\EFR32XG13X\GCC\libbluetooth_mesh.a(gecko_bgapi_dfu.c.obj)
                              ./main.o (symbol from plugin) (gecko_bgapi_class_dfu_init)
[...]
Memory Configuration

Name             Origin             Length             Attributes
FLASH_BOOTLOADER 0x0fe10000         0x00004000         xr
FLASH            0x00000000         0x0007f000         xr
RAM              0x20000000         0x00010000         xrw
*default*        0x00000000         0xffffffff

Linker script and memory map

LOAD c:/siliconlabs/simplicitystudio/v4/developer/toolchains/gnu_arm/7.2_2017q4/bin/../lib/gcc/arm-none-eabi/7.2.1/thumb/v7e-m/fpv4-sp/softfp/crti.o
LOAD c:/siliconlabs/simplicitystudio/v4/developer/toolchains/gnu_arm/7.2_2017q4/bin/../lib/gcc/arm-none-eabi/7.2.1/thumb/v7e-m/fpv4-sp/softfp/crtbegin.o
LOAD c:/siliconlabs/simplicitystudio/v4/developer/toolchains/gnu_arm/7.2_2017q4/bin/../lib/gcc/arm-none-eabi/7.2.1/../../../../arm-none-eabi/lib/thumb/v7e-m/fpv4-sp/softfp/crt0.o
START GROUP
LOAD C:\Users\satya\AppData\Local\Temp\cclyo7Xf.ltrans0.ltrans.o
LOAD C:\Users\satya\AppData\Local\Temp\cclyo7Xf.ltrans1.ltrans.o
LOAD C:\Users\satya\AppData\Local\Temp\cclyo7Xf.ltrans2.ltrans.o
LOAD C:\Users\satya\AppData\Local\Temp\cclyo7Xf.ltrans3.ltrans.o
LOAD C:\Users\satya\AppData\Local\Temp\cclyo7Xf.ltrans4.ltrans.o
LOAD C:\Users\satya\AppData\Local\Temp\cclyo7Xf.ltrans5.ltrans.o
LOAD C:\Users\satya\AppData\Local\Temp\cclyo7Xf.ltrans6.ltrans.o
LOAD C:\Users\satya\AppData\Local\Temp\cclyo7Xf.ltrans7.ltrans.o
LOAD C:\Users\satya\AppData\Local\Temp\cclyo7Xf.ltrans8.ltrans.o
LOAD C:\Users\satya\AppData\Local\Temp\cclyo7Xf.ltrans9.ltrans.o
LOAD C:\Users\satya\SimplicityStudio\v4_workspace\soc-btmesh-empty_2\protocol\bluetooth\lib\EFR32XG13X\GCC\libbluetooth_mesh.a
LOAD C:\Users\satya\SimplicityStudio\v4_workspace\soc-btmesh-empty_2\protocol\bluetooth\lib\EFR32XG13X\GCC\libcoex.a
LOAD C:\Users\satya\SimplicityStudio\v4_workspace\soc-btmesh-empty_2\protocol\bluetooth\lib\EFR32XG13X\GCC\binapploader.o
LOAD c:/siliconlabs/simplicitystudio/v4/developer/toolchains/gnu_arm/7.2_2017q4/bin/../lib/gcc/arm-none-eabi/7.2.1/../../../../arm-none-eabi/lib/thumb/v7e-m/fpv4-sp/softfp\libm.a
END GROUP
START GROUP
LOAD c:/siliconlabs/simplicitystudio/v4/developer/toolchains/gnu_arm/7.2_2017q4/bin/../lib/gcc/arm-none-eabi/7.2.1/thumb/v7e-m/fpv4-sp/softfp\libgcc.a
LOAD c:/siliconlabs/simplicitystudio/v4/developer/toolchains/gnu_arm/7.2_2017q4/bin/../lib/gcc/arm-none-eabi/7.2.1/../../../../arm-none-eabi/lib/thumb/v7e-m/fpv4-sp/softfp\libc_nano.a
LOAD c:/siliconlabs/simplicitystudio/v4/developer/toolchains/gnu_arm/7.2_2017q4/bin/../lib/gcc/arm-none-eabi/7.2.1/../../../../arm-none-eabi/lib/thumb/v7e-m/fpv4-sp/softfp\libnosys.a
END GROUP
START GROUP
LOAD c:/siliconlabs/simplicitystudio/v4/developer/toolchains/gnu_arm/7.2_2017q4/bin/../lib/gcc/arm-none-eabi/7.2.1/thumb/v7e-m/fpv4-sp/softfp\libgcc.a
LOAD c:/siliconlabs/simplicitystudio/v4/developer/toolchains/gnu_arm/7.2_2017q4/bin/../lib/gcc/arm-none-eabi/7.2.1/../../../../arm-none-eabi/lib/thumb/v7e-m/fpv4-sp/softfp\libg_nano.a
LOAD c:/siliconlabs/simplicitystudio/v4/developer/toolchains/gnu_arm/7.2_2017q4/bin/../lib/gcc/arm-none-eabi/7.2.1/../../../../arm-none-eabi/lib/thumb/v7e-m/fpv4-sp/softfp\libc_nano.a
END GROUP
START GROUP
LOAD c:/siliconlabs/simplicitystudio/v4/developer/toolchains/gnu_arm/7.2_2017q4/bin/../lib/gcc/arm-none-eabi/7.2.1/thumb/v7e-m/fpv4-sp/softfp\libgcc.a
LOAD c:/siliconlabs/simplicitystudio/v4/developer/toolchains/gnu_arm/7.2_2017q4/bin/../lib/gcc/arm-none-eabi/7.2.1/../../../../arm-none-eabi/lib/thumb/v7e-m/fpv4-sp/softfp\libc_nano.a
END GROUP
LOAD c:/siliconlabs/simplicitystudio/v4/developer/toolchains/gnu_arm/7.2_2017q4/bin/../lib/gcc/arm-none-eabi/7.2.1/thumb/v7e-m/fpv4-sp/softfp/crtend.o
LOAD c:/siliconlabs/simplicitystudio/v4/developer/toolchains/gnu_arm/7.2_2017q4/bin/../lib/gcc/arm-none-eabi/7.2.1/thumb/v7e-m/fpv4-sp/softfp/crtn.o

.text_bootloader
                0x0fe10000        0x0
 *(.binbootloader*)
                0x0fe10000                . = ALIGN (0x4000)

.text_apploader
                0x00000000     0x8fc0
 *(.binapploader*)
 .binapploader  0x00000000     0x8fc0 C:\Users\satya\SimplicityStudio\v4_workspace\soc-btmesh-empty_2\protocol\bluetooth\lib\EFR32XG13X\GCC\binapploader.o

.text_signature
                0x00008fc0       0x40
                0x00009000                . = ALIGN (0x800)
 *fill*         0x00008fc0       0x40 
                0x00009000                __text_start__ = .

.text_application
                0x00009000    0x508c4
 *(.vectors)
 .vectors       0x00009000       0xfc C:\Users\satya\AppData\Local\Temp\cclyo7Xf.ltrans2.ltrans.o
                0x00009000                __Vectors
                0x000090fc                __Vectors_End = .
                0x000000fc                __Vectors_Size = (__Vectors_End - __Vectors)
                0x000090fc                __end__ = .
 *(.application_properties)
 .application_properties
                0x000090fc       0x38 C:\Users\satya\AppData\Local\Temp\cclyo7Xf.ltrans0.ltrans.o
                0x000090fc                bg_application_properties
 *(.gecko_configuration)
 *(.xo_configuration)
 *(.gatt_header)
 .gatt_header   0x00009134       0x34 C:\Users\satya\AppData\Local\Temp\cclyo7Xf.ltrans2.ltrans.o
                0x00009134                bg_gattdb_data
 *(.gatt_data)
 .gatt_data     0x00009168      0x26c C:\Users\satya\AppData\Local\Temp\cclyo7Xf.ltrans2.ltrans.o
                0x00009168                bg_gattdb_data_attribute_field_26
                0x00009170                bg_gattdb_data_attribute_field_25
                0x00009188                bg_gattdb_data_attribute_field_24
                0x0000919c                bg_gattdb_data_attribute_field_22
                0x000091a4                bg_gattdb_data_attribute_field_21
                0x000091ac                bg_gattdb_data_attribute_field_20
                0x000091b4                bg_gattdb_data_attribute_field_19
                0x000091bc                bg_gattdb_data_attribute_field_18
                0x000091c0                bg_gattdb_data_attribute_field_16
                0x000091c8                bg_gattdb_data_attribute_field_15
                0x000091d0                bg_gattdb_data_attribute_field_14
                0x000091d8                bg_gattdb_data_attribute_field_13
                0x000091e0                bg_gattdb_data_attribute_field_12
                0x000091e4                bg_gattdb_data_attribute_field_11
                0x000091f4                bg_gattdb_data_attribute_field_10
                0x000091fc                bg_gattdb_data_attribute_field_9
                0x00009200                bg_gattdb_data_attribute_field_8
                0x00009204                bg_gattdb_data_attribute_field_7
                0x0000920c                bg_gattdb_data_attribute_field_6
                0x00009214                bg_gattdb_data_attribute_field_5
                0x0000921c                bg_gattdb_data_attribute_field_4
                0x00009220                bg_gattdb_data_attribute_field_2
                0x00009228                bg_gattdb_data_attribute_field_1
                0x00009230                bg_gattdb_data_attribute_field_0
                0x00009234                bg_gattdb_data_adv_uuid128_map
                0x00009238                bg_gattdb_data_adv_uuid16_map
                0x0000923c                bg_gattdb_data_attributes_dynamic_mapping_map
                0x0000924c                bg_gattdb_data_uuidtable_128_map
                0x0000926c                bg_gattdb_data_uuidtable_16_map
                0x00009290                bg_gattdb_data_attributes_map
 *(.text*)
 .text          0x000093d4       0x40 c:/siliconlabs/simplicitystudio/v4/developer/toolchains/gnu_arm/7.2_2017q4/bin/../lib/gcc/arm-none-eabi/7.2.1/thumb/v7e-m/fpv4-sp/softfp/crtbegin.o
 .text          0x00009414       0x74 c:/siliconlabs/simplicitystudio/v4/developer/toolchains/gnu_arm/7.2_2017q4/bin/../lib/gcc/arm-none-eabi/7.2.1/../../../../arm-none-eabi/lib/thumb/v7e-m/fpv4-sp/softfp/crt0.o
                0x00009414                _mainCRTStartup
                0x00009414                _start
 .text          0x00009488    0x11a3c C:\Users\satya\AppData\Local\Temp\cclyo7Xf.ltrans0.ltrans.o
                0x0000a91c                WDOG0_IRQHandler
                0x0000a91c                VDAC0_IRQHandler
                0x0000a91c                USART2_RX_IRQHandler
                0x0000a91c                EMU_IRQHandler
                0x0000a91c                I2C0_IRQHandler
                0x0000a91c                MemManage_Handler
                0x0000a91c                WDOG1_IRQHandler
                0x0000a91c                USART2_TX_IRQHandler
                0x0000a91c                LEUART0_IRQHandler
                0x0000a91c                CSEN_IRQHandler
                0x0000a91c                WTIMER0_IRQHandler
                0x0000a91c                ACMP0_IRQHandler
                0x0000a91c                GPIO_ODD_IRQHandler
                0x0000a91c                UsageFault_Handler
                0x0000a91c                SVC_Handler
                0x0000a91c                CRYPTO1_IRQHandler
                0x0000a91c                PendSV_Handler
                0x0000a91c                SysTick_Handler
                0x0000a91c                SMU_IRQHandler
                0x0000a91c                IDAC0_IRQHandler
                0x0000a91c                RTCC_IRQHandler
                0x0000a91c                USART0_TX_IRQHandler
                0x0000a91c                GPIO_EVEN_IRQHandler
                0x0000a91c                CRYPTO0_IRQHandler
                0x0000a91c                TRNG0_IRQHandler
                0x0000a91c                USART1_TX_IRQHandler
                0x0000a91c                FPUEH_IRQHandler
                0x0000a91c                HardFault_Handler
                0x0000a91c                MSC_IRQHandler
                0x0000a91c                PCNT0_IRQHandler
                0x0000a91c                NMI_Handler
                0x0000a91c                CRYOTIMER_IRQHandler
                0x0000a91c                CMU_IRQHandler
                0x0000a91c                Default_Handler
                0x0000a91c                ADC0_IRQHandler
                0x0000a91c                BusFault_Handler
                0x0000a91c                DebugMon_Handler
                0x0000a91c                I2C1_IRQHandler
                0x0000a91c                LESENSE_IRQHandler
                0x0000a91c                LDMA_IRQHandler
                0x0000a91c                USART1_RX_IRQHandler
                0x0000b6d0                int32_to_buf.lto_priv.801
                0x0000b710                int32_from_buf.lto_priv.798
                0x0000b748                uint16_to_buf.lto_priv.799
                0x0000b774                uint16_from_buf.lto_priv.796
                0x0000b79e                int16_to_buf.lto_priv.800
                0x0000b7cc                int16_from_buf.lto_priv.797
                0x0000c550                TIMER_InitCC
                0x0000c5ec                TIMER_Init
                0x0000c714                SYSTEM_ChipRevisionGet
                0x0000d23c                MSC_Deinit
                0x0000d260                MSC_Init
                0x0000d65c                LETIMER_Init
                0x0000d72c                LETIMER_Enable
                0x0000d756                LETIMER_CompareSet
                0x0000e8d8                I2C_Enable
                0x0000e9f4                GPIO_PinModeSet
                0x0000ec30                GPIO_DriveStrengthSet
                0x0000fa90                EMU_DCDCLnRcoBandSet
                0x00010d24                CRYPTO_KeyRead
                0x00010d5c                CRYPTO_ModulusSet
                0x00010e3c                CORE_InitNvicVectorTable
                0x00010f04                CORE_SetNvicRamTableHandler
                0x0001117e                CORE_ExitAtomic
                0x00011198                CORE_EnterAtomic
                0x00011420                CORE_AtomicEnableIrq
                0x0001142e                CORE_AtomicDisableIrq
                0x00011460                CORE_ExitCritical
                0x0001147a                CORE_EnterCritical
                0x00011b58                CMU_ClockSelectGet
                0x00011e58                CMU_ClockEnable
                0x00012424                CMU_OscillatorEnable
                0x0001332c                SLEEP_LowestEnergyModeGet
                0x0001336c                SLEEP_SleepBlockEnd
                0x000133c0                SLEEP_SleepBlockBegin
                0x00013404                SLEEP_Init
                0x0001349c                SystemLFXOClockGet
                0x000134b4                SystemULFRCOClockGet
                0x000134c6                SystemLFRCOClockGet
                0x000134f8                Reset_Handler
                0x00013544                SystemHFXOClockGet
                0x0001355c                SystemHFClockGet
                0x000136e0                CMU_HFXOAutostartEnable
                0x00014328                I2C_Init
                0x000146f8                CMU_ClockSelectSet
                0x00014c90                SLEEP_Sleep
                0x00014f84                CMU_ClockDivSet
                0x000180e0                LCD_write
                0x00018adc                USART0_RX_IRQHandler
                0x00018b44                _write
                0x00018b7c                _sbrk
                0x00018bbc                _read
                0x00018c0e                _lseek
                0x00018c42                _isatty
                0x00018c68                _fstat
                0x00018c88                _exit
                0x00018c92                _close
                0x0001adaa                main
 .text          0x0001aec4     0x6648 C:\Users\satya\AppData\Local\Temp\cclyo7Xf.ltrans1.ltrans.o
                0x0001aec4                s99247a13600cc94447e5063ff3d9d528fa42caee79b8421c841c4cb2068abe32.lto_priv.632
                0x0001af14                s28e26535fd1cf57ff975d85f72c926785bcb404fcd950efccdd1b30764021ac2.lto_priv.637
                0x0001af3c                s5968930679cdfba663ce6a65380fcce9d2b72283802e55f2cc38c2dd8f08e3b6
                0x0001b074                sa3683a90f8c454fca1799911fb3b93a34e5ec6f25d47dad2763bf7c4244df4f7.lto_priv.528
                0x0001b0b0                sacdef16000f30e553e58dba8e2dc4a1e4f88ba54f3ab06b275755c8c421b1556.lto_priv.527
                0x0001b366                s5d5f78415e16d01f1573ea6cb681ba7b09d3f311739586a9e71f1b54a68e948f.lto_priv.353
                0x0001b3bc                sd5e39a1482b29ac5b547621924e62b87f1fc9f8fb3ccc48a9bebf3aae1bed34b.lto_priv.417
                0x0001b410                sbd5fc61e9c53ea580a9015c6d8b083c4fbbb2ff5933da321a3b7cb5ebf6b4df7.lto_priv.681
                0x0001b49c                sc90f2449c52d439efa6beba526f1df93909192986fdcba1a5a5edb12bf94a18c
                0x0001b4a8                sd3bb986c0d4dfcf4fd5fb5c6e31980789e42b943a4fe09f96e846e70578b43af
                0x0001b4c4                sd70de365656160d60304b0d820f9f1de65715665996197597a9a8678dd6cf4ef
                0x0001b4e8                s53a0b577dd68b7607d0acf920460f61f4957fa1c2efc8a7d506227f1e1d43030.lto_priv.682
                0x0001b5b4                _mesh_foundation_send_byte_array_impl
                0x0001b66a                se3e99feae85b468e1942ec037d83b75426fce779c9b0668cfae5c7eb15e95412
                0x0001b680                s0e7a910cd102ba20641bb067225c866c17110f52901941817220c7ea7a298f33
                0x0001b6b0                s027f2fee3cda9d88005411256629591d621eb4e04e6bd97768d914e3ce5e0557
                0x0001b6e0                s4898635415100eaf11b4b6a63631359e384c720116c353ec90de052ff0980d12
                0x0001b75c                s911acfbf2278cfb3903bc392af2a647c72ac5e23dcf6c2e43403a1c87e0d9bcd
                0x0001b7a0                sa69e34a7d49df06b5bf43190378ad3602a5b3e4d29d31636aea367f40b0d5453
                0x0001b7dc                sbedd39b75744b6905bdc590404b0176ed40a6f2577ab0c6ee9ad1891bd814c95
                0x0001b818                s4d8dd0ab2d0a895b295d62135bc6b5ed19ff9b2b22662882af05bfc6d896ad9d.lto_priv.565
                0x0001b848                s547015bbd9c4c026ef38101006c9fe1d958ee6a12ac3448784575ea823e8865c
                0x0001b872                s25660ceedc9b5284f0fb12e0d277384e5ff756055cac1172ad1cc2bb2ec53dde
                0x0001b94e                sfa3584d771641e3ad1514c8c8856e7369a71a499cdebc07de51d80b98fc010eb
                0x0001b9c0                s5ea168418b9e98cbbe69b8984be4121385386e9e1d8cb2ccd1feab99d70240ba
                0x0001bbd8                s68e5b249beee57438b1645e2f14cf4493abe281c81cc83069bf914b396cd9f1a
                0x0001bc5c                s6fc749cb5cb416b4d75fa44690e9a65307d8a96c0b44814e9a858453a5c8acc4
                0x0001bd30                sadf471713330de5bbed72ae4dba186aa675612eb1432272fc64846fa5da9900f
                0x0001bde4                sae83759170bf28087c0fb761703807daa2f671231d0ea8379208bb5ea0920fcf
                0x0001be30                s1b63672c73d9e4ed9541f7147435b15f1c74e1293eaf74e46f654d6186ae0f6a
                0x0001c018                s25badb113425d0e860d00b5440fd3f1bdcd02127d163a46ef5136b08d529d70a
                0x0001c044                s48e6c3d65506cdec9b4aca5377fa9acf03947c0fd861e659f4bc737262de18aa
                0x0001c3c4                sa292e026fbac5f5636436dec501257974422444b10312768b20e806f4a3cfc17
                0x0001c4bc                sfb0cf9f3aa70a4af2a1cfde3374d0d54865cc6c44e311dcd7e682da8285f43e9
                0x0001c508                sb9f0d8529a6fc3d82730fac11d89457e13e5eb420a7c34bf4412c38fa0adc9b5
                0x0001c564                s46db9b715a4820480efe1ee195972a520fb3bb39ec8b53397343b194a8869f79
                0x0001c5b8                s61a24ba6b77a5aac8bd2d0b8e86e312841afa798e8baa72b65f5b96a3adf2023
                0x0001c5d8                sb367854f05f10aae277622d2d6e47d50d0049a51c08ccbe31ab285bb24e160b3
                0x0001c5f0                s28fdaee4046a7fe24a71560afd3f94719f40523563f184ced089a2d1d7e35ffb.lto_priv.633
                0x0001c63c                sce22b55800d344dd8468f2d291c88840e094a638ad127a406c83df24a94461e8.part.14
                0x0001c704                s85f5e8c7ed1f522f80f6b25686483e82eec36603dc7ba51910fa3e70b8fec2a8
                0x0001c724                se62eead9df124785de70ede5e458f367fd832b6904175b6d647eef29a5797c43
                0x0001c920                s364ca5a3698019b1a66de2f68cbb51e074f6c2e356fc6f8eead6e34d063435ea
                0x0001c96c                sb564625cd3754c3acd529d80381efe4e61f4bd41c05468aca4ec27501659d3e4.lto_priv.569
                0x0001c99c                s0eb2554f7005c887673e44553d87c365a44edf386b60782ae91cb115f45a2f90.lto_priv.568
                0x0001ca24                sbfa778a2f48c8f97f97f7d7c22f36cf85b03dcdddea821b9273ac0b87ccaa2be
                0x0001ca74                sc22434da915d13dd559f4d5b016a7d5532ba1b09468c063d2c63654221a57b55.lto_priv.683
                0x0001cb68                s680c3c83150e4225f90329690257b8b1a8a5dfa10f47326c97571a27f5db5846
                0x0001ce9c                sbebff3364fd5238239fc9ab5e58ad3bf9d33e11c1a9a0a06a1fe32d3522152df
                0x0001cf98                s5a1541be374e00f389d2cae384dbe12e524704031907f9ff8a359b34c986b282
                0x0001d034                sa99aaa923673f65036d2e6fca9c40141a28aa5a9f9efef991bbaff19d0a8ffae
                0x0001d2bc                s3b7aefc271db4404b9d77d9f55ce241866fb2403ecaa527f4dc35137ddfcf995.lto_priv.563
                0x0001d394                sb977c6ee1159cfcba9b9af0eda7b8e0f58edd4ccecabfb097c94ca4b38de7603
                0x0001d624                s483273f1d6107e70cc5f627be61aff7e41f40f2835e90fad2078661fffef2afb
                0x0001dd40                s2437e27a2f91b54d3988075be0335fe1264e6a9628527bc1d92a24c507c0f20e
                0x0001df20                sb140fc5844040c9617ce172609fac992f700d69aef4c540c76d8a66aed425dd8
                0x0001dfac                sb5e2649a7c3f7b6fb3108fe5866e94580ed1c707810dc65392a80e9f9f0715bb
                0x0001dfdc                s38897eb2d330e841c18a62aed279dc9217d212ef5802f7eb80e82bd0e5ec6a75
                0x0001e070                s5683ac3d10932da2742600a2156fe77292087c6ad6f69b1059006d912b7558d8.lto_priv.636
                0x000201c8                s99dc0a91028c3252171ccdad6df6ee5fec281d6b8bbb11b7dd1036f3d7f9f0f8.lto_priv.631
                0x0002036c                s3b2cc90b49b6199e1a04079238c3f7e7aff038ebd8da080d58b6f538d6006ab2
                0x00020454                se727a5b96f79199f8092828f4b90ace10b069b437574bc1155eca0d6677df179
 .text.unlikely
                0x0002150c      0x30c C:\Users\satya\AppData\Local\Temp\cclyo7Xf.ltrans1.ltrans.o
                0x00021664                sa7568c0a9bf84dc3f99515d6781bd54284bdf24af436920994e546744575d7a6
 .text          0x00021818     0x6998 C:\Users\satya\AppData\Local\Temp\cclyo7Xf.ltrans2.ltrans.o
                0x00021838                s037881e38e2bb0973a218858fd4ea64306ca27c29f469090eb13a88da2183240.lto_priv.668
                0x0002189c                s35d15782769c37bf3cd81392bcfd8a808f585d9e5ca9179d49dd951b5ae79735.lto_priv.667
                0x000218cc                sdae345ad2b39dbcd64bc635b1dedd38e715ee846dd772b8831969da4428c0a00
                0x0002192c                sd4ea2506f2f5cc5f24ee2c46bd710b5fde46dc3462696bceb71834553251bf99
                0x000219cc                s1a269f99211f1729b4e6eb85f295e64a806fef788b3b0a83a8797e93c31191c2
                0x00021acc                SYNTH_IRQHandler
                0x00021adc                GENERIC_PHY_RxOverflowHook.lto_priv.714
                0x00021d22                scb985193cc21a9d5cd5f879ac597dd3326617e5275d51a24bf7bdb03986f03df
                0x00021d2e                s4dba75a305bd78c343fb7778af300673fee077ca932653b66381c88c3423af6e.lto_priv.665
                0x00021d60                s615b65f40eb6376f3b0dc902da9f8e44c1a7563ed150aa241c0103ae20c2168c
                0x00021dd6                s4bad0b9d6e3f03e6d795ddcd30256e27ec923d6e06c09edba40f88743e918c00
                0x00021e54                s2af673a4df5792e874d004828cb289870a040ab345349ae0ef46ea14a9bec6f7
                0x00021ff4                se6322f572d29d8310ad5932810749e2f29a11b5336a2a9b8bc224b54d3c3143a
                0x000223b4                s771332a3ba22254b803e76c14da1f0ffcefa31cf7e66c619e16ee2d70d3ce4cd
                0x000223fc                s38e9effa82574d511720802d990f046d2a0c9d07fdd1c6c582cef369f3428c35
                0x00022440                sa68108f39ecd0fbd7daffbbe3dcde2d1020ad62778baf002323be11087760a69.lto_priv.648
                0x00022452                s127e394208bd49cf174cbb58d9beeb6d972ebbac342cc7098e934270149cb508
                0x00022558                s941f7955615f8e0ce7592fcce5dff193b7f843bf1de974ccf2ae98c71715f056
                0x00022578                s7cf837b8ce29dbbf2c322326d26514b0d4f1d4ba1d0011e4f63688ad9eb4cdaf
                0x00022678                AGC_IRQHandler
                0x00022b08                ecp_mod_p256.lto_priv.354
                0x00022fcc                s4be77067aceaca4524e0f85f7fdf1c24438a0f5f05a181647e820a5500984eac
                0x0002304e                s31f559567c444ca398cae3cdfd663deefd67c4130676028f6437933fc7e9a15e
                0x000230d8                sf9b9e1be0d180156fe8c6b7f0c2ece3f838f992ffee52b3eb5c72d7001271280
                0x000231d4                sd421a0143c47e03d531b2378ace681f130dd06c9a5a56812e0ac837e334a2e7d
                0x000232d4                sbb0748ca22e53bf22eba7fca4a5b925848ce52d37c340da3702906cf9affa80d
                0x0002330c                s77de6635cf9621942af5748e070b753352712784d5b0964bf6a0d8ee3cf09662.lto_priv.557
                0x00023354                sd4e896d8b9a7e9737bc8d4006fae4eb6ea5cb265b4d8f16d337267f5c8bc699a.lto_priv.408.lto_priv.409
                0x00023354                sd4e896d8b9a7e9737bc8d4006fae4eb6ea5cb265b4d8f16d337267f5c8bc699a.lto_priv.435.lto_priv.555
                0x00023354                sd4e896d8b9a7e9737bc8d4006fae4eb6ea5cb265b4d8f16d337267f5c8bc699a.lto_priv.434.lto_priv.559
                0x00023354                sd4e896d8b9a7e9737bc8d4006fae4eb6ea5cb265b4d8f16d337267f5c8bc699a.lto_priv.407.lto_priv.430
                0x00023360                sc4a788c08f9c8606803642e599f0ededc9e8c23e587f7df9be530b6e56166021.lto_priv.438.lto_priv.558
                0x00023360                sc4a788c08f9c8606803642e599f0ededc9e8c23e587f7df9be530b6e56166021.lto_priv.436.lto_priv.570
                0x00023360                sc4a788c08f9c8606803642e599f0ededc9e8c23e587f7df9be530b6e56166021.lto_priv.440.lto_priv.556
                0x00023360                sc4a788c08f9c8606803642e599f0ededc9e8c23e587f7df9be530b6e56166021.lto_priv.439.lto_priv.673
                0x00023360                sc4a788c08f9c8606803642e599f0ededc9e8c23e587f7df9be530b6e56166021.lto_priv.437.lto_priv.589
                0x00023370                sae816d84a4e6919ab96ebc3ae03d4da17ed9f8c15994d3c1e64a61a0b4b43353
                0x000233fc                s59977fd99438126e4475fd76ab88c5b21f8ec4d327e551a39400404763912a14
                0x00023468                sa95284088210b5cd99da176a4a82d636a1bb33665977dd767df511abe11f350d
                0x00023490                s8614847b49fbd9a05c94b63a660ed38521195e4494309ab5bdcb2f560c7112ba
                0x000234bc                sb5fe3367b8ebbab8115876b5fe4e492f0744f0b9074a9c85b4bf3877cbd6b316.lto_priv.618
                0x00023524                bgbuf_chain_links.lto_priv.446.lto_priv.617
                0x00023524                bgbuf_chain_links.lto_priv.444.lto_priv.560
                0x00023524                bgbuf_chain_links.lto_priv.443.lto_priv.561
                0x00023524                bgbuf_chain_links.lto_priv.441.lto_priv.517
                0x00023524                bgbuf_chain_links.lto_priv.442.lto_priv.763
                0x00023524                bgbuf_chain_links.lto_priv.445.lto_priv.514
                0x000235a0                s4c3058d8d4fc9019c7dfebb009973e21d6948df93a8cc31da699adf4465e26fb
                0x000235a2                s03315e91d4a8934dd1651a4c255395ada78491ac4f293d13af41b88133715ba0.lto_priv.670
                0x000235a4                s30bb7e24cd00f64d81e32ddfbd2d9128a0c743cb90da2abb9ea9c31de718bf7c
                0x000236f4                s4523bae84f49686f3c1775c592d615cd99c9cd62182a6b84303dbee0a98f3dc0.lto_priv.669
                0x00023784                sea1eb752b63122c6a9264f7592e573def6f29cd73d1e55d7b946e13505e35ca7.lto_priv.671
                0x00023812                s0bea13b732733f5c2622c2b2ee9a4e5b74ff874723310e2136379b6f225bddc5.lto_priv.672
                0x00023878                s47640f27e262a02b6c65d51a33898ec8ae3cfe2715514031ddcd6ef001581830.lto_priv.666
                0x000238ce                s12cd6c16bc844baeffc1085bff99d76989715ba200f7ab4e6f2781bfa84016c8
                0x00023944                s671a522d6d55f30a262723115abfc60efd25f80ad383463184faea407fb4bde4.lto_priv.400
                0x0002398c                sb1625a9d9f238b6c3504b880505fff3d8d73feb54f16c078d669cde1816bdbaf
                0x00023998                s8d8b6d8c65efd265c83c080e07da3a10482b3ffa043867920da03b0c57f0365c.lto_priv.540
                0x000239b4                s49ce2ca1d68dbc2ddf6286ccd6e13a40b4c257bff92d699ad67cd7be2080c791
                0x00023a04                sa309322ec99158ffcaf3466a877db14834cc803df571c81c81cd3e8918efe089
                0x00023a1c                s567011f8cb9b8f2222c24d3204cc994fd5265fb1a51b3af617a8ecd7608007c9.lto_priv.420
                0x00023a3c                sfe5e8c5ba6df39fd2faeba0dd5f615ae3fae8843b979554fe37c1714ed8e6482.lto_priv.418
                0x00023b32                sc1457939331e0e774bf5a794a8f6a9becd3952ff60c401df9e7c75d27d34417e
                0x00023b7a                s836272eebd4118a29d3d1a50117fff7ba9d4e5ad6186b600284b0bff62da3784.lto_priv.419
                0x00023c50                s33844c39492f7ac43bb40ce4fffaca68ff1e5d9cb45f4a032a70082cf629bceb
                0x00023dd0                s1c63bd4a6dd74749aadbc63170eed1cfb374f7e792578f0c2e1a931a8dd00b90
                0x00023e0e                s647c4bb32696b3685891400756017e4f4ca77e4fd65159f82702459aac066fb1
                0x00023e24                s4d40c8c7efb565430b030a683b12b3550fdbb46cf4bb5fe1d9d71200ca4fb110
                0x00023f38                s65981de65dff4d11e25596d9ce9504db944ed7abef4151fafc29f8e60a8e154b.lto_priv.686
                0x00023fb4                RADIO_RxTrailDataLength
                0x00023ff0                RADIO_RACStateGet.lto_priv.451.lto_priv.690
                0x00023ff0                RADIO_RACStateGet.lto_priv.454.lto_priv.731
                0x00023ff0                RADIO_RACStateGet.lto_priv.452.lto_priv.749
                0x00023ff0                RADIO_RACStateGet.lto_priv.450.lto_priv.694
                0x00024000                RAC_RSM_IRQHandler
                0x00024050                PROTIMER_PrecntOverflowToUs
                0x00024080                PA_SelectBand
                0x000240e0                PA_SetPowerLevel
                0x00024218                GENERIC_PHY_PacketTxCommon
                0x00024258                BUFC_WriteBuffer
                0x00024308                ll_linkGetWindowWidening
                0x00024360                ll_connEncDataToBuffer
                0x00024388                ll_connEncBufferToData
                0x000243b4                ll_connValidateParams
                0x000243ee                ll_connUpdateMaxPacketLengths
                0x00024460                ll_connGetHandleByConn
                0x00024490                ll_connGetByHandle
                0x000244bc                bg_bit_clr_exclusive.lto_priv.464.lto_priv.745
                0x000244bc                bg_bit_clr_exclusive.lto_priv.462.lto_priv.738
                0x000244bc                bg_bit_clr_exclusive.lto_priv.466.lto_priv.736
                0x000244bc                bg_bit_clr_exclusive.lto_priv.465.lto_priv.739
                0x000244bc                bg_bit_clr_exclusive.lto_priv.463.lto_priv.743
                0x000244bc                bg_bit_clr_exclusive.lto_priv.461.lto_priv.741
                0x000244ce                bg_bit_set_exclusive.lto_priv.471.lto_priv.735
                0x000244ce                bg_bit_set_exclusive.lto_priv.467.lto_priv.516
                0x000244ce                bg_bit_set_exclusive.lto_priv.469.lto_priv.748
                0x000244ce                bg_bit_set_exclusive.lto_priv.474.lto_priv.737
                0x000244ce                bg_bit_set_exclusive.lto_priv.470.lto_priv.746
                0x000244ce                bg_bit_set_exclusive.lto_priv.468.lto_priv.761
                0x000244ce                bg_bit_set_exclusive.lto_priv.472.lto_priv.511
                0x000244de                ll_connEncryptionConnectionInit
                0x00024514                ll_connRaiseEvents
                0x00024b7c                ll_channelmapUpdate
                0x00024bf6                ll_connInitNew
                0x00024dd8                ll_channelmapUsedChannels
                0x00024e00                ll_channelmapGetChannelMap
                0x00024e18                ll_connUpdatedChannelClassification
                0x00024e84                ll_advExtUpdateChannelMap
                0x00024ea4                ll_advGetByHandle
                0x00024eec                adv_getRadioPhy.lto_priv.762
                0x00024eec                scan_getRadioPhy.lto_priv.744
                0x00024f00                set_change_awareness
                0x00024f1c                set_client_features
                0x00024f5a                mbedtls_ecp_point_free.part.8
                0x00024f76                mbedtls_ecp_point_init.part.5
                0x00024f8e                ecp_modp.lto_priv.428
                0x00025014                mbedtls_ecp_check_pubkey
                0x000251bc                RADIO_ClockFreqGet
                0x000251d8                PTI_Enable
                0x00025258                PA_SetRampTime
                0x00025374                PROTIMER_GetTime
                0x000253b0                PROTIMER_GetUsTime
                0x000253c8                GENERIC_PHY_SeqAtomicLock
                0x00025478                ll_dtmTaskHandler
                0x000255cc                ll_connEncryptionSetSessionKey
                0x00025664                ll_connFree
                0x000256bc                ll_advTaskStopHandle
                0x0002599c                ll_advExtTaskHandlerWaitTx
                0x00025bf8                ll_advTaskHandlerWaitTx
                0x00025d1c                ll_connAlloc
                0x00025d7c                ll_advUpdateMaxEventLength
                0x00025e80                PROTIMER_CCTimerStart
                0x00026074                GENERIC_PHY_EnableRadioIrqs.lto_priv.693
                0x000260ac                GENERIC_PHY_DisableRadioIrqs.lto_priv.691
                0x00026160                GENERIC_PHY_ConfigureInterrupts.lto_priv.692
                0x000262f0                GENERIC_PHY_ClearPendedRxWindowEnd.lto_priv.688
                0x0002634c                RADIO_RACRxAbort.lto_priv.402
                0x00026384                BUFC_RxBufferReset
                0x000263d8                GENERIC_PHY_ResetRxFifo
                0x0002640c                FRC_IRQHandler
                0x00026b38                FRC_PRI_IRQHandler
                0x00026b3a                MODEM_IRQHandler
                0x00026b3c                RAC_SEQ_IRQHandler
                0x00026b3e                PROTIMER_IRQHandler
                0x00026b40                BUFC_IRQHandler
                0x00026b42                GENERIC_PHY_RadioIdle
                0x00026cb4                sd30877af3f1406bba7b28397a530d5ceb1638998ce52ca95e73a489fd2e59c6a
                0x00026e44                sc7f6c1d3383c4751ea20a83369d706f8753b01af5d7b965ae2af3373c6453092
                0x00026fcc                s973fdfdc87f8b6bc7d20cfbedf7ec56eda83307c6f8c5dbb5dad05618e2b0584
                0x000273d0                ll_connSendData
                0x00027580                ll_connEnableDataFlow
                0x000275a6                ll_connEncryptionFail
                0x000275bc                ecp_double_jac.lto_priv.425
                0x00027bdc                ecp_add_mixed.lto_priv.427
 .text.unlikely
                0x000281b0      0x578 C:\Users\satya\AppData\Local\Temp\cclyo7Xf.ltrans2.ltrans.o
                0x000281b0                sd6813d6dc3abd39940af7c4e316d34eea17ebb7cda0b56d026005e3a6edec3da.lto_priv.687
                0x000281e8                fill_buffer_byte.lto_priv.742
                0x00028210                ecp_safe_invert_jac.lto_priv.423
                0x00028258                ecp_normalize_jac.lto_priv.424
                0x00028326                ecp_normalize_jac_many.lto_priv.426
 .text          0x00028728     0x516c C:\Users\satya\AppData\Local\Temp\cclyo7Xf.ltrans3.ltrans.o
                0x0002873c                radioConfigChangedDefault.lto_priv.449
                0x000287f0                BG_PRORTC_IRQHandler
                0x00028838                ll_task_default_callback.lto_priv.777
                0x00028af8                RFHAL_GetRadioState
                0x00028b40                RAILInt_IsPowerInRange
                0x00028b74                RAILInt_SetChannel
                0x00028d68                RFHAL_BLEPreambleSyncWordSet
                0x00028dac                RFHAL_IsBleLongRangeEnabled
                0x00028e24                uuid_to_handle
                0x00028e88                timer_get_time
                0x00028eb0                smp_ah
                0x00028f40                usch_Schedule
                0x00029084                usch_RemoveTask
                0x00029144                add_task.lto_priv.479
                0x0002929c                usch_currentTaskRemainingTime
                0x000292b0                ubt_pskey_read_callback
                0x000292cc                ubt_pskey_write_callback
                0x000292e8                ll_radioSetTxPowerRaw.part.0
                0x00029308                ll_radioRawToTXPower
                0x000293b0                ll_radioTXPowerToRaw
                0x000293dc                ll_radioLoadPacket
                0x0002942c                ll_radioGetPacketTimeWithPhy
                0x00029450                ll_radioConfigurePhy.lto_priv.478
                0x0002950c                ll_radioConfigureChannel
                0x000295f8                getSupportedPhys.lto_priv.760
                0x000296b0                RFHAL_NotifyUserOfIrCal.lto_priv.689
                0x00029744                GENERIC_PHY_EventCallback
                0x00029944                ll_radioReadRxPacketDetails
                0x00029b34                ll_radioReadRxPacket
                0x00029db0                nvm3_deleteObjects
                0x00029eec                BTLE_LLToHCIEventSAP
                0x00029f24                ll_to_hci_event_handler.lto_priv.776
                0x0002a348                BTLE_LL_EventRaise
                0x0002a3f8                phyUpdateComplete.isra.0.lto_priv.759
                0x0002a544                ll_radioStop
                0x0002a574                ll_scanExtEnd
                0x0002a656                ll_radioTxAfterRx
                0x0002aac6                ll_radioTxSchedule
                0x0002ab84                ll_radioTxStart
                0x0002abe8                ll_radioRxAfterTx
                0x0002ad10                ll_radioRxSchedule
                0x0002ad7c                ll_radioRxStart
                0x0002addc                ll_scanTaskPrimaryHandler
                0x0002b258                ll_radioSetMaxTxPower
                0x0002b2ac                ll_radioSetRfPathCompensation
                0x0002b2d0                ll_radioInit
                0x0002baa8                gecko_priority_handle
 .text.unlikely
                0x0002d894      0x140 C:\Users\satya\AppData\Local\Temp\cclyo7Xf.ltrans3.ltrans.o
 .text          0x0002d9d4     0x57a8 C:\Users\satya\AppData\Local\Temp\cclyo7Xf.ltrans4.ltrans.o
                0x0002df78                PRORTC_IRQHandler
                0x0002df88                RFSENSE_IRQHandler
                0x0002df8a                getMultiTimer.lto_priv.730
                0x0002df8e                isMultiTimerExpired.lto_priv.729
                0x0002df92                cancelMultiTimer.lto_priv.727
                0x0002df96                isMultiTimerRunning.lto_priv.728
                0x0002df9a                setMultiTimer.lto_priv.726
                0x0002df9e                RFHAL_IsTimerRunning
                0x0002dfb0                RFHAL_IsTimerExpired
                0x0002dfcc                RFHAL_GetTimer
                0x0002e25c                sli_bt_cmd_mesh_lpn_configure
                0x0002e8e8                sli_bt_cmd_mesh_lpn_establish_friendship
                0x0002e94c                sli_bt_cmd_mesh_lpn_init
                0x0002ed10                sli_bt_cmd_mesh_generic_server_init
                0x0002edec                sli_bt_cmd_mesh_generic_server_update
                0x0002ee90                sli_bt_cmd_mesh_generic_server_response
                0x0002efa0                sli_bt_cmd_mesh_generic_client_set
                0x0002f078                sli_bt_cmd_mesh_generic_client_get
                0x0002f108                sli_bt_cmd_mesh_node_start_unprov_beaconing
                0x0002f344                se3764a196206ca766447568e6c82eb3806cc5ee0bd40334c85ea4ac7fec8705e.lto_priv.605
                0x0002f3a8                s136e1bc8efb525854e26cee045740f2824dfb5e83d76f455c38b4d485e2344dc.lto_priv.567
                0x0002f3d8                s65dfb07cd812848aa1858cedfb2ff8b6c2c79d64ad76ddd38e73ca9c4fe0d2c8.part.1.lto_priv.548
                0x0002f408                se9d619aef287acb08fe0d2bde04db10c30055922f976c7ff99d0506eef7607b3.lto_priv.416
                0x0002f464                s7e051d63df7ca099583d438115c61bdfac67c6a683414beb48520e7dc76a95b1.lto_priv.545
                0x0002f4f4                s8f4b3a6b330b7e42012bd297842a6e3185bd01d8b2dacabafd68080ae03fc7ad.lto_priv.552
                0x0002f514                s736505a4274c569e12a0e86b7e67987e435375b35d02460bcbf561844d625709.lto_priv.546
                0x0002f538                s07be77694174a403fadddccc0d9187d02a8e4948693064d239e090b9336b45d3.lto_priv.550
                0x0002f604                s350422c62c29cea6e791d1a85dcc6c78784440f298bcd83ac054dbb0672478f3.lto_priv.547
                0x0002f634                sa3c2329a7f8a417e147d216d901dc01a32f8b8a503f321ba4b83ff1860239a86.lto_priv.551
                0x0002f6f4                s161f8085154d7df2d87b5847416273a7f60bfbaa27053405c4a06c9b15671f13
                0x0002f724                sb8d355a43d5c9adbe2287d527747031a2cad8759b446b653e7c2350299faf19b.lto_priv.544
                0x0002f744                s4ebc34f1f9c2699c3d037e561b1c34e6277128999d9be5c92b405eb3b2cb935d
                0x0002f760                s4d0733ad5102192333e91b15eea93a28ad50431aaf0b1004e6933f1cb104fd26
                0x0002f778                s873d6c2ce4525dc162c176296fc9beefb73d839282001a232ea7ae435eebdbb2
                0x0002f790                sli_bt_cmd_mesh_generic_server_publish
                0x0002f7f0                sli_bt_cmd_mesh_generic_client_publish
                0x0002f8f4                sf8ee83271f5ffb7d871f16b68c7f5568e7ed7c0bbb80510fca2e4af8e1935621
                0x0002f920                s617c6f8877117e120d595d0de0457a6bf92dd926ddc58b06e347f72ba60a14f1.lto_priv.600
                0x0002f940                s5d4018a70f779192747a04c0716e6ed1fe8990fafa83fa7fa3f707fe2422f825.lto_priv.601
                0x0002f95c                s533905622e49b3a027cad67afcb6ff2a9065596fbd38ebe1361793d10739c51c.lto_priv.564
                0x0002f96c                gecko_bgapi_class_mesh_node_init
                0x0002f972                gecko_bgapi_class_mesh_lpn_init
                0x0002f978                gecko_bgapi_class_mesh_proxy_init
                0x0002f97e                s7eddd92eb6b8845939c4be7859fa1fc5b5e2c9efb8b27e91fe4bb574597e2347.part.4
                0x0002f9b8                s7eddd92eb6b8845939c4be7859fa1fc5b5e2c9efb8b27e91fe4bb574597e2347
                0x0002f9f4                sli_bt_cmd_mesh_lpn_deinit
                0x0002fa30                s02b4732fefe1d17ca9c9f0108e5cccca6ce4f40315bd8bc6c0cdeeb2d1015b98
                0x0002fa50                sca28989cbffe143d753055fdcb457cc1469d8dbd974dad78e762b9355b9031a1.lto_priv.543
                0x0002fa9c                s07d757f4f5a5994ddaf578e391e9c249d32b33409747c5899f2b7462a0cf9c17.lto_priv.608
                0x0002fb54                s7015d384062796dcb39fa832a3ca5b2e4c8a1d67b099e2b7ed30989accb024b4
                0x0002fba4                s381e7fa1a4f379fedbbe39234696bce7c10feab0b874b05afea87af4ce2688ce
                0x0002fbf0                header_invalid
                0x0002fc0e                crc32_calc.lto_priv.733
                0x0002fc3c                find_obj
                0x0002fc98                gecko_bgapi_class_mesh_generic_server_init
                0x0002fc9e                gecko_bgapi_class_mesh_prov_init
                0x0002fcc0                gecko_bgapi_class_mesh_proxy_server_init
                0x0002fe0c                s1ef3aee999bdb1cc0651e38c4c5bbbe26a4ecafa1026f2e7152ad312261f274f
                0x0002fe28                TIMING_NsToStimerTickCalc.lto_priv.747
                0x0002fe54                TIMING_Recalculate.lto_priv.477
                0x00030048                SYNTH_LoDivGet
                0x00030068                RFHAL_SetTxPowerUnchecked
                0x00030080                RFHAL_SetTxPower
                0x000300be                RFHAL_GetBitRate
                0x00030184                flash_write_u32.lto_priv.732
                0x0003019a                store_write
                0x00030428                erase_db
                0x00030458                mesh_bgapi_listener
                0x00030a84                SYNTH_DCDCRetimeClkSet
                0x00030bec                RFHAL_SetChannel
                0x00030e00                RTCCSYNC_RTCCClockFreqGet.lto_priv.793
                0x00030e44                RFRAND_GetRadioEntropy
                0x00030f44                RAILCore_ScheduleRx
                0x00031108                RFHAL_ConfigRadio
                0x000313ac                RFHAL_CancelTimer
                0x000313f4                sc0094f998bddd87d2138d84a8b8353768d11398c8ace09240960d4af0e4ce365
                0x0003149c                sb7c7c8910b44c035b4ea689cf69d44d615ba99dff82b5ce2de4dc3bba89a2b5f
                0x00031570                s0f8b71e683840c4f2d33ad06edd7ba8309757dfd250eba4fd003da087ef46dd5
                0x0003159c                sc754346e6af317e995616d5f074f0028768f2fd1888c9805ab1a01fa17c928b4
                0x000316f0                sa3cd0ff9811455b7ed841381ee971ba42a73fad62a1d528d8cec173962775359.lto_priv.599
                0x00031888                s29ea2e000ca7364c78c98df71bf2036d2b34cbd777c4d1fd71bc7df88a1c16b3
                0x00031952                s3f4c4b5760d16b7f14f05aa35bbcab34f552563f56146d878e38130eaec7c6bf
                0x000319a0                s9d0ba675f416cb47be552e0a40254ada7c781f31eff1f0fe1f9415e0960a7827
                0x00031a02                sf341ebe22332fd4073bbc4793beb5c542fd68d75626994117d37968ed48dff87.lto_priv.606
                0x00031a84                sli_bt_cmd_mesh_node_init_oob
 .text.unlikely
                0x0003317c      0x238 C:\Users\satya\AppData\Local\Temp\cclyo7Xf.ltrans4.ltrans.o
                0x0003317c                s5327e2fb0fd7b9d7d7ad64ee7f22208c0f652609683ac9ec9d336fe1dd2a682a.part.3.lto_priv.554
                0x000331e0                s84eb7f4576c615df598783bc616615d80ebeb7e2e775867d085dfb5563e3d6a5.lto_priv.553
                0x00033214                sc91e69ee7e8ae1b7e4b3cd655adfbbabe52afb5edf837b380371334723b8056a
                0x000332b8                s4ef191d638c6974e98bd7283a55a808217e204fae183eda6fb37a2973e418781
                0x00033314                s4725947578de123c99b96270f9d7c17de2bae2fab46c72d4e607f2116c810f4c
                0x00033348                s9599387039e867a3cda191276edf47d1cafa6d91321718212a305c9ddba34ce2
 .text          0x000333b4     0x6620 C:\Users\satya\AppData\Local\Temp\cclyo7Xf.ltrans5.ltrans.o
                0x000335bc                s05d20fb8a19c259234a0a867dbee16461a9952787921a2fcedd5b09762455af4
                0x00033610                sbea631b5cfa658c217cb06e986c1c6402bac1e946affbb416c60255c5d8a90c0.lto_priv.582
                0x000336e6                ccm_aes_setkey_wrap.lto_priv.397
                0x000336ea                ccm_ctx_free.lto_priv.399
                0x000336fc                bgapi_test_lib_msg_handler
                0x00033754                att_gatt_client_handler
                0x00033abc                mbedtls_ecp_point_free
                0x00033ac4                crypto_management_release
                0x00033af8                mbedtls_aes_init.part.3
                0x00033b00                aes_ctx_free.lto_priv.396
                0x00033b14                mbedtls_aes_setkey_enc
                0x00033b50                aes_setkey_enc_wrap.lto_priv.393
                0x00033b52                mbedtls_cipher_update
                0x00033bf4                mbedtls_cipher_cmac_update
                0x00033cbc                mbedtls_cipher_setup
                0x00033cf0                bondingdb_handle_valid.lto_priv.734
                0x00033d14                ubt_sm_get_bond_data
                0x00033d44                ubt_sm_set_bond_data
                0x00033d72                mbedtls_mpi_cmp_mpi
                0x00033df2                mbedtls_mpi_cmp_int
                0x00033e0c                mbedtls_mpi_bitlen
                0x00033e4c                mbedtls_mpi_free
                0x00033e78                bg_pool_free
                0x00033eba                bg_pool_alloc
                0x00033ed4                bg_message_run
                0x00033f5c                bg_message_call
                0x00033f8a                bg_message_remove_receivers
                0x00033fbc                bg_message_send_later_alloc_pool
                0x00034058                bg_message_send
                0x000340a0                bg_message_cancel_matching
                0x000340f8                bg_malloc
                0x00034116                bg_message_add_receiver
                0x0003413a                bg_zalloc
                0x00034152                aes_ctx_alloc.lto_priv.395
                0x00034166                ccm_ctx_alloc.lto_priv.398
                0x0003417e                mbedtls_mpi_grow
                0x000341d4                mbedtls_mpi_shift_l
                0x00034262                mbedtls_mpi_lset
                0x0003428a                mbedtls_mpi_shift_r
                0x000342fe                mbedtls_mpi_read_binary
                0x0003436a                mbedtls_mpi_copy
                0x000343c2                mbedtls_ecp_copy
                0x000343ec                mbedtls_mpi_mul_mpi
                0x000349ee                mbedtls_mpi_mul_int
                0x00034a08                mbedtls_mpi_sub_abs
                0x00034b96                mbedtls_mpi_sub_mpi
                0x00034be0                mbedtls_mpi_add_mpi
                0x00034c28                mbedtls_mpi_mod_mpi
                0x00034fbc                mbedtls_mpi_shrink
                0x0003502c                sd78338f3b27cfc7a3c65a65d9581eae95c92fc65772b5df034c8cbd329cb7d56
                0x0003507c                s3c5ee176383b4e38415a177cc0b95a250d1e2ed61fc9892a0af98cb8dd0ba870
                0x000350e0                sc806ff008eb0b3f8c5421b67b383216076e4f8f9807957294f0a922c3f5d89a9
                0x00035144                s4d3e747158c39af3e0b854fcef06c563382d7f2a5a2051017a05ffd8005c6ee1
                0x00035194                sc69389ceddd19d004be6782a6c91d40092a5f39574013b789d93caef39ccf2f3
                0x000351e8                s8e9b0a2e4f0c9b435086222636cf68aa6a19c2c5e72670906f482a33ecddef87
                0x00035260                sae1108a9c350f785d0d460f16304c8c3a7ad0ee77fdce2ec3efbfa54851d83bc
                0x000352a4                sdb356c9af0eae8c2856a365929e9a7e859f68084fbc749813f4ace37c68350e6
                0x000352e4                s87bf47cdb1357b96490fc2b50a9f573db6159f87a213c43b9986bf8ca8187276
                0x00035348                s4986144bdb3fd1fa9c4aba93a4af2f3fa0eb73b8dce0987b60df0de62706499a
                0x000353f4                sbd54cd645f1b992723512d38add7a131f7f8fc8bdda65927b4a51685233140c3
                0x000354a0                s9b37770fe9f12de7cbc07e0fc8e74c322bfa2e4e0c8242e93063d97692ee21f5
                0x00035504                se9d4108d24253c8607aba5056e89e821fa6cd6d3ecab583e247661753fd8aae8
                0x00035560                sb8246c823cb0ba6c01261d6444c95dbc5be631ba0111dab72f7bb08b58f88c8c
                0x0003563c                bg_event_raise
                0x00035668                bg_event_allocate
                0x00035690                bg_bit_popcount
                0x000356b6                att_buf_send
                0x000356c0                att_send_pdu
                0x000356cc                att_send_prepare_write_request
                0x00035780                att_alloc_pdu_copy_data
                0x000357ba                att_alloc_buf
                0x000357d2                att_alloc_pdu
                0x000357e2                att_send_execute_write_request
                0x000357fe                att_send_execute_write_response
                0x00035818                att_send_write_response
                0x00035832                att_send_error_response
                0x00035858                acl_find_by_addr
                0x00035888                acl_find_by_index
                0x000358a0                acl_find_by_hci_handle
                0x000358b8                acl_release_
                0x0003595c                sf715c142d69d07466c83d5cfd4d64a38f6fe93582c600ac5a491521495d1b167
                0x000359a0                sb78a8c796702dcae4cce9a37b502ebe97013e63ccafe25751920401046394404
                0x000359ba                s65f057629ba27fea416ff814c4654b68f2877a5d583ccbc2aab0f536bd91476e
                0x000359bc                sf5ab461e05e7f22be8e754ae85164528466256ff350d0db137ec876cda8c9dc1
                0x000359be                s7e531ec1b9111f5cbaeb58dbf582d18b7b4b6c948f347e47a6bf4ac57fc342af
                0x000359c0                s4e8a9bf337d7c57b592ec55e760d94c300348592668a52e0077ec756df0c79ac
                0x000359c2                sd4f567efacee1e50a93c78d7aa5316c193680a62be6eb613e5e1e42f91c2cb04
                0x000359c4                s23a5e36a8e58ed51984bbcd9c3e2612c2054247ddac9b65de17494b86a81a2d8
                0x000359c6                sc257f15471a933b7aee3f7d0723f38909b07b7b00b639be4c0a474feab75b1c9
                0x000359c8                saba3689587585ba5b154662b66aba046d008776e6be19befc1a89b297e4332e0
                0x000359ca                s467c1d9c943aa4ad7cd860d78b9b752406ed7c8f1cd2800ba4bdfeb5017010b1
                0x000359cc                sa69ac95af6c95fd015a212398b07eedc92713d2102bfcb732cae97c2f0c8b33e
                0x000359ce                s4d22dcf45223384f89fd84832f7c13519d7a3c7053e52c522adf8e88db8a6b49
                0x000359d0                s1f4ed174b148d4ca061f47064a7fae270e3703446afb78b8121fc54c7646bfa9
                0x000359d2                s3f84a4875de06717ea85b48ece98efe55e1405da91ccfbbaaa21f2d11b82691a
                0x000359d4                s5ea90070afb0f8e7b5dd41613df090055a46290eff0c55b24427d94fb3e1f163.lto_priv.679
                0x000359fc                se8d23499ed4c8440b4036b28a586c30c0a6f45e04926ee13b800fec4b89b2fb3
                0x00035a84                s0ef6da06ae6aa81dffb8733cfca34673b61df2f9ac8758f813f036b4fe904b23
                0x00035ab4                s30576a6f08d61a83104b3e506e2efa13b19950692bc8c124f5aa0447e46ffbf2
                0x00035d10                s5b6f5663df3022457d02dbdb0cc8542dbc9712e521f831363b9080a7a66af6ac
                0x00035d22                s06af1514f5941678e0fac8b40eefe82f762be9d7560bf004a36dc928e15820fb
                0x00035d7a                sb43df7d076e227bb18322a563a9cd8038acbc0c1c862824f29b368e5be238f43
                0x00035dae                s94b6a645567e98514fe35b32a8e65338068c6ba0071abf6b41f88b16251cde6d
                0x00035e0a                se6e4cbb9ae27fe1db504d798c2ed100f7fcd3903c82258ade1002761f68e7a11.lto_priv.429
                0x00035e1c                sc113e64ae0982d77fb10438865e149b32ccb3f484da22f87c9c87afda98faf95.part.21
                0x00035f9c                s02ce58052b120c41e09622855007ceb075e4dcfa82c806b79934e5d37e02d73b
                0x00036144                s530a725ea4e968dce8493bb59ddf1725d666b05965c2456133e8cb398305952e.lto_priv.611
                0x00036182                s31bd53801487c9c335fd2aba8a97f4ce63787e8edac91ffe40c63ae80267903c.lto_priv.610
                0x000361ac                s53e14d4ab22cc138350f35ef0a0a8834adb5dd6c518c1361a556396c4d99a9ff
                0x0003640c                s59dfa4700c21a238705a7f35cda95d9f47e1906e40c9f8c8919461dec07940d9
                0x0003648c                sd8da9eefc46240efc2b5f3cb095184257e8fd5e65e490b5d954f5cd7826f40bf
                0x0003651a                s1000b7dd5c9483f8820f5cf52592da0f4ffc8ad772719a3f5d330dc069339227
                0x00036590                s5b722ab2184854ba821fae66dde3863386af558adca55892c81d7eb101324024
                0x00036670                s49ff828ff0edfe9aad6f8c643fe32191184fac27321435ab2d1d928a24acb5b3.lto_priv.587
                0x00036698                se2cb9309aedf6c55c3617c99b8845065f4aad6b3ea4e231d2681e30038969c58.lto_priv.584
                0x000366c8                s4bbea346f32f49e2abf71e30fc9dfdd39065a9f68c857cdbdadca12d1115dabf.lto_priv.583
                0x000366fc                s8c0ca19694ac49a8a8c4bb3adbb4c2b07dbfeebb2d7d70f598f73da6027f234f
                0x00036772                s0247dad9ce72306061df59a07fd529c7d6a62fec72dad9b04e78b3315bd7b353
                0x000367ae                bgbuf_copy_to
                0x000367ae                sd8266ded2516d3b5ecad080ede5ae334b39367fba15a8996f12eb9880aae1889
                0x00036b66                sbd4787e6e31d64b0bad6fd14f92063bc2405aef3b68272a293c9f59552af297e.lto_priv.609
                0x00036d1c                s2bc520e8602a1337ab3f9068e85d68ebc3b3677753e7f66a800487dc0e2e9b3b
                0x00036dd8                sefe29c2cd65e8453df3ca8b367a3aa06f3780f8562db08359d46b21f7f3a637e.lto_priv.586
                0x00036e58                sca6b5a64a1b9ae36fdb101a9fde07e8624609ce1a8f4266cec44cf1875b4e5e3.lto_priv.585
                0x00037034                swapl.lto_priv.503.lto_priv.542
                0x00037038                s5c279919a8f58071d1e718cb692daf27c23c47bda1b5d733ac21e97e8698aa42
                0x000373ac                se962187c28fb3fcf7be288c9b4498bfa28e4993abdfde2bc7a8d3948a41d59f0
                0x00037728                sd62e91483f8f46df5b0b9b5a5f5a5269ee9f346a238f1966361ca51b1b737d15
                0x000377e8                se43b024a5ff53462abdb7a2efb81e644b3ff30fb47e936a4391a28047f600a7c
                0x000381d8                s83eec336a80ea8ffed207004315c68d9d03e47f96a0266fdd5f424e23b1bae97
                0x000384fc                se89758fe52589558bbeec75d45548123ecf6dc7ffdf4dd1caa85350cd360cee4
                0x00038a2a                s588aad2d7f02b94330aab607d7ad86cd1299e985728d4b70f1613f14355da8e3
                0x000391c8                sc3ecb55861cd36a68d1e14ac40f0d1927f0841c8376b004612c77262601ff1e0.part.0
                0x000392d0                crypto_management_release_preemption
                0x00039634                aes_crypt_ctr_wrap.lto_priv.392
                0x00039674                bg_random_get_data
                0x000396f0                mbedtls_aes_crypt_ecb
                0x00039798                aes_crypt_ecb_wrap.lto_priv.391
                0x0003979a                aes_setkey_dec_wrap.lto_priv.394
                0x00039830                mbedtls_ecp_group_free
                0x0003988e                mbedtls_cipher_cmac_finish
                0x000399a4                mbedtls_cipher_free
 .text.unlikely
                0x000399d4      0x420 C:\Users\satya\AppData\Local\Temp\cclyo7Xf.ltrans5.ltrans.o
                0x000399d4                mbedtls_mpi_safe_cond_assign
                0x00039a3c                mbedtls_mpi_inv_mod
 .text          0x00039df4     0x56a0 C:\Users\satya\AppData\Local\Temp\cclyo7Xf.ltrans6.ltrans.o
                0x00039df4                s461b274d26526a54f084ccd4ee5d975282d4852ce1e0ba9c9b032ffb6a5a6e85
                0x00039e98                sc4ef83f5d69424648b8fa4a1bdd1c9ce671ced14c51084de64b2bc8a55d5b15b.lto_priv.661
                0x00039ecc                RAIL_YieldRadio
                0x00039fe8                s5b15de2975419657a4becd034412681a38ac929fe3e10d763fba289fb31429e1
                0x0003a252                s60f407088f74729ad9ebe063cd29f95c026cfdfd4ab1336d4af32bb5a4aefa0b.lto_priv.581
                0x0003aca8                s0e70d9e37a851e818e1537f22d2f908365e9599699fbede2fe92e3b49a06ecae.lto_priv.663
                0x0003ace0                sfc7f5b567c55c81ed0021fd96d73c1baf659fd46b580bcdca4717caf7f29a994.lto_priv.662
                0x0003ad08                s8cbc7a0d53f7abdbe641fa303de762d166cb64d64ddf73c0380c5f7c504ae91c.lto_priv.660
                0x0003ae8c                sd0070cb71ea918c5b8dd3c40357c3cd2a361b7ab179c87dc87542aee5ce8a495
                0x0003aec0                sb14b66aa77136cc2cf64d2f05922bd17d2eb28e542ae2ef4e616b5794b01a492
                0x0003af20                sab5a86ace06121b69e5929893458f81fe595dd82738d7e15c7411c271d3c1f8e
                0x0003af46                sc7b951acfc3ffff67bdbfcaa541b276192c4e7d0acc9e9cd28fb32f7e4e88433
                0x0003af68                s27cdb05b41796495e9cdcbf0cb46e18e0433d8a261afc7a86169f1969f8e9bfe
                0x0003afb0                s8d3d0a337375f29b41ea220396bb49820cc02f72110f6655b0cd5d398d711579
                0x0003aff8                s109c186e2a5cc86dc4f38b873d6f08af56e0e265c67dcfe956fb469964f0fa35.lto_priv.421
                0x0003b070                s33f88533281f2c90f59ffd702bda6b125402eec98bad82f58ea2923cec67a56e.lto_priv.351
                0x0003b0d8                s1281427a44b9c0bf1a093d278f3be7d7a9375b106490d17e42756ab079690652.lto_priv.518.lto_priv.592
                0x0003b0d8                s1281427a44b9c0bf1a093d278f3be7d7a9375b106490d17e42756ab079690652.lto_priv.519.lto_priv.597
                0x0003b0e2                sfa26325916ad7bb00a125438d154a695bc7d497f489899ac4e9f3399938839de
                0x0003b11e                sa44d5b24b2456a37c2133b91c865a43d316af15d6abd28d1b3183b7b5c7278d9
                0x0003b15a                scae0a2d07b6f98fc4d9025bbb4d793e0c108b52f6c3090de4e6b9bd7fb5cbd39
                0x0003b1a0                sac0c3f99cddb66c083a35fd377fe47f453f7c2ba707ee5a0a13d28d96b9a8c7b
                0x0003b1c8                s5c8f55f9c2af92068e7135434d71d3800de9b50e482ed3bec6ad0ae9f23786f2.lto_priv.406
                0x0003b1ec                s867b5b6f3ff12e174404ef00fce310141b5cd89667b0610b3bc11a3409b62349.lto_priv.521.lto_priv.593
                0x0003b1ec                s867b5b6f3ff12e174404ef00fce310141b5cd89667b0610b3bc11a3409b62349.lto_priv.522.lto_priv.685
                0x0003b1fc                s715d4953126f7c149ff0b7f9bde9f0b92e6726d59705743f745ec506f788ff6f.lto_priv.523.lto_priv.590
                0x0003b1fc                s715d4953126f7c149ff0b7f9bde9f0b92e6726d59705743f745ec506f788ff6f.lto_priv.525.lto_priv.684
                0x0003b202                sf11d50e84126982a35d3c0a4d21d76e2b58a7c36c1acf15cf2b2586e584014a8.isra.12.lto_priv.413
                0x0003b204                s5dce41e0e84aa346b17552800f45d7d9f4ee4782db10d12e38137b246b36febb.isra.8.lto_priv.615
                0x0003b206                s53a8d8f9ba676224d5976a257a073629b957e533126a6b2d1aa4192da4274b67.isra.7.lto_priv.613
                0x0003b208                s9a5c33a28e6e31f2d1bb33c4ebe824b713183a4da915d832a1d40d7e1b7e90d8.lto_priv.596
                0x0003b270                s620e85e6a2bed72b872f6cfb60f59014ca77da2b101873944c79b4359d58d76c.lto_priv.598
                0x0003b290                sfa0689c7e86ece74822909b0bcfb807eb8d641f9014a4768da90028e67d3587d
                0x0003b2f6                s6acd83d657c749752d01993f5ba245a73c996934a65efaee2d2ffab2a5cedf98
                0x0003b328                sb04b40614d2906287dd79c9b7d82fa4fd1462f29d09e6d16c3e02a8a473f4856.lto_priv.415
                0x0003b378                s5df9bfce222a9433a34931c587bbe856eee016c5a0d32d4723d4bbecbb93e71e.lto_priv.616
                0x0003b3b0                sd31ee78f90743036bbfbd8cd8c3d9947094a479cf92fdcff547f62850566a886.lto_priv.411.lto_priv.412
                0x0003b3b0                sd31ee78f90743036bbfbd8cd8c3d9947094a479cf92fdcff547f62850566a886.lto_priv.594
                0x0003b3b0                sd31ee78f90743036bbfbd8cd8c3d9947094a479cf92fdcff547f62850566a886.lto_priv.410.lto_priv.431
                0x0003b428                se9159a48f54ed5f0119caacf8ccde57d77edcaff3d7435e046378c6fec08dbe5.lto_priv.680
                0x0003b450                s99f7429199c6b9af355da7c8a46260bae67db309a852980dc1d8276c2e876424.lto_priv.678
                0x0003b470                sc7331cafe758077afe300a52a415f7f831443d8929ae17b96aaac8088d05328f.lto_priv.620
                0x0003b4f4                sf71dcde6c6eec8f4a11504bf6e4e4e55b6f3e65fb02756ee94534d956c7e87dd.lto_priv.607
                0x0003b510                s8837e3eaa88d1604db0e4b6507e5d7efcb185a1fe366adfdeb450d29ede8dee1.lto_priv.603
                0x0003b57c                s660fa44a2e6aa9a31b888b9fd0d70973e7b6876564900848556b08177a449ad7.lto_priv.677
                0x0003b700                s9621e498012bd1bcff34d55644f39dcae47418b31590d40345cc37aa2b69fdd6.lto_priv.621
                0x0003b8b0                scd10bfc9ae3e7543bad911f50aec17aa5c121b46259066fbea8c078c9886a145.lto_priv.612
                0x0003b8d0                s2f69b2ed1087eb7eff845b163901161c96efada86515f625c9267381d45fc0ce.lto_priv.580
                0x0003ba70                s8a1ca46bd19a291207d6f09ebeaf445387512104e47e0663cb3c8815f788a621
                0x0003ba82                sd10ca0873efeba8d01baf5b50581d980ef890a2d6fdf59235ef93093f124591f
                0x0003ba98                s18a0deaf37c2ba3478e537ba2ffc1a97bdbbc7794d3c0a844b9d8e2fbcb07dc0.lto_priv.422
                0x0003babc                s7cacd8ea75459b535afb1bbf297628be11df7c8fb6bba1042b8811b094460fc7.part.1
                0x0003bb4c                s54c7a1fefe1eb06b6629502dafd92ba9d61abb6228b962743ad53a7c47c83b16
                0x0003bc5c                sb9071e9815b2210206605e5791b08750c048a798d0fcb2fd0ac3a95ef2a85ad6
                0x0003bccc                s324767d17616afa152776981a2a5b05ea9ee09387e7eafd28d3c6c89b47ab7cc
                0x0003be44                s426d1f1e1b89a49c49f5cd140d30657035ed680c292af87fabae3486ac39e71c
                0x0003bf94                s336e49e0e2ed918bbef8d098b20f5553aae75ade1aadc3dc4a0a3ca4bc52b4f7
                0x0003c080                s60069043de093d66c6bc943d077bd18ccffd40925abcb94099e10a1e0db2baa4.lto_priv.352
                0x0003c94a                s37a873f06aec6a8c7c23eb477bcddfc64f4a5f63b4a73da055ba2b665cdb75b3
                0x0003d558                s46eacaa83eccb242472226d343e021b3552f1078c56c230e81b2cb3515c70673.isra.22.lto_priv.614
                0x0003d698                s9d127e90f2c55410a0b077fbed1f4070a45ac0b12a26e3bf7e03760837dd59cd.lto_priv.414
                0x0003dd5e                s9587a77cb4960a13252e7dc3ce40a0c3ebf6debee28ffd252d917a8dbd9f7da7.lto_priv.664
                0x0003dedc                mesh_trans_send_sdu
                0x0003e5fc                sfc8937cde3e8c1905b2c4eb27bb0ae38fe873dd5628ec420618d0c6d314c8a42
 .text.unlikely
                0x0003f494       0x68 C:\Users\satya\AppData\Local\Temp\cclyo7Xf.ltrans6.ltrans.o
                0x0003f494                s60621c9ccf32dbd71008140380f8fc263522fd76b0372779401cc60afcb8eb3f
                0x0003f4ce                s8a2d3a860fbeaa2e6a70ac61a4ede00dfc7ae0cf0f9cf23f4da3bd11ab9bb45f
 .text          0x0003f4fc     0x476c C:\Users\satya\AppData\Local\Temp\cclyo7Xf.ltrans7.ltrans.o
                0x0003f508                ll_llcpCallbackLocalTerminate.lto_priv.706
                0x0003f538                bg_pre_sleep
                0x0003f53a                bg_post_wakeup
                0x0003f630                ll_bgbuf_callback.lto_priv.774
                0x0003f7d4                ll_llcpSend
                0x0003f7ee                ll_llcpSendReject
                0x0003f82a                ll_hciCall
                0x0003f84c                ll_hciSendHCIEvent
                0x0003f858                ll_hciSendAdvSetTerminated.part.3
                0x0003f892                ll_hciSendEncryptionChange
                0x0003f8c2                ll_hciSendLeConnectionComplete
                0x0003f92e                ll_hciSetCommandStatusHeader
                0x0003f946                ll_hciSetCommandCompleteHeader
                0x0003f968                ll_hciCmdSetAdvertisingSetRandomAddress
                0x0003f9a8                ll_hciCmdSetExtendedScanResponseData
                0x0003f9e4                ll_hciCmdSetExtendedAdvertisingData
                0x0003fa20                ll_hciCmdSetExtendedAdvertisingParameters
                0x0003fc04                ll_hciSendGenericCommandComplete
                0x0003fc12                hci_command_alloc
                0x0003fc40                hci_le_set_extended_advertising_enable
                0x0003fc90                hci_state_listener
                0x0003fcc4                hci_increase_token.lto_priv.401
                0x0003fcd6                handle_bgapi_output.lto_priv.510
                0x0003fd4c                sli_bt_cmd_handler_delegate
                0x0003fdc8                gecko_bgapi_class_test_init
                0x0003fdec                gecko_bgapi_class_system_init
                0x0003fe0c                gecko_bgapi_class_le_connection_init
                0x0003fe12                gecko_bgapi_class_hardware_init
                0x0003fe30                gecko_bgapi_class_gatt_server_init
                0x0003fe36                gecko_bgapi_class_gatt_init
                0x0003fe50                gecko_bgapi_class_le_gap_init
                0x0003fe56                gecko_bgapi_class_flash_init
                0x0003fe5c                gecko_bgapi_class_endpoint_init
                0x0003fe62                gecko_bgapi_class_dfu_init
                0x0003fe68                gatt_db_find_attribute_by_type
                0x0003fea0                gatt_db_get_16bit_char_handle
                0x0003fec6                gatt_db_user_value
                0x0003fee4                gatt_db_get_char_properties
                0x0003ff28                gatt_db_handle_active
                0x0003ff58                gatt_db_get_data
                0x00040156                gatt_db_set_data
                0x000402f4                finish_execute_write_req.lto_priv.795
                0x00040404                send_notification.lto_priv.794
                0x000404be                bgbuf_chain_append_byte.lto_priv.755.lto_priv.792
                0x000404d4                abort_long_write.lto_priv.403
                0x00040506                end_procedure.lto_priv.404
                0x00040546                gatt_handle_write_response
                0x00040558                gatt_handle_execute_write_response
                0x00040590                gatt_handle_read_by_group_type_response
                0x00040650                gatt_handle_find_by_type_value_response
                0x00040706                gatt_handle_find_information_response
                0x000408dc                send_characteristic_value_event.lto_priv.512
                0x0004094e                gatt_handle_read_multiple_response
                0x00040a18                gatt_handle_read_blob_response
                0x00040a4e                gatt_handle_read_response
                0x00040b38                gatt_handle_read_by_type_response
                0x00040d5c                gatt_get_next_connection
                0x00040d84                gatt_server_report_gattdb_change
                0x00040e18                gatt_listener.lto_priv.770
                0x00040fdc                send_gatt_mtu_exchanged_event
                0x00041006                gap_resolver_start
                0x000411c8                gap_set_advertising_timeout.part.6
                0x00041234                ubt_gap_set_le_mode
                0x00041694                ll_startOrQueueProcedure
                0x000416ec                ll_llcpFeatureExchange
                0x00041850                ll_hciSendNumberOfCompletedPackets
                0x000418fc                hci_send_acl
                0x00041a34                l2cap_message_handler
                0x00041a68                l2cap_send_fixed_channel
                0x00041aaa                hci_send_command
                0x00041ae4                hci_close_acl
                0x00043030                ll_llcpSendLengthReq
                0x000430a0                ll_llcpHandleFeatureReq.lto_priv.740
                0x000430fc                ll_connSetLlcpCallback
                0x00043160                ll_llcpPhyUpdate_sender.lto_priv.701
                0x0004321c                ll_connClearLlcpCallback
                0x00043260                ll_connAbortLlcp
                0x0004328a                ll_llcpCallbackPhyUpdate
                0x000432d0                ll_llcpLtkReply.part.3
                0x0004338c                ll_llcpCallbackEncryption.lto_priv.698
                0x00043544                ll_llcpCallbackChannelMapUpdate.lto_priv.699
                0x00043592                ll_llcpLinkLost
                0x000435cc                ll_llcpStartEncryption_sender.lto_priv.702
                0x00043748                ll_llcpReadVersionInformation_sender.lto_priv.704
                0x000437ec                ll_llcpUpdateChannelMap_sender.lto_priv.460
                0x00043854                ll_llcpConnectionUpdate_sender.lto_priv.703
                0x00043904                ll_llcpCallbackConnectionUpdatePreListen.lto_priv.700
                0x00043944                ll_llcpHandlePacketCommon
 .text.unlikely
                0x00043c68      0x3a0 C:\Users\satya\AppData\Local\Temp\cclyo7Xf.ltrans7.ltrans.o
 .text          0x00044008     0x6334 C:\Users\satya\AppData\Local\Temp\cclyo7Xf.ltrans8.ltrans.o
                0x00044008                gecko_init_alloc
                0x0004403c                sli_bt_cmd_system_reset
                0x00044498                sli_bt_cmd_system_get_bt_address
                0x000444e4                bgapi_system_listener
                0x00044514                sli_bt_cmd_flash_ps_save
                0x00044578                bgapi_hardware_soft_timer_listener
                0x000445e8                sli_bt_cmd_le_gap_bt5_set_adv_parameters
                0x000446dc                sli_bt_cmd_le_gap_end_procedure
                0x00044724                sli_bt_cmd_flash_ps_load
                0x000447ac                sli_bt_cmd_flash_ps_erase_all
                0x000447e4                sli_bt_cmd_le_connection_close
                0x00044824                sli_bt_cmd_hardware_set_soft_timer
                0x000448d0                sli_bt_cmd_gatt_server_send_characteristic_notification
                0x000449a8                sli_bt_cmd_gatt_server_send_user_write_response
                0x00044a4c                sli_bt_cmd_le_gap_set_scan_parameters
                0x00044ab8                sli_bt_cmd_le_gap_bt5_set_mode
                0x00044afc                sli_bt_cmd_le_gap_set_mode
                0x00044b48                use_legacy_advertising.lto_priv.766
                0x00044b7e                check_private_address_and_timer
                0x00044c4c                sli_bt_cmd_le_gap_discover
                0x00044cc8                gap_notify_connection_parameters
                0x00044d2c                gap_connection_complete.part.11
                0x00044ef4                gap_connection_complete
                0x00044f4c                gap_encryption_changed
                0x00044fb4                gecko_stack_update_callback
                0x00044fe0                bgbuf_chain_add
                0x00044ff4                bgbuf_chain_len
                0x00045008                gap_adv_update
                0x000452e4                gap_listener
                0x000454b0                bgbuf_prepend_no_alloc
                0x000454f2                bgbuf_chain_pop_packet
                0x0004551a                bgbuf_append_data
                0x000457ec                TIMER1_IRQHandler
                0x0004597c                TIMER0_IRQHandler
                0x00045a94                read_status
                0x00045cf0                write_byte
                0x00045e20                bgbuf_free
                0x00045ea8                bgbuf_chain_defragment
                0x00045f34                bgbuf_chain_drop_end
                0x00045f76                bgbuf_chain_drop
                0x00045fa4                bgbuf_chain_free
                0x00045fb8                cache_adv_scan_packet.lto_priv.764
                0x00045fd8                bgapi_ubt_listener
                0x000466d8                bgbuf_alloc_int.lto_priv.405
                0x00046784                bgbuf_chain_append_data
                0x000467e8                gap_adv_add_name.lto_priv.765
                0x0004688c                gap_adv_add_attribute.lto_priv.767
                0x0004692a                bgbuf_clone
                0x0004699c                bgbuf_alloc_copy_data
                0x000469c6                ubt_gap_set_adv_data
                0x00046aa4                sli_bt_cmd_le_gap_bt5_set_adv_data
                0x00046b08                sli_bt_cmd_gatt_server_write_attribute_value
                0x00046b58                bgbuf_alloc_size
                0x00046b66                bgbuf_alloc
                0x00046b72                bgbuf_split
                0x00046bc2                bgbuf_prepend
                0x00046be6                gecko_wait_event
                0x000472b4                gecko_stack_init
                0x00047d48                cmu_init
                0x00047dbc                LetimerSetup
                0x000481cc                LETIMER0_IRQHandler
                0x0004824c                i2c_init
                0x00048318                gpio_init
                0x0004834a                mesh_lib_deserialize_state
                0x00048d54                mesh_lib_deserialize_request
                0x0004941a                mesh_lib_serialize_state
                0x00049c72                mesh_lib_serialize_request
 .text          0x0004a33c     0x4c54 C:\Users\satya\AppData\Local\Temp\cclyo7Xf.ltrans9.ltrans.o
                0x0004a684                sea25b729e75b651bb030a73c27b50d0cda7de1657b115743e96efd7131c1e02e
                0x0004a688                s066351de48e6892df139dfa5ff8e78d492bd3e3a42f4b3371c070d8830b88f9e
                0x0004a68c                sc86089e7200faf7f79e849eaf33b36a47550c2ca34a43f546da4d6909110a0ac
                0x0004a690                s0f2734998a90f5e06e46cc9537fdc2d7ec498f9f3ebaf082a0ca61605495bf01
                0x0004a694                s8d6b9b2f0639fecaaeefabc975aae600b340cb6cd60b2bf9cd62693ca8be0e90
                0x0004a698                sde599135ea39a0600ac2b034ca19ac2e101b9cb6202902faabe1b80639c50036
                0x0004a6fc                s38d57615621ef570302aa2ca77c3c21a788e0d8ae1d2db1c14380915146f9356
                0x0004a7e0                s83332fea8b4fca739bfd78df2062bee2c6b28076d58f3a3e699d3d94e1412062
                0x0004a8dc                s7d132629e8e350bebf261acb4a29bb741e7305239a3474d2c89d5633a2615934
                0x0004a940                s613ae6e9aad90e91763ad952f1d9075e0b85c5361c49667e39d19fa3a345655e
                0x0004aa08                s9cb7c87b8a11b7371f5d501bb1ff95eef5491f4464e5b9abf369ebb721875dec
                0x0004aad8                s52062c182028f12f5bbcd17aafcbc4a62ea015fb369f9616d138faa737f9b421
                0x0004ac10                s207e5596d3390d2161901dc296fc3e3e1f508f41319f3fd2957a7c104e573a0d
                0x0004b03c                RAIL_EnablePti.constprop.350
                0x0004b040                ccm_auth_crypt.constprop.346
                0x0004b2ec                mbedtls_ccm_setkey.constprop.342
                0x0004b344                s00af053ed41651eeec6d5c55d0436dd921f4d744cff8d740403424c6394d0070.constprop.335
                0x0004b394                s906595a771c23cac11d4fced66f59373bb9d341735c560ec281fc4377fe39bf7.constprop.327
                0x0004b3e4                s9362e4770d7887ef67f99f707e1afa74d055ab6b45ac7f99a19a6497ba182458.constprop.326
                0x0004b416                gecko_register_bgapi_library.constprop.318
                0x0004b454                hci_le_set_ext_scan_enable.constprop.313
                0x0004b488                nvm3_writeData.constprop.309
                0x0004b4a4                PA_Config.constprop.298
                0x0004b5d0                nvm3_readData.constprop.295
                0x0004b604                RFHAL_ConfigRxOptions.constprop.285
                0x0004b6e4                RFHAL_ResetTxFifo.constprop.276
                0x0004b710                bg_pool_init_pool.constprop.254
                0x0004b794                hci_command_init_shared_bgbuf.constprop.249
                0x0004b7e8                swap_endianess.constprop.247
                0x0004b804                validate_scanning_phymask.constprop.234
                0x0004b814                bondingdb_find_by_data.part.2.constprop.222
                0x0004b864                att_send_read_by_type_request.constprop.212
                0x0004b88e                gatt_handle_prepare_write_response.constprop.208
                0x0004b9fe                gatt_set_enabled_caps.constprop.206
                0x0004bab8                find_address.constprop.182
                0x0004bb18                preTxOps.constprop.159
                0x0004bc00                ll_scanTaskExtCommonHandler.constprop.152
                0x0004bc94                gecko_cmd_le_gap_bt5_set_adv_data.constprop.146
                0x0004bcec                s75846026fb59afb5f7d482a90194654e1b9c1ad2e6ff2d130138ec3ee015a592.constprop.142
                0x0004bcfa                sc311bb2ddf77bf8ff2491a848b97f4dffb57329f9536d0a6d85642f6348b72e0.constprop.132
                0x0004bdc0                s4a6340e14512cda504f13bf2c99a205edbfb745b61d49562623d3db824192791.part.4.constprop.119
                0x0004be44                s4932f1e6488e7a2d0be0d886d9f0a0ba0be36bf5dc474c2df74131a8e24de078.part.3.constprop.117
                0x0004beb2                sb0858e7faac3d484e16faa69e0251fafd6e6d23bee78d554c237f5d60a92e28c.constprop.98
                0x0004bed0                s052ca738bbd6aca0afeceda6ab6498c1dce4ca3d7aecd046c0d979807d19c8db.constprop.63
                0x0004bfc0                s71467c6035a75d190d5a1bd2d943759b0f6fcf254d7de8a7f80f968f2966af00.constprop.59
                0x0004c094                s36d86042a459de36bc63e863e27b8375fe57e053733009c022bca0385758bb84.constprop.58
                0x0004c190                sb8efcbffa022cee1ed5a44e7138bd1f57522fb1f04cccbca8db05436ea45c883.constprop.53
                0x0004c1f4                mbedtls_ecp_group_load.constprop.44
                0x0004c268                mbedtls_mpi_write_binary.constprop.28
                0x0004c2ae                mbedtls_internal_ecp_grp_capable
                0x0004c2b8                ecp_crypto_ddata_write.lto_priv.484
                0x0004c32e                mpitobigint.lto_priv.488
                0x0004c36c                CRYPTO_InstructionSequenceWait.lto_priv.355.lto_priv.494
                0x0004c36c                CRYPTO_InstructionSequenceWait.lto_priv.356.lto_priv.483
                0x0004c374                CRYPTO_DDataRead.lto_priv.362.lto_priv.487
                0x0004c374                CRYPTO_DDataRead.lto_priv.361.lto_priv.496
                0x0004c3ae                CRYPTO_DDataWrite.lto_priv.365.lto_priv.486
                0x0004c3ae                CRYPTO_DDataWrite.lto_priv.363.lto_priv.495
                0x0004c3ae                CRYPTO_DDataWrite.lto_priv.364.lto_priv.506
                0x0004c3d2                CRYPTO_DData0Write260.lto_priv.357.lto_priv.507
                0x0004c3ea                CRYPTO_DataReadUnaligned.lto_priv.366.lto_priv.492
                0x0004c3ea                CRYPTO_DataReadUnaligned.lto_priv.367.lto_priv.480
                0x0004c428                CRYPTO_DataWriteUnaligned.lto_priv.369.lto_priv.481
                0x0004c428                CRYPTO_DataWriteUnaligned.lto_priv.368.lto_priv.493
                0x0004c46e                mbedtls_zeroize.lto_priv.373.lto_priv.505
                0x0004c46e                mbedtls_zeroize.lto_priv.370.lto_priv.491
                0x0004c46e                mbedtls_zeroize.lto_priv.371.lto_priv.509
                0x0004c46e                mbedtls_zeroize.lto_priv.374.lto_priv.476
                0x0004c46e                mbedtls_zeroize.lto_priv.372.lto_priv.508
                0x0004c47e                mbedtls_ccm_free
                0x0004c490                mbedtls_cipher_cmac_starts.constprop.338
                0x0004c4d8                mbedtls_ecp_mul.constprop.30
                0x0004cc32                se05c554e73eea62cd46af7ee82ce9ef81d5cc431703c738c66588739cd93de3d
                0x0004cc60                s37fc02034c9f7dad3219bbf49408177d353a7508122cd53aff56e162848e8b6e
                0x0004cfe6                s84902fa84e873c979f5e01b21cce9f30782a37a03357e6ec835dbe0a09b07bc0.constprop.15
                0x0004d15c                sa489c97bb37dcce430c190fd452ec482468f35782baf95823e3045df89ed1eac.constprop.12
                0x0004d33e                sddf64fc5afa0808f3c0c4a0b6036ea8a0b37da34c06752312e8938ec215bbc32
                0x0004d378                sb716c518df84735cfb840138bb7825039e27335de06f410ee831bbbc3a8dba26
                0x0004d42a                se0eed6598a60652efee2e76acb9c8fc6b13ea76378d53dfe95ea3f47290ba90c
                0x0004d49c                se3f9e85700120b809c64712b96353f77d3e4856ae856f56950190f9b5586d6d6
                0x0004d4e4                s93e5f8e7f35d05dd1c11eaf62fc337c75c5bc6aa0fde0f1e902c7b5f67612a98
                0x0004d596                sff95e508d55828bf728d6db9fd3390ffe6f5bd10c83542453de2301726788127
                0x0004d5f0                sd673c1f33baf53bc03030b2961575785feded41d1b974fb75eb6ae2b15186caf.lto_priv.385.lto_priv.562
                0x0004d5f0                sd673c1f33baf53bc03030b2961575785feded41d1b974fb75eb6ae2b15186caf.lto_priv.380.lto_priv.604
                0x0004d5f0                sd673c1f33baf53bc03030b2961575785feded41d1b974fb75eb6ae2b15186caf.lto_priv.377.lto_priv.675
                0x0004d5f0                sd673c1f33baf53bc03030b2961575785feded41d1b974fb75eb6ae2b15186caf.lto_priv.388.lto_priv.513
                0x0004d5f0                sd673c1f33baf53bc03030b2961575785feded41d1b974fb75eb6ae2b15186caf.lto_priv.379.lto_priv.549
                0x0004d5f0                sd673c1f33baf53bc03030b2961575785feded41d1b974fb75eb6ae2b15186caf.lto_priv.381.lto_priv.595
                0x0004d5f0                sd673c1f33baf53bc03030b2961575785feded41d1b974fb75eb6ae2b15186caf.lto_priv.389.lto_priv.475
                0x0004d5f0                sd673c1f33baf53bc03030b2961575785feded41d1b974fb75eb6ae2b15186caf.lto_priv.387.lto_priv.676
                0x0004d5f0                sd673c1f33baf53bc03030b2961575785feded41d1b974fb75eb6ae2b15186caf.lto_priv.383.lto_priv.588
                0x0004d5f0                sd673c1f33baf53bc03030b2961575785feded41d1b974fb75eb6ae2b15186caf.lto_priv.375.lto_priv.490
                0x0004d5f0                sd673c1f33baf53bc03030b2961575785feded41d1b974fb75eb6ae2b15186caf.lto_priv.382.lto_priv.591
                0x0004d5f0                sd673c1f33baf53bc03030b2961575785feded41d1b974fb75eb6ae2b15186caf.lto_priv.378.lto_priv.674
                0x0004d5f0                sd673c1f33baf53bc03030b2961575785feded41d1b974fb75eb6ae2b15186caf.lto_priv.376.lto_priv.602
                0x0004d5f0                sd673c1f33baf53bc03030b2961575785feded41d1b974fb75eb6ae2b15186caf.lto_priv.386.lto_priv.541
                0x0004d5f0                sd673c1f33baf53bc03030b2961575785feded41d1b974fb75eb6ae2b15186caf.lto_priv.384.lto_priv.566
                0x0004d614                s5d6457cf80bdbff7e72e5cd1850c11d2400e8edbd0176792371d98bec93757fc
                0x0004d68a                sfd94786c14c007f0318a97ab87adb5bb6883f37641a6f5d43e8caf7c3bd5879e
                0x0004d73a                s9484beaf43b14a0ae917d13841b1c2180a1160d327cbc10768bd59338f49a041
                0x0004d87c                RAIL_ConfigPti.constprop.349
                0x0004d944                crypto_management_acquire_preemption.constprop.194
                0x0004da88                ll_advSetData.constprop.181
                0x0004db0a                ecp_crypto_device_init.isra.0.lto_priv.485
                0x0004db4c                ecp_crypto_ddata_read.lto_priv.482
                0x0004dbea                crypto_mpi_div_mod.lto_priv.489
                0x0004de08                mbedtls_internal_ecp_normalize_jac
                0x0004deec                s5a62950045d3cd533a9cfd7731edb0b6a0ff03a186b1996c4c41360c0b241e0b.constprop.341
                0x0004df9a                s3744c3dca2ffdca661094bf0451d417f3990288b2023046c0935e6da882582de.constprop.332
                0x0004e136                s2bc0998552ae45982253a633eb501aa42b42bc516c46513a86fbbb48c30fba83.constprop.121
                0x0004e1ee                sa5e1d5cce53dfcba5d67b07c25d084f7aa2541d0ec266046b3d6b3e074cacb44.constprop.112
                0x0004e398                s2cb48804b4de4ed12f59c3cd5e3e38d84a625fb6d3eaa7f27c0a59558221d98c
                0x0004e578                s70886196e41b92dbbff0438edabf863acedd5c8aee2989aaabdbceefbde78c94
                0x0004e754                s2e23af953db81d3789f647c421dd72a95d823e593e874877101c3a7be60ce21d
                0x0004e984                s86026424cc45f618bc504d2de07854c6165ba156470ae4d1275dcff5c9ab9049
                0x0004ea88                s2dd1b5b08182d9c697bd04d0124ae36973f4623c06fc56c4b771c4fb5180b99b
                0x0004ed20                seabaa457af9a3087c9f90aa508863a2ff0829e46d67751502b4e3b1195f885ae.constprop.137
                0x0004ed94                sf55763779a5338f05764b4e6c8f3fbed920346cec2340ebf5de42b9d1b085f47.constprop.136
 .text.unlikely
                0x0004ef90       0xc4 C:\Users\satya\AppData\Local\Temp\cclyo7Xf.ltrans9.ltrans.o
                0x0004effa                l2cap_send_command_reject.constprop.204
                0x0004f042                sf0e85e16621b9e16fe16fba7bae261c0b5f9b9a863d59975844a0f5f50db6694.lto_priv.515
 *fill*         0x0004f054        0x4 
 .text.ceil     0x0004f058      0x100 c:/siliconlabs/simplicitystudio/v4/developer/toolchains/gnu_arm/7.2_2017q4/bin/../lib/gcc/arm-none-eabi/7.2.1/../../../../arm-none-eabi/lib/thumb/v7e-m/fpv4-sp/softfp\libm.a(lib_a-s_ceil.o)
                0x0004f058                ceil
 .text.pow      0x0004f158      0x33c c:/siliconlabs/simplicitystudio/v4/developer/toolchains/gnu_arm/7.2_2017q4/bin/../lib/gcc/arm-none-eabi/7.2.1/../../../../arm-none-eabi/lib/thumb/v7e-m/fpv4-sp/softfp\libm.a(lib_a-w_pow.o)
                0x0004f158                pow
 *fill*         0x0004f494        0x4 
 .text.__ieee754_pow
                0x0004f498      0xaa8 c:/siliconlabs/simplicitystudio/v4/developer/toolchains/gnu_arm/7.2_2017q4/bin/../lib/gcc/arm-none-eabi/7.2.1/../../../../arm-none-eabi/lib/thumb/v7e-m/fpv4-sp/softfp\libm.a(lib_a-e_pow.o)
                0x0004f498                __ieee754_pow
 .text.__ieee754_sqrt
                0x0004ff40      0x180 c:/siliconlabs/simplicitystudio/v4/developer/toolchains/gnu_arm/7.2_2017q4/bin/../lib/gcc/arm-none-eabi/7.2.1/../../../../arm-none-eabi/lib/thumb/v7e-m/fpv4-sp/softfp\libm.a(lib_a-e_sqrt.o)
                0x0004ff40                __ieee754_sqrt
 .text.fabs     0x000500c0        0x8 c:/siliconlabs/simplicitystudio/v4/developer/toolchains/gnu_arm/7.2_2017q4/bin/../lib/gcc/arm-none-eabi/7.2.1/../../../../arm-none-eabi/lib/thumb/v7e-m/fpv4-sp/softfp\libm.a(lib_a-s_fabs.o)
                0x000500c0                fabs
 .text.finite   0x000500c8        0xc c:/siliconlabs/simplicitystudio/v4/developer/toolchains/gnu_arm/7.2_2017q4/bin/../lib/gcc/arm-none-eabi/7.2.1/../../../../arm-none-eabi/lib/thumb/v7e-m/fpv4-sp/softfp\libm.a(lib_a-s_finite.o)
                0x000500c8                finite
 .text.matherr  0x000500d4        0x4 c:/siliconlabs/simplicitystudio/v4/developer/toolchains/gnu_arm/7.2_2017q4/bin/../lib/gcc/arm-none-eabi/7.2.1/../../../../arm-none-eabi/lib/thumb/v7e-m/fpv4-sp/softfp\libm.a(lib_a-s_matherr.o)
                0x000500d4                matherr
 .text.nan      0x000500d8        0xc c:/siliconlabs/simplicitystudio/v4/developer/toolchains/gnu_arm/7.2_2017q4/bin/../lib/gcc/arm-none-eabi/7.2.1/../../../../arm-none-eabi/lib/thumb/v7e-m/fpv4-sp/softfp\libm.a(lib_a-s_nan.o)
                0x000500d8                nan
 .text.rint     0x000500e4      0x11c c:/siliconlabs/simplicitystudio/v4/developer/toolchains/gnu_arm/7.2_2017q4/bin/../lib/gcc/arm-none-eabi/7.2.1/../../../../arm-none-eabi/lib/thumb/v7e-m/fpv4-sp/softfp\libm.a(lib_a-s_rint.o)
                0x000500e4                rint
 .text.scalbn   0x00050200       0xfc c:/siliconlabs/simplicitystudio/v4/developer/toolchains/gnu_arm/7.2_2017q4/bin/../lib/gcc/arm-none-eabi/7.2.1/../../../../arm-none-eabi/lib/thumb/v7e-m/fpv4-sp/softfp\libm.a(lib_a-s_scalbn.o)
                0x00050200                scalbn
 .text.copysign
                0x000502fc       0x10 c:/siliconlabs/simplicitystudio/v4/developer/toolchains/gnu_arm/7.2_2017q4/bin/../lib/gcc/arm-none-eabi/7.2.1/../../../../arm-none-eabi/lib/thumb/v7e-m/fpv4-sp/softfp\libm.a(lib_a-s_copysign.o)
                0x000502fc                copysign
 .text          0x0005030c      0x378 c:/siliconlabs/simplicitystudio/v4/developer/toolchains/gnu_arm/7.2_2017q4/bin/../lib/gcc/arm-none-eabi/7.2.1/thumb/v7e-m/fpv4-sp/softfp\libgcc.a(_arm_addsubdf3.o)
                0x0005030c                __aeabi_drsub
                0x00050314                __subdf3
                0x00050314                __aeabi_dsub
                0x00050318                __aeabi_dadd
                0x00050318                __adddf3
                0x00050590                __floatunsidf
                0x00050590                __aeabi_ui2d
                0x000505b0                __aeabi_i2d
                0x000505b0                __floatsidf
                0x000505d4                __extendsfdf2