Archive member included to satisfy reference by file (symbol)

C:\Users\satya\SimplicityStudio\v4_workspace\Satya_I2C\protocol\bluetooth\lib\EFR32BG13P\GCC\libbluetooth.a(bglib.c.obj)
                              ./main.o (gecko_stack_init)
C:\Users\satya\SimplicityStudio\v4_workspace\Satya_I2C\protocol\bluetooth\lib\EFR32BG13P\GCC\libbluetooth.a(gap.c.obj)
                              C:\Users\satya\SimplicityStudio\v4_workspace\Satya_I2C\protocol\bluetooth\lib\EFR32BG13P\GCC\libbluetooth.a(bglib.c.obj) (gap_reset_state)
C:\Users\satya\SimplicityStudio\v4_workspace\Satya_I2C\protocol\bluetooth\lib\EFR32BG13P\GCC\libbluetooth.a(gap_adv.c.obj)
                              C:\Users\satya\SimplicityStudio\v4_workspace\Satya_I2C\protocol\bluetooth\lib\EFR32BG13P\GCC\libbluetooth.a(gap.c.obj) (gap_adv_update)
C:\Users\satya\SimplicityStudio\v4_workspace\Satya_I2C\protocol\bluetooth\lib\EFR32BG13P\GCC\libbluetooth.a(gap_resolver.c.obj)
                              C:\Users\satya\SimplicityStudio\v4_workspace\Satya_I2C\protocol\bluetooth\lib\EFR32BG13P\GCC\libbluetooth.a(gap.c.obj) (gap_address_resolver_step)
C:\Users\satya\SimplicityStudio\v4_workspace\Satya_I2C\protocol\bluetooth\lib\EFR32BG13P\GCC\libbluetooth.a(gap_scan.c.obj)
                              C:\Users\satya\SimplicityStudio\v4_workspace\Satya_I2C\protocol\bluetooth\lib\EFR32BG13P\GCC\libbluetooth.a(gap.c.obj) (gap_status_set_scan_packet)
C:\Users\satya\SimplicityStudio\v4_workspace\Satya_I2C\protocol\bluetooth\lib\EFR32BG13P\GCC\libbluetooth.a(gatt.c.obj)
                              C:\Users\satya\SimplicityStudio\v4_workspace\Satya_I2C\protocol\bluetooth\lib\EFR32BG13P\GCC\libbluetooth.a(gap.c.obj) (gatt_init_connection)
C:\Users\satya\SimplicityStudio\v4_workspace\Satya_I2C\protocol\bluetooth\lib\EFR32BG13P\GCC\libbluetooth.a(gatt_db_minimal.c.obj)
                              C:\Users\satya\SimplicityStudio\v4_workspace\Satya_I2C\protocol\bluetooth\lib\EFR32BG13P\GCC\libbluetooth.a(gap_adv.c.obj) (gatt_db_handle_active)
C:\Users\satya\SimplicityStudio\v4_workspace\Satya_I2C\protocol\bluetooth\lib\EFR32BG13P\GCC\libbluetooth.a(gatt_server.c.obj)
                              C:\Users\satya\SimplicityStudio\v4_workspace\Satya_I2C\protocol\bluetooth\lib\EFR32BG13P\GCC\libbluetooth.a(gatt_db_minimal.c.obj) (gatt_server_send_attribute_value_event)
C:\Users\satya\SimplicityStudio\v4_workspace\Satya_I2C\protocol\bluetooth\lib\EFR32BG13P\GCC\libbluetooth.a(gecko_bgapi_dfu.c.obj)
                              ./main.o (gecko_bgapi_class_dfu_init)
C:\Users\satya\SimplicityStudio\v4_workspace\Satya_I2C\protocol\bluetooth\lib\EFR32BG13P\GCC\libbluetooth.a(gecko_bgapi_endpoint.c.obj)
                              ./main.o (gecko_bgapi_class_endpoint_init)
C:\Users\satya\SimplicityStudio\v4_workspace\Satya_I2C\protocol\bluetooth\lib\EFR32BG13P\GCC\libbluetooth.a(gecko_bgapi_flash.c.obj)
                              ./main.o (gecko_bgapi_class_flash_init)
C:\Users\satya\SimplicityStudio\v4_workspace\Satya_I2C\protocol\bluetooth\lib\EFR32BG13P\GCC\libbluetooth.a(gecko_bgapi_gap.c.obj)
                              ./main.o (gecko_bgapi_class_le_gap_init)
C:\Users\satya\SimplicityStudio\v4_workspace\Satya_I2C\protocol\bluetooth\lib\EFR32BG13P\GCC\libbluetooth.a(gecko_bgapi_gatt.c.obj)
                              ./main.o (gecko_bgapi_class_gatt_init)
C:\Users\satya\SimplicityStudio\v4_workspace\Satya_I2C\protocol\bluetooth\lib\EFR32BG13P\GCC\libbluetooth.a(gecko_bgapi_gatt_server.c.obj)
                              ./main.o (gecko_bgapi_class_gatt_server_init)
C:\Users\satya\SimplicityStudio\v4_workspace\Satya_I2C\protocol\bluetooth\lib\EFR32BG13P\GCC\libbluetooth.a(gecko_bgapi_hardware.c.obj)
                              ./main.o (gecko_bgapi_class_hardware_init)
C:\Users\satya\SimplicityStudio\v4_workspace\Satya_I2C\protocol\bluetooth\lib\EFR32BG13P\GCC\libbluetooth.a(gecko_bgapi_le_connection.c.obj)
                              ./main.o (gecko_bgapi_class_le_connection_init)
C:\Users\satya\SimplicityStudio\v4_workspace\Satya_I2C\protocol\bluetooth\lib\EFR32BG13P\GCC\libbluetooth.a(gecko_bgapi_sm.c.obj)
                              ./main.o (gecko_bgapi_class_sm_init)
C:\Users\satya\SimplicityStudio\v4_workspace\Satya_I2C\protocol\bluetooth\lib\EFR32BG13P\GCC\libbluetooth.a(gecko_bgapi_system.c.obj)
                              ./main.o (gecko_bgapi_class_system_init)
C:\Users\satya\SimplicityStudio\v4_workspace\Satya_I2C\protocol\bluetooth\lib\EFR32BG13P\GCC\libbluetooth.a(gecko_bgapi_test.c.obj)
                              ./main.o (gecko_bgapi_class_test_init)
C:\Users\satya\SimplicityStudio\v4_workspace\Satya_I2C\protocol\bluetooth\lib\EFR32BG13P\GCC\libbluetooth.a(gecko_endpoints.c.obj)
                              C:\Users\satya\SimplicityStudio\v4_workspace\Satya_I2C\protocol\bluetooth\lib\EFR32BG13P\GCC\libbluetooth.a(bglib.c.obj) (gecko_release_evt)
[...]
Memory Configuration

Name             Origin             Length             Attributes
FLASH_BOOTLOADER 0x0fe10000         0x00004000         xr
FLASH            0x00000000         0x0007f000         xr
RAM              0x20000000         0x00010000         xrw
*default*        0x00000000         0xffffffff

Linker script and memory map

LOAD c:/siliconlabs/simplicitystudio/v4/developer/toolchains/gnu_arm/7.2_2017q4/bin/../lib/gcc/arm-none-eabi/7.2.1/thumb/v7e-m/fpv4-sp/softfp/crti.o
LOAD c:/siliconlabs/simplicitystudio/v4/developer/toolchains/gnu_arm/7.2_2017q4/bin/../lib/gcc/arm-none-eabi/7.2.1/thumb/v7e-m/fpv4-sp/softfp/crtbegin.o
LOAD c:/siliconlabs/simplicitystudio/v4/developer/toolchains/gnu_arm/7.2_2017q4/bin/../lib/gcc/arm-none-eabi/7.2.1/../../../../arm-none-eabi/lib/thumb/v7e-m/fpv4-sp/softfp/crt0.o
START GROUP
LOAD ./application_properties.o
LOAD ./gatt_db.o
LOAD ./init_app.o
LOAD ./init_board.o
LOAD ./init_mcu.o
LOAD ./main.o
LOAD ./pti.o
LOAD ./hardware/kit/common/bsp/bsp_stk.o
LOAD ./hardware/kit/common/drivers/i2cspm.o
LOAD ./hardware/kit/common/drivers/mx25flash_spi.o
LOAD ./hardware/kit/common/drivers/si7013.o
LOAD ./hardware/kit/common/drivers/tempsens.o
LOAD ./hardware/kit/common/drivers/udelay.o
LOAD ./platform/Device/SiliconLabs/EFR32BG13P/Source/GCC/startup_efr32bg13p.o
LOAD ./platform/Device/SiliconLabs/EFR32BG13P/Source/system_efr32bg13p.o
LOAD ./platform/emdrv/sleep/src/sleep.o
LOAD ./platform/emlib/src/em_acmp.o
LOAD ./platform/emlib/src/em_adc.o
LOAD ./platform/emlib/src/em_aes.o
LOAD ./platform/emlib/src/em_assert.o
LOAD ./platform/emlib/src/em_burtc.o
LOAD ./platform/emlib/src/em_can.o
LOAD ./platform/emlib/src/em_cmu.o
LOAD ./platform/emlib/src/em_core.o
LOAD ./platform/emlib/src/em_cryotimer.o
LOAD ./platform/emlib/src/em_crypto.o
LOAD ./platform/emlib/src/em_csen.o
LOAD ./platform/emlib/src/em_dac.o
LOAD ./platform/emlib/src/em_dbg.o
LOAD ./platform/emlib/src/em_dma.o
LOAD ./platform/emlib/src/em_ebi.o
LOAD ./platform/emlib/src/em_emu.o
LOAD ./platform/emlib/src/em_gpcrc.o
LOAD ./platform/emlib/src/em_gpio.o
LOAD ./platform/emlib/src/em_i2c.o
LOAD ./platform/emlib/src/em_idac.o
LOAD ./platform/emlib/src/em_int.o
LOAD ./platform/emlib/src/em_lcd.o
LOAD ./platform/emlib/src/em_ldma.o
LOAD ./platform/emlib/src/em_lesense.o
LOAD ./platform/emlib/src/em_letimer.o
LOAD ./platform/emlib/src/em_leuart.o
LOAD ./platform/emlib/src/em_mpu.o
LOAD ./platform/emlib/src/em_msc.o
LOAD ./platform/emlib/src/em_opamp.o
LOAD ./platform/emlib/src/em_pcnt.o
LOAD ./platform/emlib/src/em_prs.o
LOAD ./platform/emlib/src/em_qspi.o
LOAD ./platform/emlib/src/em_rmu.o
LOAD ./platform/emlib/src/em_rtc.o
LOAD ./platform/emlib/src/em_rtcc.o
LOAD ./platform/emlib/src/em_system.o
LOAD ./platform/emlib/src/em_timer.o
LOAD ./platform/emlib/src/em_usart.o
LOAD ./platform/emlib/src/em_vcmp.o
LOAD ./platform/emlib/src/em_vdac.o
LOAD ./platform/emlib/src/em_wdog.o
LOAD ./src/cmu.o
LOAD ./src/gpio.o
LOAD ./src/i2c.o
LOAD ./src/letimer.o
LOAD ./src/sleep.o
LOAD ./src/temp.o
LOAD C:\Users\satya\SimplicityStudio\v4_workspace\Satya_I2C\protocol\bluetooth\lib\EFR32BG13P\GCC\libmbedtls.a
LOAD C:\Users\satya\SimplicityStudio\v4_workspace\Satya_I2C\protocol\bluetooth\lib\EFR32BG13P\GCC\libpsstore.a
LOAD C:\Users\satya\SimplicityStudio\v4_workspace\Satya_I2C\protocol\bluetooth\lib\EFR32BG13P\GCC\binapploader.o
LOAD C:\Users\satya\SimplicityStudio\v4_workspace\Satya_I2C\protocol\bluetooth\lib\EFR32BG13P\GCC\libbluetooth.a
LOAD C:\Users\satya\SimplicityStudio\v4_workspace\Satya_I2C\platform\radio\rail_lib\autogen\librail_release\librail_efr32xg13_gcc_release.a
LOAD c:/siliconlabs/simplicitystudio/v4/developer/toolchains/gnu_arm/7.2_2017q4/bin/../lib/gcc/arm-none-eabi/7.2.1/../../../../arm-none-eabi/lib/thumb/v7e-m/fpv4-sp/softfp\libm.a
END GROUP
START GROUP
LOAD c:/siliconlabs/simplicitystudio/v4/developer/toolchains/gnu_arm/7.2_2017q4/bin/../lib/gcc/arm-none-eabi/7.2.1/thumb/v7e-m/fpv4-sp/softfp\libgcc.a
LOAD c:/siliconlabs/simplicitystudio/v4/developer/toolchains/gnu_arm/7.2_2017q4/bin/../lib/gcc/arm-none-eabi/7.2.1/../../../../arm-none-eabi/lib/thumb/v7e-m/fpv4-sp/softfp\libc_nano.a
LOAD c:/siliconlabs/simplicitystudio/v4/developer/toolchains/gnu_arm/7.2_2017q4/bin/../lib/gcc/arm-none-eabi/7.2.1/../../../../arm-none-eabi/lib/thumb/v7e-m/fpv4-sp/softfp\libnosys.a
END GROUP
START GROUP
LOAD c:/siliconlabs/simplicitystudio/v4/developer/toolchains/gnu_arm/7.2_2017q4/bin/../lib/gcc/arm-none-eabi/7.2.1/thumb/v7e-m/fpv4-sp/softfp\libgcc.a
LOAD c:/siliconlabs/simplicitystudio/v4/developer/toolchains/gnu_arm/7.2_2017q4/bin/../lib/gcc/arm-none-eabi/7.2.1/../../../../arm-none-eabi/lib/thumb/v7e-m/fpv4-sp/softfp\libg_nano.a
LOAD c:/siliconlabs/simplicitystudio/v4/developer/toolchains/gnu_arm/7.2_2017q4/bin/../lib/gcc/arm-none-eabi/7.2.1/../../../../arm-none-eabi/lib/thumb/v7e-m/fpv4-sp/softfp\libc_nano.a
END GROUP
START GROUP
LOAD c:/siliconlabs/simplicitystudio/v4/developer/toolchains/gnu_arm/7.2_2017q4/bin/../lib/gcc/arm-none-eabi/7.2.1/thumb/v7e-m/fpv4-sp/softfp\libgcc.a
LOAD c:/siliconlabs/simplicitystudio/v4/developer/toolchains/gnu_arm/7.2_2017q4/bin/../lib/gcc/arm-none-eabi/7.2.1/../../../../arm-none-eabi/lib/thumb/v7e-m/fpv4-sp/softfp\libc_nano.a
END GROUP
LOAD c:/siliconlabs/simplicitystudio/v4/developer/toolchains/gnu_arm/7.2_2017q4/bin/../lib/gcc/arm-none-eabi/7.2.1/thumb/v7e-m/fpv4-sp/softfp/crtend.o
LOAD c:/siliconlabs/simplicitystudio/v4/developer/toolchains/gnu_arm/7.2_2017q4/bin/../lib/gcc/arm-none-eabi/7.2.1/thumb/v7e-m/fpv4-sp/softfp/crtn.o

.text_bootloader
                0x0fe10000        0x0
 *(.binbootloader*)
                0x0fe10000                . = ALIGN (0x4000)

.text_apploader
                0x00000000     0x8fc0
 *(.binapploader*)
 .binapploader  0x00000000     0x8fc0 C:\Users\satya\SimplicityStudio\v4_workspace\Satya_I2C\protocol\bluetooth\lib\EFR32BG13P\GCC\binapploader.o

.text_signature
                0x00008fc0       0x40
                0x00009000                . = ALIGN (0x800)
 *fill*         0x00008fc0       0x40 
                0x00009000                __text_start__ = .

.text_application
                0x00009000    0x23764
 *(.vectors)
 .vectors       0x00009000       0xfc ./platform/Device/SiliconLabs/EFR32BG13P/Source/GCC/startup_efr32bg13p.o
                0x00009000                __Vectors
                0x000090fc                __Vectors_End = .
                0x000000fc                __Vectors_Size = (__Vectors_End - __Vectors)
                0x000090fc                __end__ = .
 *(.application_properties)
 .application_properties
                0x000090fc       0x38 ./application_properties.o
                0x000090fc                applicationProperties
 *(.gecko_configuration)
 *(.xo_configuration)
 *(.gatt_header)
 .gatt_header   0x00009134       0x34 ./gatt_db.o
                0x00009134                bg_gattdb_data
 *(.gatt_data)
 .gatt_data     0x00009168      0x1c5 ./gatt_db.o
                0x00009168                bg_gattdb_data_uuidtable_16_map
                0x00009184                bg_gattdb_data_uuidtable_128_map
                0x000091a4                bg_gattdb_data_attribute_field_18
                0x000091ac                bg_gattdb_data_attribute_field_17
                0x000091c4                bg_gattdb_data_attribute_field_16
                0x000091d8                bg_gattdb_data_attribute_field_14
                0x000091e0                bg_gattdb_data_attribute_field_13
                0x000091e8                bg_gattdb_data_attribute_field_12
                0x000091ec                bg_gattdb_data_attribute_field_11
                0x000091fc                bg_gattdb_data_attribute_field_10
                0x00009204                bg_gattdb_data_attribute_field_9
                0x00009208                bg_gattdb_data_attribute_field_8
                0x0000920c                bg_gattdb_data_attribute_field_7
                0x00009214                bg_gattdb_data_attribute_field_6
                0x0000921c                bg_gattdb_data_attribute_field_5
                0x00009224                bg_gattdb_data_attribute_field_4
                0x00009228                bg_gattdb_data_attribute_field_2
                0x00009230                bg_gattdb_data_attribute_field_1
                0x00009238                bg_gattdb_data_attribute_field_0
                0x0000923c                bg_gattdb_data_attributes_map
                0x00009320                bg_gattdb_data_attributes_dynamic_mapping_map
                0x00009328                bg_gattdb_data_adv_uuid16_map
                0x0000932c                bg_gattdb_data_adv_uuid128_map
 *(.text*)
 *fill*         0x0000932d        0x3 
 .text          0x00009330       0x40 c:/siliconlabs/simplicitystudio/v4/developer/toolchains/gnu_arm/7.2_2017q4/bin/../lib/gcc/arm-none-eabi/7.2.1/thumb/v7e-m/fpv4-sp/softfp/crtbegin.o
 .text          0x00009370       0x74 c:/siliconlabs/simplicitystudio/v4/developer/toolchains/gnu_arm/7.2_2017q4/bin/../lib/gcc/arm-none-eabi/7.2.1/../../../../arm-none-eabi/lib/thumb/v7e-m/fpv4-sp/softfp/crt0.o
                0x00009370                _start
                0x00009370                _mainCRTStartup
 .text.initBoard
                0x000093e4       0x4c ./init_board.o
                0x000093e4                initBoard
 .text.CHIP_Init
                0x00009430       0x20 ./init_mcu.o
 .text.initMcu  0x00009450       0x8c ./init_mcu.o
                0x00009450                initMcu
 .text.initMcu_clocks
                0x000094dc       0xac ./init_mcu.o
 .text.BUS_RegMaskedSet
                0x00009588       0x24 ./main.o
 .text.BUS_RegMaskedClear
                0x000095ac       0x24 ./main.o
 .text.GPIO_PinOutClear
                0x000095d0       0x5a ./main.o
 .text.GPIO_PinOutSet
                0x0000962a       0x5a ./main.o
 .text.gecko_initCoexHAL
                0x00009684        0xe ./main.o
 .text.gecko_init
                0x00009692       0x46 ./main.o
 .text.main     0x000096d8       0xb4 ./main.o
                0x000096d8                main
 .text.BUS_RegMaskedSet
                0x0000978c       0x24 ./hardware/kit/common/drivers/mx25flash_spi.o
 .text.BUS_RegMaskedClear
                0x000097b0       0x24 ./hardware/kit/common/drivers/mx25flash_spi.o
 .text.GPIO_PinOutClear
                0x000097d4       0x5a ./hardware/kit/common/drivers/mx25flash_spi.o
 .text.GPIO_PinOutSet
                0x0000982e       0x5a ./hardware/kit/common/drivers/mx25flash_spi.o
 .text.MX25_init
                0x00009888       0x9c ./hardware/kit/common/drivers/mx25flash_spi.o
                0x00009888                MX25_init
 .text.Wait_Flash_WarmUp
                0x00009924       0x26 ./hardware/kit/common/drivers/mx25flash_spi.o
                0x00009924                Wait_Flash_WarmUp
 .text.Initial_Spi
                0x0000994a        0xc ./hardware/kit/common/drivers/mx25flash_spi.o
                0x0000994a                Initial_Spi
 .text.CS_Low   0x00009956       0x10 ./hardware/kit/common/drivers/mx25flash_spi.o
                0x00009956                CS_Low
 .text.CS_High  0x00009966       0x10 ./hardware/kit/common/drivers/mx25flash_spi.o
                0x00009966                CS_High
 *fill*         0x00009976        0x2 
 .text.InsertDummyCycle
                0x00009978       0x38 ./hardware/kit/common/drivers/mx25flash_spi.o
                0x00009978                InsertDummyCycle
 .text.SendByte
                0x000099b0       0x40 ./hardware/kit/common/drivers/mx25flash_spi.o
                0x000099b0                SendByte
 .text.MX25_DP  0x000099f0       0x34 ./hardware/kit/common/drivers/mx25flash_spi.o
                0x000099f0                MX25_DP
 .text.Reset_Handler
                0x00009a24       0x4c ./platform/Device/SiliconLabs/EFR32BG13P/Source/GCC/startup_efr32bg13p.o
                0x00009a24                Reset_Handler
 .text.Default_Handler
                0x00009a70        0x6 ./platform/Device/SiliconLabs/EFR32BG13P/Source/GCC/startup_efr32bg13p.o
                0x00009a70                DebugMon_Handler
                0x00009a70                USART0_TX_IRQHandler
                0x00009a70                I2C0_IRQHandler
                0x00009a70                HardFault_Handler
                0x00009a70                SysTick_Handler
                0x00009a70                USART1_RX_IRQHandler
                0x00009a70                PendSV_Handler
                0x00009a70                NMI_Handler
                0x00009a70                I2C1_IRQHandler
                0x00009a70                WTIMER0_IRQHandler
                0x00009a70                CRYPTO0_IRQHandler
                0x00009a70                WDOG0_IRQHandler
                0x00009a70                USART1_TX_IRQHandler
                0x00009a70                SMU_IRQHandler
                0x00009a70                MSC_IRQHandler
                0x00009a70                ADC0_IRQHandler
                0x00009a70                UsageFault_Handler
                0x00009a70                WDOG1_IRQHandler
                0x00009a70                LEUART0_IRQHandler
                0x00009a70                FPUEH_IRQHandler
                0x00009a70                GPIO_EVEN_IRQHandler
                0x00009a70                VDAC0_IRQHandler
                0x00009a70                LDMA_IRQHandler
                0x00009a70                CSEN_IRQHandler
                0x00009a70                CRYPTO1_IRQHandler
                0x00009a70                TIMER0_IRQHandler
                0x00009a70                TIMER1_IRQHandler
                0x00009a70                TRNG0_IRQHandler
                0x00009a70                USART2_RX_IRQHandler
                0x00009a70                Default_Handler
                0x00009a70                EMU_IRQHandler
                0x00009a70                CRYOTIMER_IRQHandler
                0x00009a70                PCNT0_IRQHandler
                0x00009a70                ACMP0_IRQHandler
                0x00009a70                USART0_RX_IRQHandler
                0x00009a70                MemManage_Handler
                0x00009a70                SVC_Handler
                0x00009a70                RTCC_IRQHandler
                0x00009a70                CMU_IRQHandler
                0x00009a70                LESENSE_IRQHandler
                0x00009a70                GPIO_ODD_IRQHandler
                0x00009a70                BusFault_Handler
                0x00009a70                USART2_TX_IRQHandler
                0x00009a70                IDAC0_IRQHandler
 *fill*         0x00009a76        0x2 
 .text.SystemCoreClockGet
                0x00009a78       0x40 ./platform/Device/SiliconLabs/EFR32BG13P/Source/system_efr32bg13p.o
                0x00009a78                SystemCoreClockGet
 .text.SystemMaxCoreClockGet
                0x00009ab8       0x14 ./platform/Device/SiliconLabs/EFR32BG13P/Source/system_efr32bg13p.o
                0x00009ab8                SystemMaxCoreClockGet
 .text.SystemHFClockGet
                0x00009acc       0x70 ./platform/Device/SiliconLabs/EFR32BG13P/Source/system_efr32bg13p.o
                0x00009acc                SystemHFClockGet
 .text.SystemHFXOClockGet
                0x00009b3c       0x18 ./platform/Device/SiliconLabs/EFR32BG13P/Source/system_efr32bg13p.o
                0x00009b3c                SystemHFXOClockGet
 .text.SystemHFXOClockSet
                0x00009b54       0x30 ./platform/Device/SiliconLabs/EFR32BG13P/Source/system_efr32bg13p.o
                0x00009b54                SystemHFXOClockSet
 .text.SystemInit
                0x00009b84       0x24 ./platform/Device/SiliconLabs/EFR32BG13P/Source/system_efr32bg13p.o
                0x00009b84                SystemInit
 .text.SystemLFRCOClockGet
                0x00009ba8       0x12 ./platform/Device/SiliconLabs/EFR32BG13P/Source/system_efr32bg13p.o
                0x00009ba8                SystemLFRCOClockGet
 .text.SystemULFRCOClockGet
                0x00009bba       0x12 ./platform/Device/SiliconLabs/EFR32BG13P/Source/system_efr32bg13p.o
                0x00009bba                SystemULFRCOClockGet
 .text.SystemLFXOClockGet
                0x00009bcc       0x18 ./platform/Device/SiliconLabs/EFR32BG13P/Source/system_efr32bg13p.o
                0x00009bcc                SystemLFXOClockGet
 .text.SystemLFXOClockSet
                0x00009be4       0x30 ./platform/Device/SiliconLabs/EFR32BG13P/Source/system_efr32bg13p.o
                0x00009be4                SystemLFXOClockSet
 .text.BUS_RegBitWrite
                0x00009c14       0x2e ./platform/emdrv/sleep/src/sleep.o
 *fill*         0x00009c42        0x2 
 .text.EMU_EM2Block
                0x00009c44       0x18 ./platform/emdrv/sleep/src/sleep.o
 .text.sleepCallbackWrapper
                0x00009c5c       0x2c ./platform/emdrv/sleep/src/sleep.o
 .text.SLEEP_Init
                0x00009c88       0x64 ./platform/emdrv/sleep/src/sleep.o
                0x00009c88                SLEEP_Init
 .text.SLEEP_SleepBlockBegin
                0x00009cec       0x48 ./platform/emdrv/sleep/src/sleep.o
                0x00009cec                SLEEP_SleepBlockBegin
 .text.BUS_RegBitWrite
                0x00009d34       0x2e ./platform/emlib/src/em_cmu.o
 .text.BUS_RegBitRead
                0x00009d62       0x2a ./platform/emlib/src/em_cmu.o
 .text.BUS_RegMaskedSet
                0x00009d8c       0x24 ./platform/emlib/src/em_cmu.o
 .text.BUS_RegMaskedClear
                0x00009db0       0x24 ./platform/emlib/src/em_cmu.o
 .text.BUS_RegMaskedWrite
                0x00009dd4       0x24 ./platform/emlib/src/em_cmu.o
 .text.CMU_Log2ToDiv
                0x00009df8       0x1c ./platform/emlib/src/em_cmu.o
 .text.CMU_PrescToLog2
                0x00009e14       0x26 ./platform/emlib/src/em_cmu.o
 *fill*         0x00009e3a        0x2 
 .text.EMU_VScaleWait
                0x00009e3c       0x1c ./platform/emlib/src/em_cmu.o
 .text.EMU_VScaleGet
                0x00009e58       0x1c ./platform/emlib/src/em_cmu.o
 .text.setHfLeConfig
                0x00009e74       0x64 ./platform/emlib/src/em_cmu.o
 .text.auxClkGet
                0x00009ed8       0x20 ./platform/emlib/src/em_cmu.o
 .text.hfSrcClkGet
                0x00009ef8       0x2c ./platform/emlib/src/em_cmu.o
 .text.dbgClkGet
                0x00009f24       0x40 ./platform/emlib/src/em_cmu.o
 .text.adcAsyncClkGet
                0x00009f64       0x80 ./platform/emlib/src/em_cmu.o
 .text.flashWaitStateControl
                0x00009fe4       0x8c ./platform/emlib/src/em_cmu.o
 .text.flashWaitStateMax
                0x0000a070       0x44 ./platform/emlib/src/em_cmu.o
 .text.CMU_UpdateWaitStates
                0x0000a0b4       0x40 ./platform/emlib/src/em_cmu.o
                0x0000a0b4                CMU_UpdateWaitStates
 .text.getRegIshUpperVal
                0x0000a0f4       0x36 ./platform/emlib/src/em_cmu.o
 *fill*         0x0000a12a        0x2 
 .text.getHfxoTuningMode
                0x0000a12c       0x1c ./platform/emlib/src/em_cmu.o
 .text.setHfxoTuningMode
                0x0000a148       0x2c ./platform/emlib/src/em_cmu.o
 .text.lfClkGet
                0x0000a174       0xf4 ./platform/emlib/src/em_cmu.o
 .text.syncReg  0x0000a268       0x38 ./platform/emlib/src/em_cmu.o
 .text.hfperClkSafePrescaler
                0x0000a2a0        0xe ./platform/emlib/src/em_cmu.o
 .text.hfperClkOptimizedPrescaler
                0x0000a2ae        0xe ./platform/emlib/src/em_cmu.o
 .text.CMU_ClockDivSet
                0x0000a2bc       0x1e ./platform/emlib/src/em_cmu.o
                0x0000a2bc                CMU_ClockDivSet
 *fill*         0x0000a2da        0x2 
 .text.CMU_ClockEnable
                0x0000a2dc       0xcc ./platform/emlib/src/em_cmu.o
                0x0000a2dc                CMU_ClockEnable
 .text.CMU_ClockFreqGet
                0x0000a3a8      0x1f4 ./platform/emlib/src/em_cmu.o
                0x0000a3a8                CMU_ClockFreqGet
 .text.CMU_ClockPrescSet
                0x0000a59c      0x270 ./platform/emlib/src/em_cmu.o
                0x0000a59c                CMU_ClockPrescSet
 .text.CMU_ClockSelectGet
                0x0000a80c      0x19c ./platform/emlib/src/em_cmu.o
                0x0000a80c                CMU_ClockSelectGet
 .text.CMU_ClockSelectSet
                0x0000a9a8      0x2d4 ./platform/emlib/src/em_cmu.o
                0x0000a9a8                CMU_ClockSelectSet
 .text.CMU_HFRCOBandGet
                0x0000ac7c       0x18 ./platform/emlib/src/em_cmu.o
                0x0000ac7c                CMU_HFRCOBandGet
 .text.CMU_HFXOAutostartEnable
                0x0000ac94       0x8c ./platform/emlib/src/em_cmu.o
                0x0000ac94                CMU_HFXOAutostartEnable
 .text.CMU_HFXOInit
                0x0000ad20       0xe4 ./platform/emlib/src/em_cmu.o
                0x0000ad20                CMU_HFXOInit
 .text.CMU_LFXOInit
                0x0000ae04       0x50 ./platform/emlib/src/em_cmu.o
                0x0000ae04                CMU_LFXOInit
 .text.CMU_OscillatorEnable
                0x0000ae54      0x17c ./platform/emlib/src/em_cmu.o
                0x0000ae54                CMU_OscillatorEnable
 .text.CMU_OscillatorTuningGet
                0x0000afd0       0x74 ./platform/emlib/src/em_cmu.o
                0x0000afd0                CMU_OscillatorTuningGet
 .text.CMU_OscillatorTuningSet
                0x0000b044      0x100 ./platform/emlib/src/em_cmu.o
                0x0000b044                CMU_OscillatorTuningSet
 .text.CMU_OscillatorTuningWait
                0x0000b144       0x94 ./platform/emlib/src/em_cmu.o
                0x0000b144                CMU_OscillatorTuningWait
 .text.CMU_OscillatorTuningOptimize
                0x0000b1d8       0x58 ./platform/emlib/src/em_cmu.o
                0x0000b1d8                CMU_OscillatorTuningOptimize
 .text.CORE_EnterCritical
                0x0000b230       0x20 ./platform/emlib/src/em_core.o
                0x0000b230                CORE_EnterCritical
 .text.CORE_ExitCritical
                0x0000b250       0x1c ./platform/emlib/src/em_core.o
                0x0000b250                CORE_ExitCritical
 .text.CORE_AtomicDisableIrq
                0x0000b26c       0x10 ./platform/emlib/src/em_core.o
                0x0000b26c                CORE_AtomicDisableIrq
 .text.CORE_AtomicEnableIrq
                0x0000b27c       0x10 ./platform/emlib/src/em_core.o
                0x0000b27c                CORE_AtomicEnableIrq
 .text.CORE_EnterAtomic
                0x0000b28c       0x20 ./platform/emlib/src/em_core.o
                0x0000b28c                CORE_EnterAtomic
 .text.CORE_ExitAtomic
                0x0000b2ac       0x1c ./platform/emlib/src/em_core.o
                0x0000b2ac                CORE_ExitAtomic
 .text.CORE_SetNvicRamTableHandler
                0x0000b2c8       0x44 ./platform/emlib/src/em_core.o
                0x0000b2c8                CORE_SetNvicRamTableHandler
 .text.CORE_InitNvicVectorTable
                0x0000b30c       0xc8 ./platform/emlib/src/em_core.o
                0x0000b30c                CORE_InitNvicVectorTable
 .text.CRYPTO_BurstFromCrypto
                0x0000b3d4       0x3a ./platform/emlib/src/em_crypto.o
 *fill*         0x0000b40e        0x2 
 .text.CRYPTO_ModulusSet
                0x0000b410       0x8c ./platform/emlib/src/em_crypto.o
                0x0000b410                CRYPTO_ModulusSet
 .text.CRYPTO_KeyRead
                0x0000b49c       0x3a ./platform/emlib/src/em_crypto.o
                0x0000b49c                CRYPTO_KeyRead
 .text.SystemCoreClockUpdate
                0x0000b4d6        0xc ./platform/emlib/src/em_emu.o
 .text.BUS_RegBitWrite
                0x0000b4e2       0x2e ./platform/emlib/src/em_emu.o
 .text.BUS_RegBitRead
                0x0000b510       0x2a ./platform/emlib/src/em_emu.o
 *fill*         0x0000b53a        0x2 
 .text.EMU_VScaleWait
                0x0000b53c       0x1c ./platform/emlib/src/em_emu.o
 .text.EMU_VScaleGet
                0x0000b558       0x1c ./platform/emlib/src/em_emu.o
 .text.EMU_IntClear
                0x0000b574       0x20 ./platform/emlib/src/em_emu.o
 .text.EMU_IntGet
                0x0000b594       0x18 ./platform/emlib/src/em_emu.o
 .text.CMU_Lock
                0x0000b5ac       0x1c ./platform/emlib/src/em_emu.o
 .text.CMU_Unlock
                0x0000b5c8       0x1c ./platform/emlib/src/em_emu.o
 .text.vScaleEM01Cmd
                0x0000b5e4       0x22 ./platform/emlib/src/em_emu.o
 *fill*         0x0000b606        0x2 
 .text.emState  0x0000b608      0x150 ./platform/emlib/src/em_emu.o
 .text.vScaleDownEM23Setup
                0x0000b758       0x50 ./platform/emlib/src/em_emu.o
 .text.vScaleAfterWakeup
                0x0000b7a8       0x48 ./platform/emlib/src/em_emu.o
 .text.EMU_EnterEM2
                0x0000b7f0       0x4c ./platform/emlib/src/em_emu.o
                0x0000b7f0                EMU_EnterEM2
 .text.EMU_EnterEM3
                0x0000b83c       0x70 ./platform/emlib/src/em_emu.o
                0x0000b83c                EMU_EnterEM3
 .text.EMU_VScaleEM01ByClock
                0x0000b8ac       0x70 ./platform/emlib/src/em_emu.o
                0x0000b8ac                EMU_VScaleEM01ByClock
 .text.EMU_VScaleEM01
                0x0000b91c       0x88 ./platform/emlib/src/em_emu.o
                0x0000b91c                EMU_VScaleEM01
 .text.EMU_EM01Init
                0x0000b9a4       0x24 ./platform/emlib/src/em_emu.o
                0x0000b9a4                EMU_EM01Init
 .text.EMU_EM23Init
                0x0000b9c8       0x2c ./platform/emlib/src/em_emu.o
                0x0000b9c8                EMU_EM23Init
 .text.dcdcConstCalibrationLoad
                0x0000b9f4       0x10 ./platform/emlib/src/em_emu.o
 .text.dcdcValidatedConfigSet
                0x0000ba04       0x40 ./platform/emlib/src/em_emu.o
 .text.currentLimitersUpdate
                0x0000ba44       0xe8 ./platform/emlib/src/em_emu.o
 .text.userCurrentLimitsSet
                0x0000bb2c       0x30 ./platform/emlib/src/em_emu.o
 .text.compCtrlSet
                0x0000bb5c       0x40 ./platform/emlib/src/em_emu.o
 .text.lpCmpHystCalibrationLoad
                0x0000bb9c       0xd0 ./platform/emlib/src/em_emu.o
 .text.lpGetDevinfoVrefLowHigh
                0x0000bc6c      0x158 ./platform/emlib/src/em_emu.o
 .text.EMU_DCDCModeSet
                0x0000bdc4       0xf0 ./platform/emlib/src/em_emu.o
                0x0000bdc4                EMU_DCDCModeSet
 .text.EMU_DCDCInit
                0x0000beb4      0x120 ./platform/emlib/src/em_emu.o
                0x0000beb4                EMU_DCDCInit
 .text.EMU_DCDCOutputVoltageSet
                0x0000bfd4      0x2ac ./platform/emlib/src/em_emu.o
                0x0000bfd4                EMU_DCDCOutputVoltageSet
 .text.EMU_DCDCOptimizeSlice
                0x0000c280       0xd8 ./platform/emlib/src/em_emu.o
                0x0000c280                EMU_DCDCOptimizeSlice
 .text.EMU_DCDCLnRcoBandSet
                0x0000c358       0x54 ./platform/emlib/src/em_emu.o
                0x0000c358                EMU_DCDCLnRcoBandSet
 .text.BUS_RegMaskedSet
                0x0000c3ac       0x24 ./platform/emlib/src/em_gpio.o
 .text.BUS_RegMaskedClear
                0x0000c3d0       0x24 ./platform/emlib/src/em_gpio.o
 .text.BUS_RegMaskedWrite
                0x0000c3f4       0x24 ./platform/emlib/src/em_gpio.o
 .text.GPIO_PinOutClear
                0x0000c418       0x5a ./platform/emlib/src/em_gpio.o
 .text.GPIO_PinOutSet
                0x0000c472       0x5a ./platform/emlib/src/em_gpio.o
 .text.GPIO_DriveStrengthSet
                0x0000c4cc       0x60 ./platform/emlib/src/em_gpio.o
                0x0000c4cc                GPIO_DriveStrengthSet
 .text.GPIO_PinModeSet
                0x0000c52c      0x118 ./platform/emlib/src/em_gpio.o
                0x0000c52c                GPIO_PinModeSet
 .text.BUS_RegBitWrite
                0x0000c644       0x2e ./platform/emlib/src/em_i2c.o
 .text.BUS_RegMaskedSet
                0x0000c672       0x24 ./platform/emlib/src/em_i2c.o
 .text.BUS_RegMaskedClear
                0x0000c696       0x24 ./platform/emlib/src/em_i2c.o
 .text.BUS_RegMaskedWrite
                0x0000c6ba       0x24 ./platform/emlib/src/em_i2c.o
 *fill*         0x0000c6de        0x2 
 .text.I2C_BusFreqSet
                0x0000c6e0       0xf8 ./platform/emlib/src/em_i2c.o
                0x0000c6e0                I2C_BusFreqSet
 .text.I2C_Enable
                0x0000c7d8       0x38 ./platform/emlib/src/em_i2c.o
                0x0000c7d8                I2C_Enable
 .text.I2C_Init
                0x0000c810       0x70 ./platform/emlib/src/em_i2c.o
                0x0000c810                I2C_Init
 .text.LETIMER_CompareSet
                0x0000c880       0x54 ./platform/emlib/src/em_letimer.o
                0x0000c880                LETIMER_CompareSet
 .text.LETIMER_Enable
                0x0000c8d4       0x2c ./platform/emlib/src/em_letimer.o
                0x0000c8d4                LETIMER_Enable
 .text.LETIMER_Init
                0x0000c900       0xd2 ./platform/emlib/src/em_letimer.o
                0x0000c900                LETIMER_Init
 *fill*         0x0000c9d2        0x2 
 .text.MSC_Init
                0x0000c9d4       0x34 ./platform/emlib/src/em_msc.o
                0x0000c9d4                MSC_Init
 .text.MSC_Deinit
                0x0000ca08       0x24 ./platform/emlib/src/em_msc.o
                0x0000ca08                MSC_Deinit
 .text.RMU_ResetCauseClear
                0x0000ca2c       0x18 ./platform/emlib/src/em_rmu.o
                0x0000ca2c                RMU_ResetCauseClear
 .text.RMU_ResetCauseGet
                0x0000ca44       0xb4 ./platform/emlib/src/em_rmu.o
                0x0000ca44                RMU_ResetCauseGet
 .text.RTCC_Init
                0x0000caf8       0x98 ./platform/emlib/src/em_rtcc.o
                0x0000caf8                RTCC_Init
 .text.SYSTEM_ChipRevisionGet
                0x0000cb90       0x78 ./platform/emlib/src/em_system.o
                0x0000cb90                SYSTEM_ChipRevisionGet
 .text.USART_BaudrateSyncSet
                0x0000cc08       0x40 ./platform/emlib/src/em_usart.o
                0x0000cc08                USART_BaudrateSyncSet
 .text.USART_InitSync
                0x0000cc48       0xf8 ./platform/emlib/src/em_usart.o
                0x0000cc48                USART_InitSync
 .text.USART_Reset
                0x0000cd40       0xb0 ./platform/emlib/src/em_usart.o
                0x0000cd40                USART_Reset
 .text.USART_SpiTransfer
                0x0000cdf0       0x40 ./platform/emlib/src/em_usart.o
                0x0000cdf0                USART_SpiTransfer
 .text.cmu_init
                0x0000ce30       0x74 ./src/cmu.o
                0x0000ce30                cmu_init
 .text.gpio_init
                0x0000cea4       0x34 ./src/gpio.o
                0x0000cea4                gpio_init
 .text.BUS_RegMaskedSet
                0x0000ced8       0x24 ./src/i2c.o
 .text.BUS_RegMaskedClear
                0x0000cefc       0x24 ./src/i2c.o
 .text.GPIO_PinOutClear
                0x0000cf20       0x5a ./src/i2c.o
 .text.GPIO_PinOutSet
                0x0000cf7a       0x5a ./src/i2c.o
 .text.i2cinit  0x0000cfd4       0xc0 ./src/i2c.o
                0x0000cfd4                i2cinit
 .text.tempread
                0x0000d094       0xb8 ./src/i2c.o
                0x0000d094                tempread
 *fill*         0x0000d14c        0x4 
 .text.degree   0x0000d150       0x78 ./src/i2c.o
                0x0000d150                degree
 .text.i2cdisable
                0x0000d1c8       0x44 ./src/i2c.o
                0x0000d1c8                i2cdisable
 .text.NVIC_EnableIRQ
                0x0000d20c       0x34 ./src/letimer.o
 .text.LETIMER_IntClear
                0x0000d240       0x1c ./src/letimer.o
 .text.LETIMER_IntEnable
                0x0000d25c       0x22 ./src/letimer.o
 .text.LETIMER_IntGet
                0x0000d27e       0x18 ./src/letimer.o
 *fill*         0x0000d296        0x2 
 .text.LetimerSetup
                0x0000d298      0x190 ./src/letimer.o
                0x0000d298                LetimerSetup
 .text.LETIMER0_IRQHandler
                0x0000d428       0x48 ./src/letimer.o
                0x0000d428                LETIMER0_IRQHandler
 .text.EMU_EnterEM1
                0x0000d470       0x20 ./src/sleep.o
 .text.blockSleepMode
                0x0000d490       0x30 ./src/sleep.o
                0x0000d490                blockSleepMode
 .text.unblockSleepMode
                0x0000d4c0       0x3c ./src/sleep.o
                0x0000d4c0                unblockSleepMode
 .text.sleep    0x0000d4fc       0x58 ./src/sleep.o
                0x0000d4fc                sleep
 .text.temp_read
                0x0000d554       0x1c ./src/temp.o
                0x0000d554                temp_read
 .text.gecko_init_alloc
                0x0000d570       0x38 C:\Users\satya\SimplicityStudio\v4_workspace\Satya_I2C\protocol\bluetooth\lib\EFR32BG13P\GCC\libbluetooth.a(bglib.c.obj)
                0x0000d570                gecko_init_alloc
 .text.user_signal_message_handler
                0x0000d5a8       0x2c C:\Users\satya\SimplicityStudio\v4_workspace\Satya_I2C\protocol\bluetooth\lib\EFR32BG13P\GCC\libbluetooth.a(bglib.c.obj)
 .text.set_ctune
                0x0000d5d4       0x64 C:\Users\satya\SimplicityStudio\v4_workspace\Satya_I2C\protocol\bluetooth\lib\EFR32BG13P\GCC\libbluetooth.a(bglib.c.obj)
                0x0000d5d4                set_ctune
 .text.check_ctune_override
                0x0000d638       0x2c C:\Users\satya\SimplicityStudio\v4_workspace\Satya_I2C\protocol\bluetooth\lib\EFR32BG13P\GCC\libbluetooth.a(bglib.c.obj)
                0x0000d638                check_ctune_override
 .text.gecko_stack_init
                0x0000d664      0x25c C:\Users\satya\SimplicityStudio\v4_workspace\Satya_I2C\protocol\bluetooth\lib\EFR32BG13P\GCC\libbluetooth.a(bglib.c.obj)
                0x0000d664                gecko_stack_init
 .text.gecko_stack_update_callback
                0x0000d8c0       0x10 C:\Users\satya\SimplicityStudio\v4_workspace\Satya_I2C\protocol\bluetooth\lib\EFR32BG13P\GCC\libbluetooth.a(bglib.c.obj)
                0x0000d8c0                gecko_stack_update_callback
 .text.gap_is_scanning_or_advertising.part.0
                0x0000d8d0       0x2c C:\Users\satya\SimplicityStudio\v4_workspace\Satya_I2C\protocol\bluetooth\lib\EFR32BG13P\GCC\libbluetooth.a(gap.c.obj)
 .text.gap_is_resolvable
                0x0000d8fc       0x18 C:\Users\satya\SimplicityStudio\v4_workspace\Satya_I2C\protocol\bluetooth\lib\EFR32BG13P\GCC\libbluetooth.a(gap.c.obj)
                0x0000d8fc                gap_is_resolvable
 .text.gap_init
                0x0000d914       0x14 C:\Users\satya\SimplicityStudio\v4_workspace\Satya_I2C\protocol\bluetooth\lib\EFR32BG13P\GCC\libbluetooth.a(gap.c.obj)
                0x0000d914                gap_init
 .text.gap_reset_state
                0x0000d928       0xb8 C:\Users\satya\SimplicityStudio\v4_workspace\Satya_I2C\protocol\bluetooth\lib\EFR32BG13P\GCC\libbluetooth.a(gap.c.obj)
                0x0000d928                gap_reset_state
 .text.gap_notify_connection_parameters
                0x0000d9e0       0x60 C:\Users\satya\SimplicityStudio\v4_workspace\Satya_I2C\protocol\bluetooth\lib\EFR32BG13P\GCC\libbluetooth.a(gap.c.obj)
                0x0000d9e0                gap_notify_connection_parameters
 .text.gap_connection_complete.part.4
                0x0000da40       0xc8 C:\Users\satya\SimplicityStudio\v4_workspace\Satya_I2C\protocol\bluetooth\lib\EFR32BG13P\GCC\libbluetooth.a(gap.c.obj)
 .text.gap_notify_phy_status
                0x0000db08       0x3c C:\Users\satya\SimplicityStudio\v4_workspace\Satya_I2C\protocol\bluetooth\lib\EFR32BG13P\GCC\libbluetooth.a(gap.c.obj)
                0x0000db08                gap_notify_phy_status
 .text.gap_resolver_completed
                0x0000db44       0x90 C:\Users\satya\SimplicityStudio\v4_workspace\Satya_I2C\protocol\bluetooth\lib\EFR32BG13P\GCC\libbluetooth.a(gap.c.obj)
                0x0000db44                gap_resolver_completed
 .text.check_private_address_and_timer
                0x0000dbd4       0x64 C:\Users\satya\SimplicityStudio\v4_workspace\Satya_I2C\protocol\bluetooth\lib\EFR32BG13P\GCC\libbluetooth.a(gap.c.obj)
                0x0000dbd4                check_private_address_and_timer
 .text.gap_scan_update
                0x0000dc38       0xb8 C:\Users\satya\SimplicityStudio\v4_workspace\Satya_I2C\protocol\bluetooth\lib\EFR32BG13P\GCC\libbluetooth.a(gap.c.obj)
                0x0000dc38                gap_scan_update
 .text.gap_listener
                0x0000dcf0       0xa4 C:\Users\satya\SimplicityStudio\v4_workspace\Satya_I2C\protocol\bluetooth\lib\EFR32BG13P\GCC\libbluetooth.a(gap.c.obj)
                0x0000dcf0                gap_listener
 .text.gap_disconnect_acl
                0x0000dd94       0x12 C:\Users\satya\SimplicityStudio\v4_workspace\Satya_I2C\protocol\bluetooth\lib\EFR32BG13P\GCC\libbluetooth.a(gap.c.obj)
                0x0000dd94                gap_disconnect_acl
 *fill*         0x0000dda6        0x2 
 .text.gap_connection_disconnected
                0x0000dda8       0x34 C:\Users\satya\SimplicityStudio\v4_workspace\Satya_I2C\protocol\bluetooth\lib\EFR32BG13P\GCC\libbluetooth.a(gap.c.obj)
                0x0000dda8                gap_connection_disconnected
 .text.gap_connection_complete
                0x0000dddc       0x5c C:\Users\satya\SimplicityStudio\v4_workspace\Satya_I2C\protocol\bluetooth\lib\EFR32BG13P\GCC\libbluetooth.a(gap.c.obj)
                0x0000dddc                gap_connection_complete
 .text.gap_encryption_changed
                0x0000de38       0x50 C:\Users\satya\SimplicityStudio\v4_workspace\Satya_I2C\protocol\bluetooth\lib\EFR32BG13P\GCC\libbluetooth.a(gap.c.obj)
                0x0000de38                gap_encryption_changed
 .text.ubt_gap_set_static_address_identity
                0x0000de88       0x50 C:\Users\satya\SimplicityStudio\v4_workspace\Satya_I2C\protocol\bluetooth\lib\EFR32BG13P\GCC\libbluetooth.a(gap.c.obj)
                0x0000de88                ubt_gap_set_static_address_identity
 .text.ubt_gap_get_identity_address
                0x0000ded8       0x1c C:\Users\satya\SimplicityStudio\v4_workspace\Satya_I2C\protocol\bluetooth\lib\EFR32BG13P\GCC\libbluetooth.a(gap.c.obj)
                0x0000ded8                ubt_gap_get_identity_address
 .text.gap_acl_new
                0x0000def4       0x30 C:\Users\satya\SimplicityStudio\v4_workspace\Satya_I2C\protocol\bluetooth\lib\EFR32BG13P\GCC\libbluetooth.a(gap.c.obj)
                0x0000def4                gap_acl_new
 .text.ubt_gap_get_identity_address_type
                0x0000df24       0x10 C:\Users\satya\SimplicityStudio\v4_workspace\Satya_I2C\protocol\bluetooth\lib\EFR32BG13P\GCC\libbluetooth.a(gap.c.obj)
                0x0000df24                ubt_gap_get_identity_address_type
 .text.use_legacy_advertising
                0x0000df34       0x36 C:\Users\satya\SimplicityStudio\v4_workspace\Satya_I2C\protocol\bluetooth\lib\EFR32BG13P\GCC\libbluetooth.a(gap_adv.c.obj)
 *fill*         0x0000df6a        0x2 
 .text.gap_alloc_mem
                0x0000df6c       0x28 C:\Users\satya\SimplicityStudio\v4_workspace\Satya_I2C\protocol\bluetooth\lib\EFR32BG13P\GCC\libbluetooth.a(gap_adv.c.obj)
                0x0000df6c                gap_alloc_mem
 .text.gap_adv_terminated_callback
                0x0000df94       0x64 C:\Users\satya\SimplicityStudio\v4_workspace\Satya_I2C\protocol\bluetooth\lib\EFR32BG13P\GCC\libbluetooth.a(gap_adv.c.obj)
                0x0000df94                gap_adv_terminated_callback
 .text.gap_get_advertising_scan_report_enable
                0x0000dff8       0x24 C:\Users\satya\SimplicityStudio\v4_workspace\Satya_I2C\protocol\bluetooth\lib\EFR32BG13P\GCC\libbluetooth.a(gap_adv.c.obj)
                0x0000dff8                gap_get_advertising_scan_report_enable
 .text.gap_adv_update
                0x0000e01c      0x204 C:\Users\satya\SimplicityStudio\v4_workspace\Satya_I2C\protocol\bluetooth\lib\EFR32BG13P\GCC\libbluetooth.a(gap_adv.c.obj)
                0x0000e01c                gap_adv_update
 .text.gap_address_resolver_step
                0x0000e220       0x98 C:\Users\satya\SimplicityStudio\v4_workspace\Satya_I2C\protocol\bluetooth\lib\EFR32BG13P\GCC\libbluetooth.a(gap_resolver.c.obj)
                0x0000e220                gap_address_resolver_step
 .text.gap_resolver_start
                0x0000e2b8       0x40 C:\Users\satya\SimplicityStudio\v4_workspace\Satya_I2C\protocol\bluetooth\lib\EFR32BG13P\GCC\libbluetooth.a(gap_resolver.c.obj)
                0x0000e2b8                gap_resolver_start
 .text.gap_status_set_scan_packet
                0x0000e2f8       0x20 C:\Users\satya\SimplicityStudio\v4_workspace\Satya_I2C\protocol\bluetooth\lib\EFR32BG13P\GCC\libbluetooth.a(gap_scan.c.obj)
                0x0000e2f8                gap_status_set_scan_packet
 .text.gat_status_get_scan_packet
                0x0000e318        0xc C:\Users\satya\SimplicityStudio\v4_workspace\Satya_I2C\protocol\bluetooth\lib\EFR32BG13P\GCC\libbluetooth.a(gap_scan.c.obj)
                0x0000e318                gat_status_get_scan_packet
 .text.gap_status_set_scan_response
                0x0000e324       0x20 C:\Users\satya\SimplicityStudio\v4_workspace\Satya_I2C\protocol\bluetooth\lib\EFR32BG13P\GCC\libbluetooth.a(gap_scan.c.obj)
                0x0000e324                gap_status_set_scan_response
 .text.gat_status_get_scan_response
                0x0000e344        0xc C:\Users\satya\SimplicityStudio\v4_workspace\Satya_I2C\protocol\bluetooth\lib\EFR32BG13P\GCC\libbluetooth.a(gap_scan.c.obj)
                0x0000e344                gat_status_get_scan_response
 .text.handle_scan_response_callback
                0x0000e350      0x164 C:\Users\satya\SimplicityStudio\v4_workspace\Satya_I2C\protocol\bluetooth\lib\EFR32BG13P\GCC\libbluetooth.a(gap_scan.c.obj)
                0x0000e350                handle_scan_response_callback
 .text.gatt_init
                0x0000e4b4        0xc C:\Users\satya\SimplicityStudio\v4_workspace\Satya_I2C\protocol\bluetooth\lib\EFR32BG13P\GCC\libbluetooth.a(gatt.c.obj)
                0x0000e4b4                gatt_init
 .text.gatt_init_connection
                0x0000e4c0       0x50 C:\Users\satya\SimplicityStudio\v4_workspace\Satya_I2C\protocol\bluetooth\lib\EFR32BG13P\GCC\libbluetooth.a(gatt.c.obj)
                0x0000e4c0                gatt_init_connection
 .text.gatt_free_connection
                0x0000e510       0x50 C:\Users\satya\SimplicityStudio\v4_workspace\Satya_I2C\protocol\bluetooth\lib\EFR32BG13P\GCC\libbluetooth.a(gatt.c.obj)
                0x0000e510                gatt_free_connection
 .text.send_gatt_mtu_exchanged_event
                0x0000e560       0x2a C:\Users\satya\SimplicityStudio\v4_workspace\Satya_I2C\protocol\bluetooth\lib\EFR32BG13P\GCC\libbluetooth.a(gatt.c.obj)
                0x0000e560                send_gatt_mtu_exchanged_event
 .text.gatt_start_procedure_timeout_timer
                0x0000e58a       0x16 C:\Users\satya\SimplicityStudio\v4_workspace\Satya_I2C\protocol\bluetooth\lib\EFR32BG13P\GCC\libbluetooth.a(gatt.c.obj)
                0x0000e58a                gatt_start_procedure_timeout_timer
 .text.gatt_stop_procedure_timeout_timer
                0x0000e5a0        0x6 C:\Users\satya\SimplicityStudio\v4_workspace\Satya_I2C\protocol\bluetooth\lib\EFR32BG13P\GCC\libbluetooth.a(gatt.c.obj)
                0x0000e5a0                gatt_stop_procedure_timeout_timer
 .text.gatt_procedure_timeout
                0x0000e5a6       0x2e C:\Users\satya\SimplicityStudio\v4_workspace\Satya_I2C\protocol\bluetooth\lib\EFR32BG13P\GCC\libbluetooth.a(gatt.c.obj)
                0x0000e5a6                gatt_procedure_timeout
 .text.gatt_listener
                0x0000e5d4       0x60 C:\Users\satya\SimplicityStudio\v4_workspace\Satya_I2C\protocol\bluetooth\lib\EFR32BG13P\GCC\libbluetooth.a(gatt.c.obj)
 .text.gatt_get_next_connection
                0x0000e634       0x1a C:\Users\satya\SimplicityStudio\v4_workspace\Satya_I2C\protocol\bluetooth\lib\EFR32BG13P\GCC\libbluetooth.a(gatt.c.obj)
                0x0000e634                gatt_get_next_connection
 *fill*         0x0000e64e        0x2 
 .text.get_att_uuid16
                0x0000e650       0x24 C:\Users\satya\SimplicityStudio\v4_workspace\Satya_I2C\protocol\bluetooth\lib\EFR32BG13P\GCC\libbluetooth.a(gatt_db_minimal.c.obj)
 .text.get_client_conf
                0x0000e674       0x24 C:\Users\satya\SimplicityStudio\v4_workspace\Satya_I2C\protocol\bluetooth\lib\EFR32BG13P\GCC\libbluetooth.a(gatt_db_minimal.c.obj)
 .text.gatt_db_set_db
                0x0000e698       0x14 C:\Users\satya\SimplicityStudio\v4_workspace\Satya_I2C\protocol\bluetooth\lib\EFR32BG13P\GCC\libbluetooth.a(gatt_db_minimal.c.obj)
                0x0000e698                gatt_db_set_db
 .text.gatt_db_invalidate_hash
                0x0000e6ac       0x10 C:\Users\satya\SimplicityStudio\v4_workspace\Satya_I2C\protocol\bluetooth\lib\EFR32BG13P\GCC\libbluetooth.a(gatt_db_minimal.c.obj)
                0x0000e6ac                gatt_db_invalidate_hash
 .text.gatt_db_set_client_features
                0x0000e6bc       0x1c C:\Users\satya\SimplicityStudio\v4_workspace\Satya_I2C\protocol\bluetooth\lib\EFR32BG13P\GCC\libbluetooth.a(gatt_db_minimal.c.obj)
                0x0000e6bc                gatt_db_set_client_features
 .text.gatt_db_handle_inrange
                0x0000e6d8       0x18 C:\Users\satya\SimplicityStudio\v4_workspace\Satya_I2C\protocol\bluetooth\lib\EFR32BG13P\GCC\libbluetooth.a(gatt_db_minimal.c.obj)
                0x0000e6d8                gatt_db_handle_inrange
 .text.gatt_db_handle_active
                0x0000e6f0       0x30 C:\Users\satya\SimplicityStudio\v4_workspace\Satya_I2C\protocol\bluetooth\lib\EFR32BG13P\GCC\libbluetooth.a(gatt_db_minimal.c.obj)
                0x0000e6f0                gatt_db_handle_active
 .text.get_client_conf_index
                0x0000e720       0x44 C:\Users\satya\SimplicityStudio\v4_workspace\Satya_I2C\protocol\bluetooth\lib\EFR32BG13P\GCC\libbluetooth.a(gatt_db_minimal.c.obj)
 .text.gatt_db_get_char_properties
                0x0000e764       0x44 C:\Users\satya\SimplicityStudio\v4_workspace\Satya_I2C\protocol\bluetooth\lib\EFR32BG13P\GCC\libbluetooth.a(gatt_db_minimal.c.obj)
                0x0000e764                gatt_db_get_char_properties
 .text.gatt_db_user_value
                0x0000e7a8       0x1c C:\Users\satya\SimplicityStudio\v4_workspace\Satya_I2C\protocol\bluetooth\lib\EFR32BG13P\GCC\libbluetooth.a(gatt_db_minimal.c.obj)
                0x0000e7a8                gatt_db_user_value
 .text.gatt_db_load_client_conf
                0x0000e7c4       0x32 C:\Users\satya\SimplicityStudio\v4_workspace\Satya_I2C\protocol\bluetooth\lib\EFR32BG13P\GCC\libbluetooth.a(gatt_db_minimal.c.obj)
                0x0000e7c4                gatt_db_load_client_conf
 *fill*         0x0000e7f6        0x2 
 .text.gatt_db_get_client_conf
                0x0000e7f8       0x68 C:\Users\satya\SimplicityStudio\v4_workspace\Satya_I2C\protocol\bluetooth\lib\EFR32BG13P\GCC\libbluetooth.a(gatt_db_minimal.c.obj)
                0x0000e7f8                gatt_db_get_client_conf
 .text.gatt_db_get_att_len
                0x0000e860       0x3c C:\Users\satya\SimplicityStudio\v4_workspace\Satya_I2C\protocol\bluetooth\lib\EFR32BG13P\GCC\libbluetooth.a(gatt_db_minimal.c.obj)
                0x0000e860                gatt_db_get_att_len
 .text.gatt_db_check_permissions
                0x0000e89c      0x124 C:\Users\satya\SimplicityStudio\v4_workspace\Satya_I2C\protocol\bluetooth\lib\EFR32BG13P\GCC\libbluetooth.a(gatt_db_minimal.c.obj)
                0x0000e89c                gatt_db_check_permissions
 .text.gatt_db_get_data
                0x0000e9c0       0xa0 C:\Users\satya\SimplicityStudio\v4_workspace\Satya_I2C\protocol\bluetooth\lib\EFR32BG13P\GCC\libbluetooth.a(gatt_db_minimal.c.obj)
                0x0000e9c0                gatt_db_get_data
 .text.gatt_db_set_hash
                0x0000ea60       0xfc C:\Users\satya\SimplicityStudio\v4_workspace\Satya_I2C\protocol\bluetooth\lib\EFR32BG13P\GCC\libbluetooth.a(gatt_db_minimal.c.obj)
                0x0000ea60                gatt_db_set_hash
 .text.gatt_db_find_attribute_by_type
                0x0000eb5c       0x38 C:\Users\satya\SimplicityStudio\v4_workspace\Satya_I2C\protocol\bluetooth\lib\EFR32BG13P\GCC\libbluetooth.a(gatt_db_minimal.c.obj)
                0x0000eb5c                gatt_db_find_attribute_by_type
 .text.gatt_db_find_group_end
                0x0000eb94       0x48 C:\Users\satya\SimplicityStudio\v4_workspace\Satya_I2C\protocol\bluetooth\lib\EFR32BG13P\GCC\libbluetooth.a(gatt_db_minimal.c.obj)
                0x0000eb94                gatt_db_find_group_end
 .text.gatt_db_find_by_type_value
                0x0000ebdc       0x90 C:\Users\satya\SimplicityStudio\v4_workspace\Satya_I2C\protocol\bluetooth\lib\EFR32BG13P\GCC\libbluetooth.a(gatt_db_minimal.c.obj)
                0x0000ebdc                gatt_db_find_by_type_value
 .text.gatt_db_get_attribute_type
                0x0000ec6c       0x34 C:\Users\satya\SimplicityStudio\v4_workspace\Satya_I2C\protocol\bluetooth\lib\EFR32BG13P\GCC\libbluetooth.a(gatt_db_minimal.c.obj)
                0x0000ec6c                gatt_db_get_attribute_type
 .text.gatt_db_get_16bit_char_handle
                0x0000eca0       0x26 C:\Users\satya\SimplicityStudio\v4_workspace\Satya_I2C\protocol\bluetooth\lib\EFR32BG13P\GCC\libbluetooth.a(gatt_db_minimal.c.obj)
                0x0000eca0                gatt_db_get_16bit_char_handle
 .text.set_client_conf.part.2
                0x0000ecc6       0x7e C:\Users\satya\SimplicityStudio\v4_workspace\Satya_I2C\protocol\bluetooth\lib\EFR32BG13P\GCC\libbluetooth.a(gatt_db_minimal.c.obj)
 .text.gatt_db_set_data
                0x0000ed44      0x160 C:\Users\satya\SimplicityStudio\v4_workspace\Satya_I2C\protocol\bluetooth\lib\EFR32BG13P\GCC\libbluetooth.a(gatt_db_minimal.c.obj)
                0x0000ed44                gatt_db_set_data
 .text.gatt_db_reset_client_conf
                0x0000eea4       0x50 C:\Users\satya\SimplicityStudio\v4_workspace\Satya_I2C\protocol\bluetooth\lib\EFR32BG13P\GCC\libbluetooth.a(gatt_db_minimal.c.obj)
                0x0000eea4                gatt_db_reset_client_conf
 .text.send_user_read_request_event
                0x0000eef4       0x32 C:\Users\satya\SimplicityStudio\v4_workspace\Satya_I2C\protocol\bluetooth\lib\EFR32BG13P\GCC\libbluetooth.a(gatt_server.c.obj)
 .text.send_user_write_request_event
                0x0000ef26       0x3a C:\Users\satya\SimplicityStudio\v4_workspace\Satya_I2C\protocol\bluetooth\lib\EFR32BG13P\GCC\libbluetooth.a(gatt_server.c.obj)
 .text.send_execute_write_completed_event
                0x0000ef60       0x2a C:\Users\satya\SimplicityStudio\v4_workspace\Satya_I2C\protocol\bluetooth\lib\EFR32BG13P\GCC\libbluetooth.a(gatt_server.c.obj)
 .text.finish_read_req
                0x0000ef8a       0x96 C:\Users\satya\SimplicityStudio\v4_workspace\Satya_I2C\protocol\bluetooth\lib\EFR32BG13P\GCC\libbluetooth.a(gatt_server.c.obj)
 .text.handle_read_req
                0x0000f020       0xa4 C:\Users\satya\SimplicityStudio\v4_workspace\Satya_I2C\protocol\bluetooth\lib\EFR32BG13P\GCC\libbluetooth.a(gatt_server.c.obj)
 .text.finish_execute_write_req
                0x0000f0c4       0xa8 C:\Users\satya\SimplicityStudio\v4_workspace\Satya_I2C\protocol\bluetooth\lib\EFR32BG13P\GCC\libbluetooth.a(gatt_server.c.obj)
 .text.send_notification
                0x0000f16c       0x6c C:\Users\satya\SimplicityStudio\v4_workspace\Satya_I2C\protocol\bluetooth\lib\EFR32BG13P\GCC\libbluetooth.a(gatt_server.c.obj)
 .text.gatt_server_send_attribute_value_event
                0x0000f1d8       0x3a C:\Users\satya\SimplicityStudio\v4_workspace\Satya_I2C\protocol\bluetooth\lib\EFR32BG13P\GCC\libbluetooth.a(gatt_server.c.obj)
                0x0000f1d8                gatt_server_send_attribute_value_event
 .text.gatt_server_send_characteristic_status_event
                0x0000f212       0x32 C:\Users\satya\SimplicityStudio\v4_workspace\Satya_I2C\protocol\bluetooth\lib\EFR32BG13P\GCC\libbluetooth.a(gatt_server.c.obj)
                0x0000f212                gatt_server_send_characteristic_status_event
 .text.gatt_server_handle_exchange_mtu_req
                0x0000f244       0x3c C:\Users\satya\SimplicityStudio\v4_workspace\Satya_I2C\protocol\bluetooth\lib\EFR32BG13P\GCC\libbluetooth.a(gatt_server.c.obj)
                0x0000f244                gatt_server_handle_exchange_mtu_req
 .text.gatt_server_handle_read_by_group_type
                0x0000f280      0x120 C:\Users\satya\SimplicityStudio\v4_workspace\Satya_I2C\protocol\bluetooth\lib\EFR32BG13P\GCC\libbluetooth.a(gatt_server.c.obj)
                0x0000f280                gatt_server_handle_read_by_group_type
 .text.gatt_server_handle_read_by_type
                0x0000f3a0      0x184 C:\Users\satya\SimplicityStudio\v4_workspace\Satya_I2C\protocol\bluetooth\lib\EFR32BG13P\GCC\libbluetooth.a(gatt_server.c.obj)
                0x0000f3a0                gatt_server_handle_read_by_type
 .text.gatt_server_handle_find_information
                0x0000f524       0xe2 C:\Users\satya\SimplicityStudio\v4_workspace\Satya_I2C\protocol\bluetooth\lib\EFR32BG13P\GCC\libbluetooth.a(gatt_server.c.obj)
                0x0000f524                gatt_server_handle_find_information
 .text.gatt_server_handle_find_by_type_value_req
                0x0000f606       0xc8 C:\Users\satya\SimplicityStudio\v4_workspace\Satya_I2C\protocol\bluetooth\lib\EFR32BG13P\GCC\libbluetooth.a(gatt_server.c.obj)
                0x0000f606                gatt_server_handle_find_by_type_value_req
 .text.gatt_server_handle_read_req
                0x0000f6ce        0xc C:\Users\satya\SimplicityStudio\v4_workspace\Satya_I2C\protocol\bluetooth\lib\EFR32BG13P\GCC\libbluetooth.a(gatt_server.c.obj)
                0x0000f6ce                gatt_server_handle_read_req
 .text.gatt_server_handle_read_blob_req
                0x0000f6da        0xa C:\Users\satya\SimplicityStudio\v4_workspace\Satya_I2C\protocol\bluetooth\lib\EFR32BG13P\GCC\libbluetooth.a(gatt_server.c.obj)
                0x0000f6da                gatt_server_handle_read_blob_req
 .text.gatt_server_handle_read_multiple_req
                0x0000f6e4       0xee C:\Users\satya\SimplicityStudio\v4_workspace\Satya_I2C\protocol\bluetooth\lib\EFR32BG13P\GCC\libbluetooth.a(gatt_server.c.obj)
                0x0000f6e4                gatt_server_handle_read_multiple_req
 .text.gatt_server_handle_write_req
                0x0000f7d2       0x96 C:\Users\satya\SimplicityStudio\v4_workspace\Satya_I2C\protocol\bluetooth\lib\EFR32BG13P\GCC\libbluetooth.a(gatt_server.c.obj)
                0x0000f7d2                gatt_server_handle_write_req
 .text.gatt_server_handle_write_cmd
                0x0000f868       0x84 C:\Users\satya\SimplicityStudio\v4_workspace\Satya_I2C\protocol\bluetooth\lib\EFR32BG13P\GCC\libbluetooth.a(gatt_server.c.obj)
                0x0000f868                gatt_server_handle_write_cmd
 .text.gatt_server_handle_prepare_write_req
                0x0000f8ec       0xa4 C:\Users\satya\SimplicityStudio\v4_workspace\Satya_I2C\protocol\bluetooth\lib\EFR32BG13P\GCC\libbluetooth.a(gatt_server.c.obj)
                0x0000f8ec                gatt_server_handle_prepare_write_req
 .text.gatt_server_handle_execute_write_req
                0x0000f990       0x28 C:\Users\satya\SimplicityStudio\v4_workspace\Satya_I2C\protocol\bluetooth\lib\EFR32BG13P\GCC\libbluetooth.a(gatt_server.c.obj)
                0x0000f990                gatt_server_handle_execute_write_req
 .text.gatt_server_handle_value_cfm
                0x0000f9b8       0x48 C:\Users\satya\SimplicityStudio\v4_workspace\Satya_I2C\protocol\bluetooth\lib\EFR32BG13P\GCC\libbluetooth.a(gatt_server.c.obj)
                0x0000f9b8                gatt_server_handle_value_cfm
 .text.gatt_server_report_gattdb_change
                0x0000fa00       0x5c C:\Users\satya\SimplicityStudio\v4_workspace\Satya_I2C\protocol\bluetooth\lib\EFR32BG13P\GCC\libbluetooth.a(gatt_server.c.obj)
                0x0000fa00                gatt_server_report_gattdb_change
 .text.gatt_server_report_client_config
                0x0000fa5c       0xa8 C:\Users\satya\SimplicityStudio\v4_workspace\Satya_I2C\protocol\bluetooth\lib\EFR32BG13P\GCC\libbluetooth.a(gatt_server.c.obj)
                0x0000fa5c                gatt_server_report_client_config
 .text.handle_database_changed.part.4
                0x0000fb04       0x70 C:\Users\satya\SimplicityStudio\v4_workspace\Satya_I2C\protocol\bluetooth\lib\EFR32BG13P\GCC\libbluetooth.a(gatt_server.c.obj)
 .text.gatt_server_handle_att
                0x0000fb74      0x262 C:\Users\satya\SimplicityStudio\v4_workspace\Satya_I2C\protocol\bluetooth\lib\EFR32BG13P\GCC\libbluetooth.a(gatt_server.c.obj)
                0x0000fb74                gatt_server_handle_att
 .text.gatt_set_gattdb
                0x0000fdd6       0x34 C:\Users\satya\SimplicityStudio\v4_workspace\Satya_I2C\protocol\bluetooth\lib\EFR32BG13P\GCC\libbluetooth.a(gatt_server.c.obj)
                0x0000fdd6                gatt_set_gattdb
 .text.gecko_bgapi_class_dfu_init
                0x0000fe0a       0x12 C:\Users\satya\SimplicityStudio\v4_workspace\Satya_I2C\protocol\bluetooth\lib\EFR32BG13P\GCC\libbluetooth.a(gecko_bgapi_dfu.c.obj)
                0x0000fe0a                gecko_bgapi_class_dfu_init
 .text.gecko_bgapi_class_endpoint_init
                0x0000fe1c       0x12 C:\Users\satya\SimplicityStudio\v4_workspace\Satya_I2C\protocol\bluetooth\lib\EFR32BG13P\GCC\libbluetooth.a(gecko_bgapi_endpoint.c.obj)
                0x0000fe1c                gecko_bgapi_class_endpoint_init
 .text.gecko_bgapi_class_flash_init
                0x0000fe2e       0x12 C:\Users\satya\SimplicityStudio\v4_workspace\Satya_I2C\protocol\bluetooth\lib\EFR32BG13P\GCC\libbluetooth.a(gecko_bgapi_flash.c.obj)
                0x0000fe2e                gecko_bgapi_class_flash_init
 .text.gecko_bgapi_class_le_gap_init
                0x0000fe40       0x12 C:\Users\satya\SimplicityStudio\v4_workspace\Satya_I2C\protocol\bluetooth\lib\EFR32BG13P\GCC\libbluetooth.a(gecko_bgapi_gap.c.obj)
                0x0000fe40                gecko_bgapi_class_le_gap_init
 .text.gecko_bgapi_class_gatt_init
                0x0000fe52       0x12 C:\Users\satya\SimplicityStudio\v4_workspace\Satya_I2C\protocol\bluetooth\lib\EFR32BG13P\GCC\libbluetooth.a(gecko_bgapi_gatt.c.obj)
                0x0000fe52                gecko_bgapi_class_gatt_init
 .text.gecko_bgapi_class_gatt_server_init
                0x0000fe64       0x12 C:\Users\satya\SimplicityStudio\v4_workspace\Satya_I2C\protocol\bluetooth\lib\EFR32BG13P\GCC\libbluetooth.a(gecko_bgapi_gatt_server.c.obj)
                0x0000fe64                gecko_bgapi_class_gatt_server_init
 .text.gecko_bgapi_class_hardware_init
                0x0000fe76       0x12 C:\Users\satya\SimplicityStudio\v4_workspace\Satya_I2C\protocol\bluetooth\lib\EFR32BG13P\GCC\libbluetooth.a(gecko_bgapi_hardware.c.obj)
                0x0000fe76                gecko_bgapi_class_hardware_init
 .text.gecko_bgapi_class_le_connection_init
                0x0000fe88       0x12 C:\Users\satya\SimplicityStudio\v4_workspace\Satya_I2C\protocol\bluetooth\lib\EFR32BG13P\GCC\libbluetooth.a(gecko_bgapi_le_connection.c.obj)
                0x0000fe88                gecko_bgapi_class_le_connection_init
 .text.gecko_bgapi_class_sm_init
                0x0000fe9a       0x12 C:\Users\satya\SimplicityStudio\v4_workspace\Satya_I2C\protocol\bluetooth\lib\EFR32BG13P\GCC\libbluetooth.a(gecko_bgapi_sm.c.obj)
                0x0000fe9a                gecko_bgapi_class_sm_init
 .text.gecko_bgapi_class_system_init
                0x0000feac       0x12 C:\Users\satya\SimplicityStudio\v4_workspace\Satya_I2C\protocol\bluetooth\lib\EFR32BG13P\GCC\libbluetooth.a(gecko_bgapi_system.c.obj)
                0x0000feac                gecko_bgapi_class_system_init
 .text.gecko_bgapi_class_test_init
                0x0000febe       0x12 C:\Users\satya\SimplicityStudio\v4_workspace\Satya_I2C\protocol\bluetooth\lib\EFR32BG13P\GCC\libbluetooth.a(gecko_bgapi_test.c.obj)
                0x0000febe                gecko_bgapi_class_test_init
 .text.handle_bgapi_output
                0x0000fed0       0x74 C:\Users\satya\SimplicityStudio\v4_workspace\Satya_I2C\protocol\bluetooth\lib\EFR32BG13P\GCC\libbluetooth.a(gecko_endpoints.c.obj)
 .text.gecko_register_bgapi_library
                0x0000ff44       0x38 C:\Users\satya\SimplicityStudio\v4_workspace\Satya_I2C\protocol\bluetooth\lib\EFR32BG13P\GCC\libbluetooth.a(gecko_endpoints.c.obj)
                0x0000ff44                gecko_register_bgapi_library
 .text.gecko_handle_library_packet
                0x0000ff7c       0x10 C:\Users\satya\SimplicityStudio\v4_workspace\Satya_I2C\protocol\bluetooth\lib\EFR32BG13P\GCC\libbluetooth.a(gecko_endpoints.c.obj)
                0x0000ff7c                gecko_handle_library_packet
 .text.hci_increase_token
                0x0000ff8c       0x12 C:\Users\satya\SimplicityStudio\v4_workspace\Satya_I2C\protocol\bluetooth\lib\EFR32BG13P\GCC\libbluetooth.a(hci.c.obj)
 *fill*         0x0000ff9e        0x2 
 .text.hci_init
                0x0000ffa0       0x1c C:\Users\satya\SimplicityStudio\v4_workspace\Satya_I2C\protocol\bluetooth\lib\EFR32BG13P\GCC\libbluetooth.a(hci.c.obj)
                0x0000ffa0                hci_init
 .text.hci_command_status_handle
                0x0000ffbc       0x40 C:\Users\satya\SimplicityStudio\v4_workspace\Satya_I2C\protocol\bluetooth\lib\EFR32BG13P\GCC\libbluetooth.a(hci.c.obj)
                0x0000ffbc                hci_command_status_handle
 .text.hci_command_complete_handle
                0x0000fffc      0x148 C:\Users\satya\SimplicityStudio\v4_workspace\Satya_I2C\protocol\bluetooth\lib\EFR32BG13P\GCC\libbluetooth.a(hci.c.obj)
                0x0000fffc                hci_command_complete_handle
 .text.handle_extended_advertising_report
                0x00010144       0xe4 C:\Users\satya\SimplicityStudio\v4_workspace\Satya_I2C\protocol\bluetooth\lib\EFR32BG13P\GCC\libbluetooth.a(hci.c.obj)
                0x00010144                handle_extended_advertising_report
 .text.hci_inject_acl
                0x00010228        0xc C:\Users\satya\SimplicityStudio\v4_workspace\Satya_I2C\protocol\bluetooth\lib\EFR32BG13P\GCC\libbluetooth.a(hci.c.obj)
                0x00010228                hci_inject_acl
 .text.hci_packets_waiting
                0x00010234       0x18 C:\Users\satya\SimplicityStudio\v4_workspace\Satya_I2C\protocol\bluetooth\lib\EFR32BG13P\GCC\libbluetooth.a(hci.c.obj)
                0x00010234                hci_packets_waiting
 .text.hci_get_acl_packet
                0x0001024c       0x14 C:\Users\satya\SimplicityStudio\v4_workspace\Satya_I2C\protocol\bluetooth\lib\EFR32BG13P\GCC\libbluetooth.a(hci.c.obj)
                0x0001024c                hci_get_acl_packet
 .text.hci_send_command
                0x00010260       0x12 C:\Users\satya\SimplicityStudio\v4_workspace\Satya_I2C\protocol\bluetooth\lib\EFR32BG13P\GCC\libbluetooth.a(hci.c.obj)
                0x00010260                hci_send_command
 .text.hci_read_bdaddr
                0x00010272       0x1c C:\Users\satya\SimplicityStudio\v4_workspace\Satya_I2C\protocol\bluetooth\lib\EFR32BG13P\GCC\libbluetooth.a(hci.c.obj)
                0x00010272                hci_read_bdaddr
 *fill*         0x0001028e        0x2 
 .text.hci_state_listener
                0x00010290       0x14 C:\Users\satya\SimplicityStudio\v4_workspace\Satya_I2C\protocol\bluetooth\lib\EFR32BG13P\GCC\libbluetooth.a(hci.c.obj)
                0x00010290                hci_state_listener
 .text.hci_set_state
                0x000102a4       0x1c C:\Users\satya\SimplicityStudio\v4_workspace\Satya_I2C\protocol\bluetooth\lib\EFR32BG13P\GCC\libbluetooth.a(hci.c.obj)
                0x000102a4                hci_set_state
 .text.hci_state_listener_init
                0x000102c0       0x10 C:\Users\satya\SimplicityStudio\v4_workspace\Satya_I2C\protocol\bluetooth\lib\EFR32BG13P\GCC\libbluetooth.a(hci.c.obj)
                0x000102c0                hci_state_listener_init
 .text.hci_state_listener_init_default_data_length
                0x000102d0       0x6c C:\Users\satya\SimplicityStudio\v4_workspace\Satya_I2C\protocol\bluetooth\lib\EFR32BG13P\GCC\libbluetooth.a(hci.c.obj)
                0x000102d0                hci_state_listener_init_default_data_length
 .text.hci_run  0x0001033c        0x6 C:\Users\satya\SimplicityStudio\v4_workspace\Satya_I2C\protocol\bluetooth\lib\EFR32BG13P\GCC\libbluetooth.a(hci.c.obj)
                0x0001033c                hci_run
 .text.hci_start
                0x00010342        0x6 C:\Users\satya\SimplicityStudio\v4_workspace\Satya_I2C\protocol\bluetooth\lib\EFR32BG13P\GCC\libbluetooth.a(hci.c.obj)
                0x00010342                hci_start
 .text.hci_cleanup_acl
                0x00010348       0x28 C:\Users\satya\SimplicityStudio\v4_workspace\Satya_I2C\protocol\bluetooth\lib\EFR32BG13P\GCC\libbluetooth.a(hci.c.obj)
                0x00010348                hci_cleanup_acl
 .text.hci_send_acl
                0x00010370       0xac C:\Users\satya\SimplicityStudio\v4_workspace\Satya_I2C\protocol\bluetooth\lib\EFR32BG13P\GCC\libbluetooth.a(hci.c.obj)
                0x00010370                hci_send_acl
 .text.hci_le_set_random_address
                0x0001041c       0x30 C:\Users\satya\SimplicityStudio\v4_workspace\Satya_I2C\protocol\bluetooth\lib\EFR32BG13P\GCC\libbluetooth.a(hci.c.obj)
                0x0001041c                hci_le_set_random_address
 .text.hci_le_set_extended_advertising_parameters
                0x0001044c       0xbc C:\Users\satya\SimplicityStudio\v4_workspace\Satya_I2C\protocol\bluetooth\lib\EFR32BG13P\GCC\libbluetooth.a(hci.c.obj)
                0x0001044c                hci_le_set_extended_advertising_parameters
 .text.hci_le_set_advertising_set_random_address
                0x00010508       0x30 C:\Users\satya\SimplicityStudio\v4_workspace\Satya_I2C\protocol\bluetooth\lib\EFR32BG13P\GCC\libbluetooth.a(hci.c.obj)
                0x00010508                hci_le_set_advertising_set_random_address
 .text.hci_le_set_extended_advertising_data
                0x00010538       0x48 C:\Users\satya\SimplicityStudio\v4_workspace\Satya_I2C\protocol\bluetooth\lib\EFR32BG13P\GCC\libbluetooth.a(hci.c.obj)
                0x00010538                hci_le_set_extended_advertising_data
 .text.hci_le_set_extended_scan_response_data
                0x00010580       0x48 C:\Users\satya\SimplicityStudio\v4_workspace\Satya_I2C\protocol\bluetooth\lib\EFR32BG13P\GCC\libbluetooth.a(hci.c.obj)
                0x00010580                hci_le_set_extended_scan_response_data
 .text.hci_le_set_extended_advertising_enable
                0x000105c8       0x3c C:\Users\satya\SimplicityStudio\v4_workspace\Satya_I2C\protocol\bluetooth\lib\EFR32BG13P\GCC\libbluetooth.a(hci.c.obj)
                0x000105c8                hci_le_set_extended_advertising_enable
 .text.hci_le_set_extended_scan_parameters
                0x00010604       0x4c C:\Users\satya\SimplicityStudio\v4_workspace\Satya_I2C\protocol\bluetooth\lib\EFR32BG13P\GCC\libbluetooth.a(hci.c.obj)
                0x00010604                hci_le_set_extended_scan_parameters
 .text.hci_le_set_ext_scan_enable
                0x00010650       0x34 C:\Users\satya\SimplicityStudio\v4_workspace\Satya_I2C\protocol\bluetooth\lib\EFR32BG13P\GCC\libbluetooth.a(hci.c.obj)
                0x00010650                hci_le_set_ext_scan_enable
 .text.hci_le_create_connection_cancel
                0x00010684       0x14 C:\Users\satya\SimplicityStudio\v4_workspace\Satya_I2C\protocol\bluetooth\lib\EFR32BG13P\GCC\libbluetooth.a(hci.c.obj)
                0x00010684                hci_le_create_connection_cancel
 .text.hci_close_acl
                0x00010698       0x42 C:\Users\satya\SimplicityStudio\v4_workspace\Satya_I2C\protocol\bluetooth\lib\EFR32BG13P\GCC\libbluetooth.a(hci.c.obj)
                0x00010698                hci_close_acl
 *fill*         0x000106da        0x2 
 .text.hci_le_connection_update
                0x000106dc       0x58 C:\Users\satya\SimplicityStudio\v4_workspace\Satya_I2C\protocol\bluetooth\lib\EFR32BG13P\GCC\libbluetooth.a(hci.c.obj)
                0x000106dc                hci_le_connection_update
 .text.hci_le_start_encryption
                0x00010734       0x50 C:\Users\satya\SimplicityStudio\v4_workspace\Satya_I2C\protocol\bluetooth\lib\EFR32BG13P\GCC\libbluetooth.a(hci.c.obj)
                0x00010734                hci_le_start_encryption
 .text.hci_le_ltk_reply
                0x00010784       0x4c C:\Users\satya\SimplicityStudio\v4_workspace\Satya_I2C\protocol\bluetooth\lib\EFR32BG13P\GCC\libbluetooth.a(hci.c.obj)
                0x00010784                hci_le_ltk_reply
 .text.hci_le_remote_connection_parameter_request_reply
                0x000107d0       0x58 C:\Users\satya\SimplicityStudio\v4_workspace\Satya_I2C\protocol\bluetooth\lib\EFR32BG13P\GCC\libbluetooth.a(hci.c.obj)
                0x000107d0                hci_le_remote_connection_parameter_request_reply
 .text.hci_event_handle
                0x00010828      0x2a4 C:\Users\satya\SimplicityStudio\v4_workspace\Satya_I2C\protocol\bluetooth\lib\EFR32BG13P\GCC\libbluetooth.a(hci.c.obj)
                0x00010828                hci_event_handle
 .text.hci_get_and_handle
                0x00010acc       0x20 C:\Users\satya\SimplicityStudio\v4_workspace\Satya_I2C\protocol\bluetooth\lib\EFR32BG13P\GCC\libbluetooth.a(hci.c.obj)
                0x00010acc                hci_get_and_handle
 .text.hci_state_listener_idle
                0x00010aec       0x1c C:\Users\satya\SimplicityStudio\v4_workspace\Satya_I2C\protocol\bluetooth\lib\EFR32BG13P\GCC\libbluetooth.a(hci.c.obj)
                0x00010aec                hci_state_listener_idle
 .text.hci_read_conn_phy
                0x00010b08       0x24 C:\Users\satya\SimplicityStudio\v4_workspace\Satya_I2C\protocol\bluetooth\lib\EFR32BG13P\GCC\libbluetooth.a(hci.c.obj)
                0x00010b08                hci_read_conn_phy
 .text.cmd2bgbuf
                0x00010b2c        0x4 C:\Users\satya\SimplicityStudio\v4_workspace\Satya_I2C\protocol\bluetooth\lib\EFR32BG13P\GCC\libbluetooth.a(hci_pck.c.obj)
                0x00010b2c                cmd2bgbuf
 .text.hci_command_alloc
                0x00010b30       0x2e C:\Users\satya\SimplicityStudio\v4_workspace\Satya_I2C\protocol\bluetooth\lib\EFR32BG13P\GCC\libbluetooth.a(hci_pck.c.obj)
                0x00010b30                hci_command_alloc
 .text.hci_command_alloc_bgbuf
                0x00010b5e       0x58 C:\Users\satya\SimplicityStudio\v4_workspace\Satya_I2C\protocol\bluetooth\lib\EFR32BG13P\GCC\libbluetooth.a(hci_pck.c.obj)
                0x00010b5e                hci_command_alloc_bgbuf
 *fill*         0x00010bb6        0x2 
 .text.hci_get_output_acl
                0x00010bb8        0xc C:\Users\satya\SimplicityStudio\v4_workspace\Satya_I2C\protocol\bluetooth\lib\EFR32BG13P\GCC\libbluetooth.a(hci_pck.c.obj)
                0x00010bb8                hci_get_output_acl
 .text.hci_get_event
                0x00010bc4        0xc C:\Users\satya\SimplicityStudio\v4_workspace\Satya_I2C\protocol\bluetooth\lib\EFR32BG13P\GCC\libbluetooth.a(hci_pck.c.obj)
                0x00010bc4                hci_get_event
 .text.hci_inject_event
                0x00010bd0        0xc C:\Users\satya\SimplicityStudio\v4_workspace\Satya_I2C\protocol\bluetooth\lib\EFR32BG13P\GCC\libbluetooth.a(hci_pck.c.obj)
                0x00010bd0                hci_inject_event
 .text.bg_pre_sleep
                0x00010bdc        0x2 C:\Users\satya\SimplicityStudio\v4_workspace\Satya_I2C\protocol\bluetooth\lib\EFR32BG13P\GCC\libbluetooth.a(init.c.obj)
                0x00010bdc                bg_pre_sleep
 .text.bg_post_wakeup
                0x00010bde        0x2 C:\Users\satya\SimplicityStudio\v4_workspace\Satya_I2C\protocol\bluetooth\lib\EFR32BG13P\GCC\libbluetooth.a(init.c.obj)
                0x00010bde                bg_post_wakeup
 .text.bg_get_le_phys
                0x00010be0        0x4 C:\Users\satya\SimplicityStudio\v4_workspace\Satya_I2C\protocol\bluetooth\lib\EFR32BG13P\GCC\libbluetooth.a(init.c.obj)
                0x00010be0                bg_get_le_phys
 .text.bg_low_init
                0x00010be4       0x30 C:\Users\satya\SimplicityStudio\v4_workspace\Satya_I2C\protocol\bluetooth\lib\EFR32BG13P\GCC\libbluetooth.a(init.c.obj)
                0x00010be4                bg_low_init
 .text.bg_radio_pa_set_tx_power
                0x00010c14       0x5c C:\Users\satya\SimplicityStudio\v4_workspace\Satya_I2C\protocol\bluetooth\lib\EFR32BG13P\GCC\libbluetooth.a(init.c.obj)
                0x00010c14                bg_radio_pa_set_tx_power
 .text.bg_radio_init
                0x00010c70       0xd4 C:\Users\satya\SimplicityStudio\v4_workspace\Satya_I2C\protocol\bluetooth\lib\EFR32BG13P\GCC\libbluetooth.a(init.c.obj)
                0x00010c70                bg_radio_init
 .text.irq_init
                0x00010d44       0x80 C:\Users\satya\SimplicityStudio\v4_workspace\Satya_I2C\protocol\bluetooth\lib\EFR32BG13P\GCC\libbluetooth.a(irq.c.obj)
                0x00010d44                irq_init
 .text.l2cap_send_update_parameters_response
                0x00010dc4       0x48 C:\Users\satya\SimplicityStudio\v4_workspace\Satya_I2C\protocol\bluetooth\lib\EFR32BG13P\GCC\libbluetooth.a(l2cap.c.obj)
 .text.l2cap_message_handler
                0x00010e0c       0x34 C:\Users\satya\SimplicityStudio\v4_workspace\Satya_I2C\protocol\bluetooth\lib\EFR32BG13P\GCC\libbluetooth.a(l2cap.c.obj)
                0x00010e0c                l2cap_message_handler
 .text.l2cap_send_command_reject.constprop.1
                0x00010e40       0x48 C:\Users\satya\SimplicityStudio\v4_workspace\Satya_I2C\protocol\bluetooth\lib\EFR32BG13P\GCC\libbluetooth.a(l2cap.c.obj)
 .text.l2cap_init
                0x00010e88       0x20 C:\Users\satya\SimplicityStudio\v4_workspace\Satya_I2C\protocol\bluetooth\lib\EFR32BG13P\GCC\libbluetooth.a(l2cap.c.obj)
                0x00010e88                l2cap_init
 .text.l2cap_send_fixed_channel
                0x00010ea8       0x40 C:\Users\satya\SimplicityStudio\v4_workspace\Satya_I2C\protocol\bluetooth\lib\EFR32BG13P\GCC\libbluetooth.a(l2cap.c.obj)
                0x00010ea8                l2cap_send_fixed_channel
 .text.acl_packet_handle
                0x00010ee8      0x150 C:\Users\satya\SimplicityStudio\v4_workspace\Satya_I2C\protocol\bluetooth\lib\EFR32BG13P\GCC\libbluetooth.a(l2cap.c.obj)
                0x00010ee8                acl_packet_handle
 .text.ll_hciSetCommandCompleteHeader
                0x00011038       0x1a C:\Users\satya\SimplicityStudio\v4_workspace\Satya_I2C\protocol\bluetooth\lib\EFR32BG13P\GCC\libbluetooth.a(ll_hci.c.obj)
                0x00011038                ll_hciSetCommandCompleteHeader
 .text.ll_hciSetMetaEventHeader
                0x00011052       0x12 C:\Users\satya\SimplicityStudio\v4_workspace\Satya_I2C\protocol\bluetooth\lib\EFR32BG13P\GCC\libbluetooth.a(ll_hci.c.obj)
                0x00011052                ll_hciSetMetaEventHeader
 .text.ll_hciSetCommandStatusHeader
                0x00011064       0x18 C:\Users\satya\SimplicityStudio\v4_workspace\Satya_I2C\protocol\bluetooth\lib\EFR32BG13P\GCC\libbluetooth.a(ll_hci.c.obj)
                0x00011064                ll_hciSetCommandStatusHeader
 .text.ll_hciSendHCIEvent
                0x0001107c        0xc C:\Users\satya\SimplicityStudio\v4_workspace\Satya_I2C\protocol\bluetooth\lib\EFR32BG13P\GCC\libbluetooth.a(ll_hci.c.obj)
                0x0001107c                ll_hciSendHCIEvent
 .text.ll_hciSendGenericCommandComplete
                0x00011088       0x10 C:\Users\satya\SimplicityStudio\v4_workspace\Satya_I2C\protocol\bluetooth\lib\EFR32BG13P\GCC\libbluetooth.a(ll_hci.c.obj)
                0x00011088                ll_hciSendGenericCommandComplete
 .text.ll_hciInit
                0x00011098        0xc C:\Users\satya\SimplicityStudio\v4_workspace\Satya_I2C\protocol\bluetooth\lib\EFR32BG13P\GCC\libbluetooth.a(ll_hci.c.obj)
                0x00011098                ll_hciInit
 .text.BTLE_HCIToLLCmdSAP
                0x000110a4       0x30 C:\Users\satya\SimplicityStudio\v4_workspace\Satya_I2C\protocol\bluetooth\lib\EFR32BG13P\GCC\libbluetooth.a(ll_hci.c.obj)
                0x000110a4                BTLE_HCIToLLCmdSAP
 .text.BTLE_HCIToLLDataSAP
                0x000110d4       0x44 C:\Users\satya\SimplicityStudio\v4_workspace\Satya_I2C\protocol\bluetooth\lib\EFR32BG13P\GCC\libbluetooth.a(ll_hci.c.obj)
                0x000110d4                BTLE_HCIToLLDataSAP
 .text.ll_hciHandleCommandDebug
                0x00011118        0x4 C:\Users\satya\SimplicityStudio\v4_workspace\Satya_I2C\protocol\bluetooth\lib\EFR32BG13P\GCC\libbluetooth.a(ll_hci.c.obj)
                0x00011118                ll_hciHandleCommandDebug
 .text.ll_hciHandleDisconnect
                0x0001111c       0x46 C:\Users\satya\SimplicityStudio\v4_workspace\Satya_I2C\protocol\bluetooth\lib\EFR32BG13P\GCC\libbluetooth.a(ll_hci.c.obj)
                0x0001111c                ll_hciHandleDisconnect
 .text.ll_hciHandleUnknown
                0x00011162        0xc C:\Users\satya\SimplicityStudio\v4_workspace\Satya_I2C\protocol\bluetooth\lib\EFR32BG13P\GCC\libbluetooth.a(ll_hci.c.obj)
                0x00011162                ll_hciHandleUnknown
 .text.ll_hciHandleReset
                0x0001116e       0x18 C:\Users\satya\SimplicityStudio\v4_workspace\Satya_I2C\protocol\bluetooth\lib\EFR32BG13P\GCC\libbluetooth.a(ll_hci.c.obj)
                0x0001116e                ll_hciHandleReset
 *fill*         0x00011186        0x2 
 .text.ll_hciHandleReadBDADDR
                0x00011188       0x2c C:\Users\satya\SimplicityStudio\v4_workspace\Satya_I2C\protocol\bluetooth\lib\EFR32BG13P\GCC\libbluetooth.a(ll_hci.c.obj)
                0x00011188                ll_hciHandleReadBDADDR
 .text.ll_hciHandleSetHostChannelClassification
                0x000111b4       0x3e C:\Users\satya\SimplicityStudio\v4_workspace\Satya_I2C\protocol\bluetooth\lib\EFR32BG13P\GCC\libbluetooth.a(ll_hci.c.obj)
                0x000111b4                ll_hciHandleSetHostChannelClassification
 .text.ll_hciHandleLeWriteRfPathCompensation
                0x000111f2       0x26 C:\Users\satya\SimplicityStudio\v4_workspace\Satya_I2C\protocol\bluetooth\lib\EFR32BG13P\GCC\libbluetooth.a(ll_hci.c.obj)
                0x000111f2                ll_hciHandleLeWriteRfPathCompensation
 .text.ll_hciHandleLeSetExtendedScanResponseData
                0x00011218       0x5a C:\Users\satya\SimplicityStudio\v4_workspace\Satya_I2C\protocol\bluetooth\lib\EFR32BG13P\GCC\libbluetooth.a(ll_hci.c.obj)
                0x00011218                ll_hciHandleLeSetExtendedScanResponseData
 .text.ll_hciHandleLeStartEncryption
                0x00011272       0x50 C:\Users\satya\SimplicityStudio\v4_workspace\Satya_I2C\protocol\bluetooth\lib\EFR32BG13P\GCC\libbluetooth.a(ll_hci.c.obj)
                0x00011272                ll_hciHandleLeStartEncryption
 .text.ll_hciHandleLeLtkNegReply
                0x000112c2       0x3a C:\Users\satya\SimplicityStudio\v4_workspace\Satya_I2C\protocol\bluetooth\lib\EFR32BG13P\GCC\libbluetooth.a(ll_hci.c.obj)
                0x000112c2                ll_hciHandleLeLtkNegReply
 .text.ll_hciHandleLeLtkReply
                0x000112fc       0x44 C:\Users\satya\SimplicityStudio\v4_workspace\Satya_I2C\protocol\bluetooth\lib\EFR32BG13P\GCC\libbluetooth.a(ll_hci.c.obj)
                0x000112fc                ll_hciHandleLeLtkReply
 .text.ll_hciHandleLeSetExtendedAdvertisingData
                0x00011340       0x60 C:\Users\satya\SimplicityStudio\v4_workspace\Satya_I2C\protocol\bluetooth\lib\EFR32BG13P\GCC\libbluetooth.a(ll_hci.c.obj)
                0x00011340                ll_hciHandleLeSetExtendedAdvertisingData
 .text.ll_hciHandleSiliconLabsSetConnectionConfigBits
                0x000113a0       0x30 C:\Users\satya\SimplicityStudio\v4_workspace\Satya_I2C\protocol\bluetooth\lib\EFR32BG13P\GCC\libbluetooth.a(ll_hci.c.obj)
                0x000113a0                ll_hciHandleSiliconLabsSetConnectionConfigBits
 .text.ll_hciHandleSiliconLabsClearConnectionConfigBits
                0x000113d0       0x30 C:\Users\satya\SimplicityStudio\v4_workspace\Satya_I2C\protocol\bluetooth\lib\EFR32BG13P\GCC\libbluetooth.a(ll_hci.c.obj)
                0x000113d0                ll_hciHandleSiliconLabsClearConnectionConfigBits
 .text.ll_hciHandleSiliconLabsConfigFlags
                0x00011400       0x46 C:\Users\satya\SimplicityStudio\v4_workspace\Satya_I2C\protocol\bluetooth\lib\EFR32BG13P\GCC\libbluetooth.a(ll_hci.c.obj)
                0x00011400                ll_hciHandleSiliconLabsConfigFlags
 .text.ll_hciHandleSiliconLabsGetCounters
                0x00011446       0x56 C:\Users\satya\SimplicityStudio\v4_workspace\Satya_I2C\protocol\bluetooth\lib\EFR32BG13P\GCC\libbluetooth.a(ll_hci.c.obj)
                0x00011446                ll_hciHandleSiliconLabsGetCounters
 .text.ll_hciHandleSiliconLabsGetTiming
                0x0001149c       0x1e C:\Users\satya\SimplicityStudio\v4_workspace\Satya_I2C\protocol\bluetooth\lib\EFR32BG13P\GCC\libbluetooth.a(ll_hci.c.obj)
                0x0001149c                ll_hciHandleSiliconLabsGetTiming
 *fill*         0x000114ba        0x2 
 .text.ll_hciHandleSiliconLabsConfigure
                0x000114bc       0x8c C:\Users\satya\SimplicityStudio\v4_workspace\Satya_I2C\protocol\bluetooth\lib\EFR32BG13P\GCC\libbluetooth.a(ll_hci.c.obj)
                0x000114bc                ll_hciHandleSiliconLabsConfigure
 .text.ll_hciHandleLeSetExtendedAdvertisingEnable
                0x00011548       0x7c C:\Users\satya\SimplicityStudio\v4_workspace\Satya_I2C\protocol\bluetooth\lib\EFR32BG13P\GCC\libbluetooth.a(ll_hci.c.obj)
                0x00011548                ll_hciHandleLeSetExtendedAdvertisingEnable
 .text.ll_hciHandleLeSetRandomAddress
                0x000115c4       0x1e C:\Users\satya\SimplicityStudio\v4_workspace\Satya_I2C\protocol\bluetooth\lib\EFR32BG13P\GCC\libbluetooth.a(ll_hci.c.obj)
                0x000115c4                ll_hciHandleLeSetRandomAddress
 .text.ll_hciHandleLeSetAdvertisingSetRandomAddress
                0x000115e2       0x2e C:\Users\satya\SimplicityStudio\v4_workspace\Satya_I2C\protocol\bluetooth\lib\EFR32BG13P\GCC\libbluetooth.a(ll_hci.c.obj)
                0x000115e2                ll_hciHandleLeSetAdvertisingSetRandomAddress
 .text.ll_hciHandleLeSetExtendedAdvertisingParameters
                0x00011610      0x10a C:\Users\satya\SimplicityStudio\v4_workspace\Satya_I2C\protocol\bluetooth\lib\EFR32BG13P\GCC\libbluetooth.a(ll_hci.c.obj)
                0x00011610                ll_hciHandleLeSetExtendedAdvertisingParameters
 .text.ll_hciHandleLeSetExtendedScanParameters
                0x0001171a       0x3a C:\Users\satya\SimplicityStudio\v4_workspace\Satya_I2C\protocol\bluetooth\lib\EFR32BG13P\GCC\libbluetooth.a(ll_hci.c.obj)
                0x0001171a                ll_hciHandleLeSetExtendedScanParameters
 .text.ll_hciHandleLeSetScanParameters
                0x00011754       0x3e C:\Users\satya\SimplicityStudio\v4_workspace\Satya_I2C\protocol\bluetooth\lib\EFR32BG13P\GCC\libbluetooth.a(ll_hci.c.obj)
                0x00011754                ll_hciHandleLeSetScanParameters
 .text.ll_hciHandleLeSetExtendedScanEnable
                0x00011792       0x2e C:\Users\satya\SimplicityStudio\v4_workspace\Satya_I2C\protocol\bluetooth\lib\EFR32BG13P\GCC\libbluetooth.a(ll_hci.c.obj)
                0x00011792                ll_hciHandleLeSetExtendedScanEnable
 .text.ll_hciHandleLeEnhancedReceiverTest
                0x000117c0       0x3c C:\Users\satya\SimplicityStudio\v4_workspace\Satya_I2C\protocol\bluetooth\lib\EFR32BG13P\GCC\libbluetooth.a(ll_hci.c.obj)
                0x000117c0                ll_hciHandleLeEnhancedReceiverTest
 .text.ll_hciHandleLeEnhancedTransmitterTest
                0x000117fc       0x40 C:\Users\satya\SimplicityStudio\v4_workspace\Satya_I2C\protocol\bluetooth\lib\EFR32BG13P\GCC\libbluetooth.a(ll_hci.c.obj)
                0x000117fc                ll_hciHandleLeEnhancedTransmitterTest
 .text.ll_hciHandleLeTestEnd
                0x0001183c       0x26 C:\Users\satya\SimplicityStudio\v4_workspace\Satya_I2C\protocol\bluetooth\lib\EFR32BG13P\GCC\libbluetooth.a(ll_hci.c.obj)
                0x0001183c                ll_hciHandleLeTestEnd
 .text.ll_hciHandleLeConnectionUpdate
                0x00011862       0x60 C:\Users\satya\SimplicityStudio\v4_workspace\Satya_I2C\protocol\bluetooth\lib\EFR32BG13P\GCC\libbluetooth.a(ll_hci.c.obj)
                0x00011862                ll_hciHandleLeConnectionUpdate
 .text.ll_hciHandleLeCreateConnectionCancel
                0x000118c2       0x30 C:\Users\satya\SimplicityStudio\v4_workspace\Satya_I2C\protocol\bluetooth\lib\EFR32BG13P\GCC\libbluetooth.a(ll_hci.c.obj)
                0x000118c2                ll_hciHandleLeCreateConnectionCancel
 .text.ll_hciHandleLeCreateConnection
                0x000118f2       0x92 C:\Users\satya\SimplicityStudio\v4_workspace\Satya_I2C\protocol\bluetooth\lib\EFR32BG13P\GCC\libbluetooth.a(ll_hci.c.obj)
                0x000118f2                ll_hciHandleLeCreateConnection
 .text.ll_hciHandleLeExtendedCreateConnection
                0x00011984       0x96 C:\Users\satya\SimplicityStudio\v4_workspace\Satya_I2C\protocol\bluetooth\lib\EFR32BG13P\GCC\libbluetooth.a(ll_hci.c.obj)
                0x00011984                ll_hciHandleLeExtendedCreateConnection
 .text.ll_hciHandleLeWriteSuggestedDefaultDataLength
                0x00011a1a       0x28 C:\Users\satya\SimplicityStudio\v4_workspace\Satya_I2C\protocol\bluetooth\lib\EFR32BG13P\GCC\libbluetooth.a(ll_hci.c.obj)
                0x00011a1a                ll_hciHandleLeWriteSuggestedDefaultDataLength
 .text.ll_hciHandleLeSetDataLength
                0x00011a42       0x5a C:\Users\satya\SimplicityStudio\v4_workspace\Satya_I2C\protocol\bluetooth\lib\EFR32BG13P\GCC\libbluetooth.a(ll_hci.c.obj)
                0x00011a42                ll_hciHandleLeSetDataLength
 .text.ll_hciReadRemoteUsedFeatures
                0x00011a9c       0x40 C:\Users\satya\SimplicityStudio\v4_workspace\Satya_I2C\protocol\bluetooth\lib\EFR32BG13P\GCC\libbluetooth.a(ll_hci.c.obj)
                0x00011a9c                ll_hciReadRemoteUsedFeatures
 .text.ll_hciReadRemoteVersionInformation
                0x00011adc       0x40 C:\Users\satya\SimplicityStudio\v4_workspace\Satya_I2C\protocol\bluetooth\lib\EFR32BG13P\GCC\libbluetooth.a(ll_hci.c.obj)
                0x00011adc                ll_hciReadRemoteVersionInformation
 .text.ll_hciHandleReadRssi
                0x00011b1c       0x40 C:\Users\satya\SimplicityStudio\v4_workspace\Satya_I2C\protocol\bluetooth\lib\EFR32BG13P\GCC\libbluetooth.a(ll_hci.c.obj)
                0x00011b1c                ll_hciHandleReadRssi
 .text.ll_hciSendLeConnectionUpdate
                0x00011b5c       0x3a C:\Users\satya\SimplicityStudio\v4_workspace\Satya_I2C\protocol\bluetooth\lib\EFR32BG13P\GCC\libbluetooth.a(ll_hci.c.obj)
                0x00011b5c                ll_hciSendLeConnectionUpdate
 .text.ll_hciSendLeConnectionComplete
                0x00011b96       0x66 C:\Users\satya\SimplicityStudio\v4_workspace\Satya_I2C\protocol\bluetooth\lib\EFR32BG13P\GCC\libbluetooth.a(ll_hci.c.obj)
                0x00011b96                ll_hciSendLeConnectionComplete
 .text.ll_hciSendVersionComplete
                0x00011bfc       0x40 C:\Users\satya\SimplicityStudio\v4_workspace\Satya_I2C\protocol\bluetooth\lib\EFR32BG13P\GCC\libbluetooth.a(ll_hci.c.obj)
                0x00011bfc                ll_hciSendVersionComplete
 .text.ll_hciSendUsedFeaturesComplete
                0x00011c3c       0x34 C:\Users\satya\SimplicityStudio\v4_workspace\Satya_I2C\protocol\bluetooth\lib\EFR32BG13P\GCC\libbluetooth.a(ll_hci.c.obj)
                0x00011c3c                ll_hciSendUsedFeaturesComplete
 .text.ll_hciSendEncryptionKeyRefreshComplete
                0x00011c70       0x28 C:\Users\satya\SimplicityStudio\v4_workspace\Satya_I2C\protocol\bluetooth\lib\EFR32BG13P\GCC\libbluetooth.a(ll_hci.c.obj)
                0x00011c70                ll_hciSendEncryptionKeyRefreshComplete
 .text.ll_hciSendEncryptionChange
                0x00011c98       0x30 C:\Users\satya\SimplicityStudio\v4_workspace\Satya_I2C\protocol\bluetooth\lib\EFR32BG13P\GCC\libbluetooth.a(ll_hci.c.obj)
                0x00011c98                ll_hciSendEncryptionChange
 .text.ll_hciSendLeDataLengthChanged
                0x00011cc8       0x44 C:\Users\satya\SimplicityStudio\v4_workspace\Satya_I2C\protocol\bluetooth\lib\EFR32BG13P\GCC\libbluetooth.a(ll_hci.c.obj)
                0x00011cc8                ll_hciSendLeDataLengthChanged
 .text.ll_hciSendLeLtkRequest
                0x00011d0c       0x3a C:\Users\satya\SimplicityStudio\v4_workspace\Satya_I2C\protocol\bluetooth\lib\EFR32BG13P\GCC\libbluetooth.a(ll_hci.c.obj)
                0x00011d0c                ll_hciSendLeLtkRequest
 .text.ll_hciSendAdvSetTerminated
                0x00011d46       0x40 C:\Users\satya\SimplicityStudio\v4_workspace\Satya_I2C\protocol\bluetooth\lib\EFR32BG13P\GCC\libbluetooth.a(ll_hci.c.obj)
                0x00011d46                ll_hciSendAdvSetTerminated
 .text.ll_hciSendScanRequestReceived
                0x00011d86       0x32 C:\Users\satya\SimplicityStudio\v4_workspace\Satya_I2C\protocol\bluetooth\lib\EFR32BG13P\GCC\libbluetooth.a(ll_hci.c.obj)
                0x00011d86                ll_hciSendScanRequestReceived
 .text.ll_hciSendLeChannelSelectionAlgorithm
                0x00011db8       0x2e C:\Users\satya\SimplicityStudio\v4_workspace\Satya_I2C\protocol\bluetooth\lib\EFR32BG13P\GCC\libbluetooth.a(ll_hci.c.obj)
                0x00011db8                ll_hciSendLeChannelSelectionAlgorithm
 .text.ll_hciSendNumberOfCompletedPackets
                0x00011de6       0x2e C:\Users\satya\SimplicityStudio\v4_workspace\Satya_I2C\protocol\bluetooth\lib\EFR32BG13P\GCC\libbluetooth.a(ll_hci.c.obj)
                0x00011de6                ll_hciSendNumberOfCompletedPackets
 .text.ll_hciHandleCommand
                0x00011e14      0x2cc C:\Users\satya\SimplicityStudio\v4_workspace\Satya_I2C\protocol\bluetooth\lib\EFR32BG13P\GCC\libbluetooth.a(ll_hci.c.obj)
                0x00011e14                ll_hciHandleCommand
 .text.ll_hciSendDisconnection
                0x000120e0       0x2c C:\Users\satya\SimplicityStudio\v4_workspace\Satya_I2C\protocol\bluetooth\lib\EFR32BG13P\GCC\libbluetooth.a(ll_hci.c.obj)
                0x000120e0                ll_hciSendDisconnection
 .text.ll_hciSendLeAdvertisingReport
                0x0001210c       0x2e C:\Users\satya\SimplicityStudio\v4_workspace\Satya_I2C\protocol\bluetooth\lib\EFR32BG13P\GCC\libbluetooth.a(ll_hci.c.obj)
                0x0001210c                ll_hciSendLeAdvertisingReport
 .text.ll_hciHandleACL
                0x0001213a       0x40 C:\Users\satya\SimplicityStudio\v4_workspace\Satya_I2C\protocol\bluetooth\lib\EFR32BG13P\GCC\libbluetooth.a(ll_hci.c.obj)
                0x0001213a                ll_hciHandleACL
 *fill*         0x0001217a        0x2 
 .text.ll_hciHandleMessage
                0x0001217c       0x3c C:\Users\satya\SimplicityStudio\v4_workspace\Satya_I2C\protocol\bluetooth\lib\EFR32BG13P\GCC\libbluetooth.a(ll_hci.c.obj)
                0x0001217c                ll_hciHandleMessage
 .text.ll_hciAclPacketReceived
                0x000121b8        0x4 C:\Users\satya\SimplicityStudio\v4_workspace\Satya_I2C\protocol\bluetooth\lib\EFR32BG13P\GCC\libbluetooth.a(ll_hci.c.obj)
                0x000121b8                ll_hciAclPacketReceived
 .text.ll_initPhy
                0x000121bc        0x2 C:\Users\satya\SimplicityStudio\v4_workspace\Satya_I2C\protocol\bluetooth\lib\EFR32BG13P\GCC\libbluetooth.a(ll_hci_phy.c.obj)
                0x000121bc                ll_initPhy
 *fill*         0x000121be        0x2 
 .text.ll_hciSendLePhyUpdateComplete
                0x000121c0       0x4c C:\Users\satya\SimplicityStudio\v4_workspace\Satya_I2C\protocol\bluetooth\lib\EFR32BG13P\GCC\libbluetooth.a(ll_hci_phy.c.obj)
                0x000121c0                ll_hciSendLePhyUpdateComplete
 .text.ll_hciHandleCommandPhy
                0x0001220c      0x108 C:\Users\satya\SimplicityStudio\v4_workspace\Satya_I2C\protocol\bluetooth\lib\EFR32BG13P\GCC\libbluetooth.a(ll_hci_phy.c.obj)
                0x0001220c                ll_hciHandleCommandPhy
 .text.ll_bgbuf_callback
                0x00012314       0x10 C:\Users\satya\SimplicityStudio\v4_workspace\Satya_I2C\protocol\bluetooth\lib\EFR32BG13P\GCC\libbluetooth.a(ll_init.c.obj)
 .text.BTLE_LL_Process
                0x00012324       0xc8 C:\Users\satya\SimplicityStudio\v4_workspace\Satya_I2C\protocol\bluetooth\lib\EFR32BG13P\GCC\libbluetooth.a(ll_init.c.obj)
                0x00012324                BTLE_LL_Process
 .text.ll_initAllocMem
                0x000123ec       0x18 C:\Users\satya\SimplicityStudio\v4_workspace\Satya_I2C\protocol\bluetooth\lib\EFR32BG13P\GCC\libbluetooth.a(ll_init.c.obj)
                0x000123ec                ll_initAllocMem
 .text.BTLE_LL_Init
                0x00012404       0x74 C:\Users\satya\SimplicityStudio\v4_workspace\Satya_I2C\protocol\bluetooth\lib\EFR32BG13P\GCC\libbluetooth.a(ll_init.c.obj)
                0x00012404                BTLE_LL_Init
 .text.BTLE_LL_SetFlags
                0x00012478       0x18 C:\Users\satya\SimplicityStudio\v4_workspace\Satya_I2C\protocol\bluetooth\lib\EFR32BG13P\GCC\libbluetooth.a(ll_init.c.obj)
                0x00012478                BTLE_LL_SetFlags
 .text.BTLE_LL_ClearFlags
                0x00012490       0x18 C:\Users\satya\SimplicityStudio\v4_workspace\Satya_I2C\protocol\bluetooth\lib\EFR32BG13P\GCC\libbluetooth.a(ll_init.c.obj)
                0x00012490                BTLE_LL_ClearFlags
 .text.BTLE_LL_GetFlags
                0x000124a8        0xc C:\Users\satya\SimplicityStudio\v4_workspace\Satya_I2C\protocol\bluetooth\lib\EFR32BG13P\GCC\libbluetooth.a(ll_init.c.obj)
                0x000124a8                BTLE_LL_GetFlags
 .text.BTLE_LL_SetMaxPower